******************************************************************************
               TMS320C6x Linker Unix v8.0.1                    
******************************************************************************
>> Linked Mon Apr 27 16:53:34 2015

OUTPUT FILE NAME:   <core_print.out>
ENTRY POINT SYMBOL: "_c_int00"  address: 0080e900


MEMORY CONFIGURATION

         name            origin    length      used     unused   attr    fill
----------------------  --------  ---------  --------  --------  ----  --------
  L2SRAM                00800000   00100000  0001903e  000e6fc2  RW X
  MSMCSRAM              0c000000   00200000  00000000  00200000  RW X
  DDR3                  80000000   20000000  00000000  20000000  RWIX


SEGMENT ALLOCATION MAP

run origin  load origin   length   init length attrs members
----------  ----------- ---------- ----------- ----- -------
00800000    00800000    0001416a   0001416a    r-x
  00800000    00800000    000119e0   000119e0    r-x .text
  008119e0    008119e0    0000278a   0000278a    r-- .const
00814170    00814170    00004674   00000000    rw-
  00814170    00814170    00002000   00000000    rw- .stack
  00816170    00816170    00001d4c   00000000    rw- .far
  00817ec0    00817ec0    00000924   00000000    rw- .fardata
00818800    00818800    00000200   00000200    r-x
  00818800    00818800    00000200   00000200    r-x .vecs
00818a00    00818a00    00000120   00000000    rw-
  00818a00    00818a00    00000120   00000000    rw- .cio
00818b20    00818b20    00000544   00000544    r--
  00818b20    00818b20    000000a8   000000a8    r-- .switch
  00818bc8    00818bc8    0000049c   0000049c    r-- .cinit


SECTION ALLOCATION MAP

 output                                  attributes/
section   page    origin      length       input sections
--------  ----  ----------  ----------   ----------------
.stack     0    00814170    00002000     UNINITIALIZED
                  00814170    00000008     boot.ae66 : boot.oe66 (.stack)
                  00814178    00001ff8     --HOLE--

.cinit     0    00818bc8    0000049c     
                  00818bc8    00000478     (.cinit..fardata.load) [load image, compression = rle]
                  00819040    0000000c     (__TI_handler_table)
                  0081904c    00000008     (.cinit..far.load) [load image, compression = zero_init]
                  00819054    00000010     (__TI_cinit_table)

.init_array 
*          0    00800000    00000000     UNINITIALIZED

.vecs      0    00818800    00000200     
                  00818800    00000200     core_print_pe66.oe66 (.vecs)

xdc.meta   0    00800000    000000f8     COPY SECTION
                  00800000    000000f8     core_print_pe66.oe66 (xdc.meta)

.text      0    00800000    000119e0     
                  00800000    000008a0     ti.targets.rts6000.ae66 : System.oe66 (.text:xdc_runtime_System_doPrint__I)
                  008008a0    00000780     sysbios.ae66 : BIOS.obj (.text:ti_sysbios_family_c64p_Exception_handler__I)
                  00801020    000006e0                  : BIOS.obj (.text:ti_sysbios_heaps_HeapMem_alloc__E)
                  00801700    00000620                  : BIOS.obj (.text:ti_sysbios_heaps_HeapMem_free__E)
                  00801d20    00000600     rts6600_elf.lib : divd.obj (.text:__c6xabi_divd)
                  00802320    00000600     sysbios.ae66 : BIOS.obj (.text:ti_sysbios_knl_Semaphore_pend__E)
                  00802920    000005e0                  : BIOS.obj (.text:ti_sysbios_knl_Task_Instance_finalize__F)
                  00802f00    000005c0                  : BIOS.obj (.text:ti_sysbios_timers_timer64_Timer_Module_startup__F)
                  008034c0    000005a0     rts6600_elf.lib : _printfi.obj (.text:_setfield)
                  00803a60    00000580                     : _printfi.obj (.text:_getarg_diouxp)
                  00803fe0    000004c0     sysbios.ae66 : BIOS.obj (.text:ti_sysbios_knl_Task_Module_startup__F)
                  008044a0    00000460     rts6600_elf.lib : _printfi.obj (.text:__TI_printfi)
                  00804900    00000400     sysbios.ae66 : BIOS.obj (.text:ti_sysbios_knl_Task_Instance_init__F)
                  00804d00    00000380     rts6600_elf.lib : fputs.obj (.text:fputs)
                  00805080    00000320     sysbios.ae66 : BIOS.obj (.text:ti_sysbios_family_c64p_Hwi_dispatchC__I)
                  008053a0    00000320                  : BIOS.obj (.text:ti_sysbios_knl_Swi_restoreHwi__E)
                  008056c0    00000300     rts6600_elf.lib : _printfi.obj (.text:_pproc_fgea)
                  008059c0    000002e0     sysbios.ae66 : BIOS.obj (.text:ti_sysbios_heaps_HeapMem_Instance_init__F)
                  00805ca0    000002c0     rts6600_elf.lib : _printfi.obj (.text:_pproc_fwp)
                  00805f60    000002c0     sysbios.ae66 : BIOS.obj (.text:ti_sysbios_timers_timer64_Timer_deviceConfig__I)
                  00806220    000002a0     rts6600_elf.lib : _printfi.obj (.text:ecvt)
                  008064c0    000002a0     sysbios.ae66 : BIOS.obj (.text:ti_sysbios_knl_Clock_workFunc__E)
                  00806760    00000280     rts6600_elf.lib : _printfi.obj (.text:fcvt)
                  008069e0    00000280     ti.targets.rts6000.ae66 : Error.oe66 (.text:xdc_runtime_Error_raiseX__F)
                  00806c60    00000260     rts6600_elf.lib : _printfi.obj (.text:_pconv_e)
                  00806ec0    00000260     sysbios.ae66 : BIOS.obj (.text:ti_sysbios_knl_Semaphore_post__E)
                  00807120    00000260     ti.targets.rts6000.ae66 : Startup.oe66 (.text:xdc_runtime_Startup_startMods__I)
                  00807380    00000240     rts6600_elf.lib : imath64.obj (.text:__c6xabi_divull)
                  008075c0    00000240                     : _printfi.obj (.text:_pproc_diouxp)
                  00807800    00000240                     : _printfi.obj (.text:_pproc_str)
                  00807a40    00000240                     : _printfi.obj (.text:acvt)
                  00807c80    00000240                     : setvbuf.obj (.text:setvbuf)
                  00807ec0    00000240     sysbios.ae66 : BIOS.obj (.text:ti_sysbios_family_c64p_Exception_internalHandler__I)
                  00808100    00000240                  : BIOS.obj (.text:ti_sysbios_knl_Task_exit__E)
                  00808340    00000240     ti.targets.rts6000.ae66 : LoggerBuf.oe66 (.text:xdc_runtime_LoggerBuf_write8__F)
                  00808580    00000240     core_print_pe66.oe66 (.text:xdc_runtime_System_printfExtend__I)
                  008087c0    00000220     rts6600_elf.lib : fputc.obj (.text:fputc)
                  008089e0    00000220     sysbios.ae66 : BIOS.obj (.text:ti_sysbios_knl_Swi_run__I)
                  00808c00    00000220                  : BIOS.obj (.text:ti_sysbios_knl_Task_schedule__I)
                  00808e20    00000220     ti.targets.rts6000.ae66 : Core-mem.oe66 (.text:xdc_runtime_Core_createObject__I)
                  00809040    00000200     rts6600_elf.lib : _printfi.obj (.text:_pconv_g)
                  00809240    00000200     sysbios.ae66 : c64p_Hwi_disp_always.obj (.text:_ti_sysbios_family_c64p_Hwi_dispatchAlways)
                  00809440    00000200                  : BIOS.obj (.text:ti_sysbios_knl_Task_postInit__I)
                  00809640    00000200                  : BIOS.obj (.text:ti_sysbios_knl_Task_startCore__E)
                  00809840    000001e0     rts6600_elf.lib : imath40.obj (.text:__c6xabi_divul)
                  00809a20    000001e0     sysbios.ae66 : BIOS.obj (.text:ti_sysbios_gates_GateMutex_enter__E)
                  00809c00    000001e0                  : BIOS.obj (.text:ti_sysbios_knl_Task_checkStacks__E)
                  00809de0    000001c0                  : BIOS.obj (.text:ti_sysbios_timers_timer64_Timer_getFreq__E)
                  00809fa0    000001c0                  : BIOS.obj (.text:ti_sysbios_timers_timer64_Timer_setPeriodMicroSecs__E)
                  0080a160    000001c0     ti.targets.rts6000.ae66 : Text.oe66 (.text:xdc_runtime_Text_putSite__F)
                  0080a320    000001a0     rts6600_elf.lib : trgdrv.obj (.text:HOSTrename)
                  0080a4c0    000001a0                     : _printfi.obj (.text:_pconv_a)
                  0080a660    000001a0                     : frexp.obj (.text:frexp)
                  0080a800    000001a0     sysbios.ae66 : BIOS.obj (.text:ti_sysbios_knl_Swi_schedule__I)
                  0080a9a0    000001a0                  : BIOS.obj (.text:ti_sysbios_knl_Task_unblockI__E)
                  0080ab40    000001a0                  : BIOS.obj (.text:ti_sysbios_timers_timer64_Timer_start__E)
                  0080ace0    000001a0     ti.targets.rts6000.ae66 : LoggerBuf.oe66 (.text:xdc_runtime_LoggerBuf_write4__F)
                  0080ae80    00000180     sysbios.ae66 : c64p_Exception_asm.obj (.text)
                  0080b000    00000160     rts6600_elf.lib : copy_decompress_rle.obj (.text:__TI_decompress_rle_core)
                  0080b160    00000160                     : _printfi.obj (.text:_mcpy)
                  0080b2c0    00000160     sysbios.ae66 : BIOS.obj (.text:ti_sysbios_BIOS_rtsUnlock__I)
                  0080b420    00000140     ti.csl.ae66 : csl_chip.oe66 (.text:CSL_chipReadReg)
                  0080b560    00000140     rts6600_elf.lib : fclose.obj (.text:__TI_closefile)
                  0080b6a0    00000140     boot.ae66 : autoinit.oe66 (.text:_auto_init_elf)
                  0080b7e0    00000140     rts6600_elf.lib : fflush.obj (.text:fflush)
                  0080b920    00000140                     : lowlev.obj (.text:getdevice)
                  0080ba60    00000140                     : ldexp.obj (.text:ldexp)
                  0080bba0    00000140     sysbios.ae66 : BIOS.obj (.text:ti_sysbios_family_c64p_Hwi_Module_startup__F)
                  0080bce0    00000140                  : BIOS.obj (.text:ti_sysbios_knl_Semaphore_Instance_init__F)
                  0080be20    00000140                  : BIOS.obj (.text:ti_sysbios_knl_Swi_post__E)
                  0080bf60    00000140                  : BIOS.obj (.text:ti_sysbios_knl_Task_blockI__E)
                  0080c0a0    00000140     ti.targets.rts6000.ae66 : Text.oe66 (.text:xdc_runtime_Text_putLab__F)
                  0080c1e0    00000120     rts6600_elf.lib : fseek.obj (.text:fseek)
                  0080c300    00000120     sysbios.ae66 : BIOS.obj (.text:ti_sysbios_family_c66_Cache_Module_startup__F)
                  0080c420    00000120     ti.targets.rts6000.ae66 : LoggerBuf.oe66 (.text:xdc_runtime_LoggerBuf_setFilterLevel__F)
                  0080c540    00000120                             : Text.oe66 (.text:xdc_runtime_Text_putMod__F)
                  0080c660    00000100     rts6600_elf.lib : trgdrv.obj (.text:HOSTlseek)
                  0080c760    00000100                     : _io_perm.obj (.text:__TI_wrt_ok)
                  0080c860    00000100                     : _printfi.obj (.text:_ltostr)
                  0080c960    00000100                     : _printfi.obj (.text:_pproc_fflags)
                  0080ca60    00000100                     : atoi.obj (.text:atoi)
                  0080cb60    00000100     main_core_print.obj (.text)
                  0080cc60    00000100     sysbios.ae66 : BIOS.obj (.text:ti_sysbios_timers_timer64_Timer_initDevice__I)
                  0080cd60    00000100     ti.targets.rts6000.ae66 : Core-mem.oe66 (.text:xdc_runtime_Core_deleteObject__I)
                  0080ce60    00000100                             : LoggerBuf.oe66 (.text:xdc_runtime_LoggerBuf_getFilterLevel__F)
                  0080cf60    00000100                             : Startup.oe66 (.text:xdc_runtime_Startup_exec__F)
                  0080d060    00000100                             : Text.oe66 (.text:xdc_runtime_Text_visitRope2__I)
                  0080d160    000000e0     rts6600_elf.lib : trgdrv.obj (.text:HOSTopen)
                  0080d240    000000e0                     : trgdrv.obj (.text:HOSTwrite)
                  0080d320    000000e0                     : dtor_list.obj (.text:__cxa_finalize)
                  0080d400    000000e0                     : _printfi.obj (.text:_div)
                  0080d4e0    000000e0                     : lowlev.obj (.text:close)
                  0080d5c0    000000e0                     : copy_zero_init.obj (.text:decompress:ZI:__TI_zero_init)
                  0080d6a0    000000e0                     : ltoa.obj (.text:ltoa)
                  0080d780    000000e0                     : memset.obj (.text:memset)
                  0080d860    000000e0                     : printf.obj (.text:printf)
                  0080d940    000000e0     sysbios.ae66 : BIOS.obj (.text:ti_sysbios_timers_timer64_Timer_startup__E)
                  0080da20    000000e0     ti.targets.rts6000.ae66 : Error.oe66 (.text:xdc_runtime_Error_print__F)
                  0080db00    000000e0                             : Memory.oe66 (.text:xdc_runtime_Memory_alloc__F)
                  0080dbe0    000000c0     rts6600_elf.lib : trgdrv.obj (.text:HOSTread)
                  0080dca0    000000c0                     : trgdrv.obj (.text:HOSTunlink)
                  0080dd60    000000c0                     : dtor_list.obj (.text:_Z11__TI_atexitPFYvPvES_S_)
                  0080de20    000000c0                     : fflush.obj (.text:__TI_doflush)
                  0080dee0    000000c0                     : divu.obj (.text:__divu)
                  0080dfa0    000000c0                     : _printfi.obj (.text:_ecpy)
                  0080e060    000000c0                     : exit.obj (.text:exit)
                  0080e120    000000c0     sysbios.ae66 : BIOS.obj (.text:ti_sysbios_BIOS_errorRaiseHook__I)
                  0080e1e0    000000c0                  : BIOS.obj (.text:ti_sysbios_heaps_HeapMem_getStats__E)
                  0080e2a0    000000c0                  : BIOS.obj (.text:ti_sysbios_knl_Clock_logTick__E)
                  0080e360    000000c0     core_print_pe66.oe66 (.text:ti_sysbios_knl_Task_Object__create__S)
                  0080e420    000000c0     sysbios.ae66 : BIOS.obj (.text:ti_sysbios_knl_Task_allBlockedFunction__I)
                  0080e4e0    000000c0     ti.targets.rts6000.ae66 : LoggerBuf.oe66 (.text:xdc_runtime_LoggerBuf_Instance_init__F)
                  0080e5a0    000000c0     core_print_pe66.oe66 (.text:xdc_runtime_LoggerBuf_Object__create__S)
                  0080e660    000000c0     ti.targets.rts6000.ae66 : System.oe66 (.text:xdc_runtime_System_formatNum__I)
                  0080e720    000000a0     rts6600_elf.lib : trgdrv.obj (.text:HOSTclose)
                  0080e7c0    000000a0                     : fopen.obj (.text:__TI_cleanup)
                  0080e860    000000a0                     : remu.obj (.text:__remu)
                  0080e900    000000a0     boot.ae66 : boot.oe66 (.text:_c_int00)
                  0080e9a0    000000a0     rts6600_elf.lib : _printfi.obj (.text:_fcpy)
                  0080ea40    000000a0                     : _printfi.obj (.text:_pconv_f)
                  0080eae0    000000a0                     : memcpy64.obj (.text:memcpy)
                  0080eb80    000000a0     sysbios.ae66 : BIOS.obj (.text:ti_sysbios_family_c64p_Exception_Module_startup__F)
                  0080ec20    000000a0                  : BIOS.obj (.text:ti_sysbios_family_c64p_Hwi_getStackInfo__E)
                  0080ecc0    000000a0                  : BIOS.obj (.text:ti_sysbios_heaps_HeapMem_init__I)
                  0080ed60    000000a0                  : BIOS.obj (.text:ti_sysbios_knl_Idle_run__E)
                  0080ee00    000000a0                  : BIOS.obj (.text:ti_sysbios_knl_Semaphore_pendTimeout__I)
                  0080eea0    000000a0                  : BIOS.obj (.text:ti_sysbios_timers_timer64_Timer_stop__E)
                  0080ef40    000000a0     ti.targets.rts6000.ae66 : Assert.oe66 (.text:xdc_runtime_Assert_raise__I)
                  0080efe0    000000a0                             : LoggerBuf.oe66 (.text:xdc_runtime_LoggerBuf_Module_startup__F)
                  0080f080    000000a0                             : Text.oe66 (.text:xdc_runtime_Text_xprintf__I)
                  0080f120    00000080     rts6600_elf.lib : trgmsg.obj (.text:__TI_readmsg)
                  0080f1a0    00000080                     : trgmsg.obj (.text:__TI_writemsg)
                  0080f220    00000080                     : llshift.obj (.text:__c6xabi_llshl)
                  0080f2a0    00000080     sysbios.ae66 : c62_TaskSupport_asm.obj (.text:_ti_sysbios_family_c62_TaskSupport_swap__E)
                  0080f320    00000080     rts6600_elf.lib : lowlev.obj (.text:finddevice)
                  0080f3a0    00000080                     : _printfi.obj (.text:incr_hex)
                  0080f420    00000080     core_print_pe66.oe66 (.text:ti_sysbios_BIOS_exitFunc__I)
                  0080f4a0    00000080     sysbios.ae66 : BIOS.obj (.text:ti_sysbios_BIOS_exit__E)
                  0080f520    00000080                  : BIOS.obj (.text:ti_sysbios_BIOS_registerRTSLock__I)
                  0080f5a0    00000080                  : BIOS.obj (.text:ti_sysbios_family_c62_TaskSupport_start__E)
                  0080f620    00000080     core_print_pe66.oe66 (.text:ti_sysbios_gates_GateHwi_Object__create__S)
                  0080f6a0    00000080     core_print_pe66.oe66 (.text:ti_sysbios_gates_GateMutex_Object__create__S)
                  0080f720    00000080     sysbios.ae66 : BIOS.obj (.text:ti_sysbios_hal_Hwi_checkStack:ti_sysbios_hal_Hwi_checkStack)
                  0080f7a0    00000080                  : BIOS.obj (.text:ti_sysbios_hal_Hwi_initStack:ti_sysbios_hal_Hwi_initStack)
                  0080f820    00000080     core_print_pe66.oe66 (.text:ti_sysbios_heaps_HeapMem_Object__create__S)
                  0080f8a0    00000080     sysbios.ae66 : BIOS.obj (.text:ti_sysbios_knl_Clock_Module_startup__F)
                  0080f920    00000080     core_print_pe66.oe66 (.text:ti_sysbios_knl_Clock_doTick__I)
                  0080f9a0    00000080     core_print_pe66.oe66 (.text:ti_sysbios_knl_Queue_Object__create__S)
                  0080fa20    00000080     core_print_pe66.oe66 (.text:ti_sysbios_knl_Semaphore_Object__create__S)
                  0080faa0    00000080     sysbios.ae66 : BIOS.obj (.text:ti_sysbios_knl_Swi_startup__E)
                  0080fb20    00000080                  : BIOS.obj (.text:ti_sysbios_knl_Task_restore__E)
                  0080fba0    00000080                  : BIOS.obj (.text:ti_sysbios_timers_timer64_Timer_getPeriod__E)
                  0080fc20    00000080     rts6600_elf.lib : lowlev.obj (.text:unlink)
                  0080fca0    00000080     ti.targets.rts6000.ae66 : Core-label.oe66 (.text:xdc_runtime_Core_assignLabel__I)
                  0080fd20    00000080                             : Core-params.oe66 (.text:xdc_runtime_Core_assignParams__I)
                  0080fda0    00000080                             : LoggerBuf.oe66 (.text:xdc_runtime_LoggerBuf_filterOutEvent__I)
                  0080fe20    00000080                             : System.oe66 (.text:xdc_runtime_System_atexit__F)
                  0080fea0    00000080                             : System.oe66 (.text:xdc_runtime_System_putchar__I)
                  0080ff20    00000080                             : System.oe66 (.text:xdc_runtime_System_rtsExit__I)
                  0080ffa0    00000080                             : Text.oe66 (.text:xdc_runtime_Text_printVisFxn__I)
                  00810020    00000060     rts6600_elf.lib : frcmpyd_div.obj (.text:__TI_frcmpyd_div)
                  00810080    00000060                     : llshift.obj (.text:__c6xabi_llshru)
                  008100e0    00000060                     : imath64.obj (.text:_subcull)
                  00810140    00000060                     : lowlev.obj (.text:lseek)
                  008101a0    00000060     core_print_pe66.oe66 (.text:malloc)
                  00810200    00000060     rts6600_elf.lib : memccpy.obj (.text:memccpy)
                  00810260    00000060     sysbios.ae66 : BIOS.obj (.text:ti_sysbios_gates_GateMutex_Instance_init__F)
                  008102c0    00000060     core_print_pe66.oe66 (.text:ti_sysbios_gates_GateMutex_Object__delete__S)
                  00810320    00000060     sysbios.ae66 : BIOS.obj (.text:ti_sysbios_knl_Swi_Module_startup__F)
                  00810380    00000060                  : BIOS.obj (.text:ti_sysbios_knl_Task_enter__I)
                  008103e0    00000060     rts6600_elf.lib : _printfi.obj (.text:val_hex)
                  00810440    00000060                     : lowlev.obj (.text:write)
                  008104a0    00000060     core_print_pe66.oe66 (.text:xdc_runtime_LoggerBuf_Object__delete__S)
                  00810500    00000060     ti.targets.rts6000.ae66 : Memory.oe66 (.text:xdc_runtime_Memory_calloc__F)
                  00810560    00000060                             : SysMin.oe66 (.text:xdc_runtime_SysMin_Module_startup__F)
                  008105c0    00000060                             : SysStd.oe66 (.text:xdc_runtime_SysStd_abort__F)
                  00810620    00000060                             : System.oe66 (.text:xdc_runtime_System_avprintf__F)
                  00810680    00000060                             : System.oe66 (.text:xdc_runtime_System_vprintf__F)
                  008106e0    00000060                             : Text.oe66 (.text:xdc_runtime_Text_cordText__F)
                  00810740    00000040     rts6600_elf.lib : isinf.obj (.text:__c6xabi_isinf)
                  00810780    00000040                     : _printfi.obj (.text:__c6xabi_isnan)
                  008107c0    00000040                     : args_main.obj (.text:_args_main)
                  00810800    00000040     sysbios.ae66 : c62_TaskSupport_asm.obj (.text:_ti_sysbios_family_c62_TaskSupport_buildTaskStack)
                  00810840    00000040                  : c64p_Hwi_asm_switch.obj (.text:_ti_sysbios_family_xxx_Hwi_switchToIsrStack)
                  00810880    00000040     core_print_pe66.oe66 (.text:free)
                  008108c0    00000040     sysbios.ae66 : BIOS.obj (.text:ti_sysbios_BIOS_rtsLock__I)
                  00810900    00000040     core_print_pe66.oe66 (.text:ti_sysbios_BIOS_startFunc__I)
                  00810940    00000040     sysbios.ae66 : BIOS.obj (.text:ti_sysbios_family_c64p_Hwi_disableInterrupt__E)
                  00810980    00000040                  : BIOS.obj (.text:ti_sysbios_family_c64p_Hwi_enableInterrupt__E)
                  008109c0    00000040     core_print_pe66.oe66 (.text:ti_sysbios_gates_GateHwi_Handle__label__S)
                  00810a00    00000040     core_print_pe66.oe66 (.text:ti_sysbios_gates_GateHwi_Object__delete__S)
                  00810a40    00000040     core_print_pe66.oe66 (.text:ti_sysbios_gates_GateMutex_Handle__label__S)
                  00810a80    00000040     sysbios.ae66 : BIOS.obj (.text:ti_sysbios_gates_GateMutex_leave__E)
                  00810ac0    00000040     core_print_pe66.oe66 (.text:ti_sysbios_heaps_HeapMem_Handle__label__S)
                  00810b00    00000040     core_print_pe66.oe66 (.text:ti_sysbios_heaps_HeapMem_Object__delete__S)
                  00810b40    00000040     core_print_pe66.oe66 (.text:ti_sysbios_heaps_HeapMem_Object__get__S)
                  00810b80    00000040     core_print_pe66.oe66 (.text:ti_sysbios_knl_Semaphore_Object__destruct__S)
                  00810bc0    00000040     core_print_pe66.oe66 (.text:ti_sysbios_knl_Swi_Object__get__S)
                  00810c00    00000040     core_print_pe66.oe66 (.text:ti_sysbios_knl_Task_Object__get__S)
                  00810c40    00000040     ti.targets.rts6000.ae66 : Error.oe66 (.text:xdc_runtime_Error_check__F)
                  00810c80    00000040                             : Error.oe66 (.text:xdc_runtime_Error_init__F)
                  00810cc0    00000040                             : Gate.oe66 (.text:xdc_runtime_Gate_leaveSystem__F)
                  00810d00    00000040     core_print_pe66.oe66 (.text:xdc_runtime_LoggerBuf_Handle__label__S)
                  00810d40    00000040     ti.targets.rts6000.ae66 : LoggerBuf.oe66 (.text:xdc_runtime_LoggerBuf_Instance_finalize__F)
                  00810d80    00000040     core_print_pe66.oe66 (.text:xdc_runtime_LoggerBuf_Object__get__S)
                  00810dc0    00000040     ti.targets.rts6000.ae66 : LoggerBuf.oe66 (.text:xdc_runtime_LoggerBuf_write0__F)
                  00810e00    00000040                             : LoggerBuf.oe66 (.text:xdc_runtime_LoggerBuf_write1__F)
                  00810e40    00000040                             : LoggerBuf.oe66 (.text:xdc_runtime_LoggerBuf_write2__F)
                  00810e80    00000040                             : Memory.oe66 (.text:xdc_runtime_Memory_free__F)
                  00810ec0    00000040                             : Registry.oe66 (.text:xdc_runtime_Registry_findById__F)
                  00810f00    00000040                             : System.oe66 (.text:xdc_runtime_System_abort__F)
                  00810f40    00000040     core_print_pe66.oe66 (.text:xdc_runtime_System_aprintf__E)
                  00810f80    00000040     core_print_pe66.oe66 (.text:xdc_runtime_System_printf__E)
                  00810fc0    00000040     ti.targets.rts6000.ae66 : Text.oe66 (.text:xdc_runtime_Text_ropeText__F)
                  00811000    00000020     rts6600_elf.lib : errno.obj (.text:__c6xabi_errno_addr)
                  00811020    00000020                     : dtor_list.obj (.text:__cxa_atexit)
                  00811040    00000020                     : dtor_list.obj (.text:__cxa_ia64_exit)
                  00811060    00000020     ti.targets.rts6000.ae66 : xdc_noinit.oe66 (.text:__xdc__init)
                  00811080    00000020     rts6600_elf.lib : _lock.obj (.text:_nop)
                  008110a0    00000020                     : printf.obj (.text:_outc)
                  008110c0    00000020                     : printf.obj (.text:_outs)
                  008110e0    00000020                     : _lock.obj (.text:_register_lock)
                  00811100    00000020                     : _lock.obj (.text:_register_unlock)
                  00811120    00000020     sysbios.ae66 : c62_TaskSupport_asm.obj (.text:_ti_sysbios_family_c62_TaskSupport_glue)
                  00811140    00000020                  : c64p_Hwi_asm_switch.obj (.text:_ti_sysbios_family_xxx_Hwi_switchToTaskStack)
                  00811160    00000020     rts6600_elf.lib : exit.obj (.text:abort)
                  00811180    00000020                     : dtor_list.obj (.text:atexit)
                  008111a0    00000020                     : copy_decompress_none.obj (.text:decompress:none:__TI_decompress_none)
                  008111c0    00000020                     : copy_decompress_rle.obj (.text:decompress:rle24:__TI_decompress_rle24)
                  008111e0    00000020                     : fputc.obj (.text:putc)
                  00811200    00000020                     : fputc.obj (.text:putchar)
                  00811220    00000020     core_print_pe66.oe66 (.text:ti_sysbios_BIOS_RtsGateProxy_enter__E)
                  00811240    00000020     core_print_pe66.oe66 (.text:ti_sysbios_BIOS_RtsGateProxy_leave__E)
                  00811260    00000020     sysbios.ae66 : BIOS.obj (.text:ti_sysbios_BIOS_nullFunc__I)
                  00811280    00000020                  : BIOS.obj (.text:ti_sysbios_BIOS_setThreadType__E)
                  008112a0    00000020                  : BIOS.obj (.text:ti_sysbios_BIOS_start__E)
                  008112c0    00000020     core_print_pe66.oe66 (.text:ti_sysbios_family_c62_TaskSupport_Module__startupDone__S)
                  008112e0    00000020     sysbios.ae66 : BIOS.obj (.text:ti_sysbios_family_c62_TaskSupport_checkStack__E)
                  00811300    00000020                  : BIOS.obj (.text:ti_sysbios_family_c62_TaskSupport_getStackAlignment__E)
                  00811320    00000020     core_print_pe66.oe66 (.text:ti_sysbios_family_c64p_Hwi_Module__startupDone__F)
                  00811340    00000020     sysbios.ae66 : BIOS.obj (.text:ti_sysbios_family_c64p_Hwi_clearInterrupt__E)
                  00811360    00000020                  : BIOS.obj (.text:ti_sysbios_family_c64p_Hwi_startup__E)
                  00811380    00000020                  : BIOS.obj (.text:ti_sysbios_family_c64p_Hwi_switchFromBootStack__E)
                  008113a0    00000020                  : BIOS.obj (.text:ti_sysbios_family_c64p_TimestampProvider_Module_startup__F)
                  008113c0    00000020                  : BIOS.obj (.text:ti_sysbios_family_c64p_TimestampProvider_get64__E)
                  008113e0    00000020                  : BIOS.obj (.text:ti_sysbios_family_c64p_tci6488_TimerSupport_enable__E)
                  00811400    00000020                  : BIOS.obj (.text:ti_sysbios_gates_GateHwi_Instance_init__F)
                  00811420    00000020                  : BIOS.obj (.text:ti_sysbios_gates_GateHwi_enter__E)
                  00811440    00000020                  : BIOS.obj (.text:ti_sysbios_gates_GateHwi_leave__E)
                  00811460    00000020                  : BIOS.obj (.text:ti_sysbios_gates_GateHwi_query__F)
                  00811480    00000020                  : BIOS.obj (.text:ti_sysbios_gates_GateMutex_Instance_finalize__F)
                  008114a0    00000020                  : BIOS.obj (.text:ti_sysbios_gates_GateMutex_query__F)
                  008114c0    00000020     core_print_pe66.oe66 (.text:ti_sysbios_hal_Hwi_HwiProxy_Module__startupDone__S)
                  008114e0    00000020     sysbios.ae66 : BIOS.obj (.text:ti_sysbios_hal_Hwi_Module_startup__F)
                  00811500    00000020     core_print_pe66.oe66 (.text:ti_sysbios_hal_Timer_Module__startupDone__F)
                  00811520    00000020     sysbios.ae66 : BIOS.obj (.text:ti_sysbios_hal_Timer_Module_startup__F)
                  00811540    00000020     core_print_pe66.oe66 (.text:ti_sysbios_hal_Timer_TimerProxy_Module__startupDone__S)
                  00811560    00000020     core_print_pe66.oe66 (.text:ti_sysbios_hal_Timer_TimerProxy_getPeriod__E)
                  00811580    00000020     core_print_pe66.oe66 (.text:ti_sysbios_heaps_HeapMem_Module_GateProxy_enter__E)
                  008115a0    00000020     core_print_pe66.oe66 (.text:ti_sysbios_heaps_HeapMem_Module_GateProxy_leave__E)
                  008115c0    00000020     sysbios.ae66 : BIOS.obj (.text:ti_sysbios_heaps_HeapMem_isBlocking__E)
                  008115e0    00000020                  : BIOS.obj (.text:ti_sysbios_knl_Idle_loop__E)
                  00811600    00000020                  : BIOS.obj (.text:ti_sysbios_knl_Queue_Instance_init__F)
                  00811620    00000020     core_print_pe66.oe66 (.text:ti_sysbios_knl_Queue_Object__destruct__S)
                  00811640    00000020     core_print_pe66.oe66 (.text:ti_sysbios_knl_Queue_Object__get__S)
                  00811660    00000020     sysbios.ae66 : BIOS.obj (.text:ti_sysbios_knl_Queue_empty__E)
                  00811680    00000020                  : BIOS.obj (.text:ti_sysbios_knl_Semaphore_Instance_finalize__F)
                  008116a0    00000020                  : BIOS.obj (.text:ti_sysbios_knl_Swi_disable__E)
                  008116c0    00000020     core_print_pe66.oe66 (.text:ti_sysbios_knl_Task_SupportProxy_Module__startupDone__S)
                  008116e0    00000020     sysbios.ae66 : BIOS.obj (.text:ti_sysbios_knl_Task_disable__E)
                  00811700    00000020                  : BIOS.obj (.text:ti_sysbios_knl_Task_startup__E)
                  00811720    00000020     core_print_pe66.oe66 (.text:ti_sysbios_timers_timer64_Timer_Module__startupDone__F)
                  00811740    00000020     ti.targets.rts6000.ae66 : Gate.oe66 (.text:xdc_runtime_Gate_enterSystem__F)
                  00811760    00000020     core_print_pe66.oe66 (.text:xdc_runtime_IHeap_alloc)
                  00811780    00000020     core_print_pe66.oe66 (.text:xdc_runtime_IHeap_free)
                  008117a0    00000020     core_print_pe66.oe66 (.text:xdc_runtime_LoggerBuf_Module_GateProxy_enter__E)
                  008117c0    00000020     core_print_pe66.oe66 (.text:xdc_runtime_LoggerBuf_Module_GateProxy_leave__E)
                  008117e0    00000020     ti.targets.rts6000.ae66 : LoggerBuf.oe66 (.text:xdc_runtime_LoggerBuf_disable__F)
                  00811800    00000020                             : LoggerBuf.oe66 (.text:xdc_runtime_LoggerBuf_enable__F)
                  00811820    00000020     core_print_pe66.oe66 (.text:xdc_runtime_Memory_HeapProxy_alloc__E)
                  00811840    00000020     core_print_pe66.oe66 (.text:xdc_runtime_Memory_HeapProxy_free__E)
                  00811860    00000020     core_print_pe66.oe66 (.text:xdc_runtime_Startup_exec__I)
                  00811880    00000020     core_print_pe66.oe66 (.text:xdc_runtime_Startup_reset__I)
                  008118a0    00000020     ti.targets.rts6000.ae66 : SysStd.oe66 (.text:xdc_runtime_SysStd_exit__F)
                  008118c0    00000020                             : SysStd.oe66 (.text:xdc_runtime_SysStd_putch__F)
                  008118e0    00000020                             : SysStd.oe66 (.text:xdc_runtime_SysStd_ready__F)
                  00811900    00000020     core_print_pe66.oe66 (.text:xdc_runtime_System_Module_GateProxy_enter__E)
                  00811920    00000020     core_print_pe66.oe66 (.text:xdc_runtime_System_Module_GateProxy_leave__E)
                  00811940    00000020     ti.targets.rts6000.ae66 : System.oe66 (.text:xdc_runtime_System_Module_startup__F)
                  00811960    00000020                             : System.oe66 (.text:xdc_runtime_System_exit__F)
                  00811980    00000020                             : System.oe66 (.text:xdc_runtime_System_lastFxn__I)
                  008119a0    00000020                             : System.oe66 (.text:xdc_runtime_System_vsnprintf__F)
                  008119c0    00000020     core_print_pe66.oe66 (.text:xdc_runtime_Text_visitRope__I)

.const     0    008119e0    0000278a     
                  008119e0    000015a2     core_print_pe66.oe66 (.const:xdc_runtime_Text_charTab__A)
                  00812f82    00000002     core_print_pe66.oe66 (.const:ti_sysbios_BIOS_Module__id__C)
                  00812f84    000004e4     sysbios.ae66 : BIOS.obj (.const:.string)
                  00813468    00000400     core_print_pe66.oe66 (.const:ti_sysbios_family_c66_Cache_marvalues__C)
                  00813868    00000101     rts6600_elf.lib : ctype.obj (.const:.string:_ctypes_)
                  00813969    00000001     --HOLE-- [fill = 0]
                  0081396a    00000002     core_print_pe66.oe66 (.const:ti_sysbios_family_c64p_Exception_Module__id__C)
                  0081396c    00000004     ti.targets.rts6000.ae66 : Assert.oe66 (.const:.string)
                  00813970    000000cc     core_print_pe66.oe66 (.const:xdc_runtime_Text_nodeTab__A)
                  00813a3c    00000058     main_core_print.obj (.const:.string)
                  00813a94    00000058     ti.targets.rts6000.ae66 : Error.oe66 (.const:.string)
                  00813aec    00000048     core_print_pe66.oe66 (.const:.string)
                  00813b34    00000040     ti.targets.rts6000.ae66 : Text.oe66 (.const:.string)
                  00813b74    0000003c     core_print_pe66.oe66 (.const:ti_sysbios_knl_Task_Object__PARAMS__C)
                  00813bb0    0000003c     core_print_pe66.oe66 (.const:xdc_runtime_LoggerBuf_Module__FXNS__C)
                  00813bec    00000004     core_print_pe66.oe66 (.const:ti_sysbios_BIOS_Module__diagsEnabled__C)
                  00813bf0    00000034     core_print_pe66.oe66 (.const:xdc_runtime_Startup_sfxnTab__A)
                  00813c24    0000002c     ti.targets.rts6000.ae66 : Startup.oe66 (.const:.string)
                  00813c50    00000028     core_print_pe66.oe66 (.const:ti_sysbios_heaps_HeapMem_Module__FXNS__C)
                  00813c78    00000028     core_print_pe66.oe66 (.const:xdc_runtime_LoggerBuf_Object__PARAMS__C)
                  00813ca0    00000024     rts6600_elf.lib : _printfi.obj (.const:.string)
                  00813cc4    00000024     core_print_pe66.oe66 (.const:ti_sysbios_gates_GateHwi_Module__FXNS__C)
                  00813ce8    00000024     core_print_pe66.oe66 (.const:ti_sysbios_gates_GateMutex_Module__FXNS__C)
                  00813d0c    00000024     core_print_pe66.oe66 (.const:ti_sysbios_heaps_HeapMem_Object__PARAMS__C)
                  00813d30    00000024     core_print_pe66.oe66 (.const:ti_sysbios_knl_Semaphore_Object__PARAMS__C)
                  00813d54    00000020     core_print_pe66.oe66 (.const:ti_sysbios_gates_GateHwi_Object__DESC__C)
                  00813d74    00000020     core_print_pe66.oe66 (.const:ti_sysbios_gates_GateMutex_Object__DESC__C)
                  00813d94    00000020     core_print_pe66.oe66 (.const:ti_sysbios_heaps_HeapMem_Object__DESC__C)
                  00813db4    00000020     core_print_pe66.oe66 (.const:ti_sysbios_knl_Queue_Object__DESC__C)
                  00813dd4    00000020     core_print_pe66.oe66 (.const:ti_sysbios_knl_Semaphore_Object__DESC__C)
                  00813df4    00000020     core_print_pe66.oe66 (.const:ti_sysbios_knl_Task_Object__DESC__C)
                  00813e14    00000020     core_print_pe66.oe66 (.const:xdc_runtime_LoggerBuf_Object__DESC__C)
                  00813e34    00000004     core_print_pe66.oe66 (.const:ti_sysbios_BIOS_Module__diagsIncluded__C)
                  00813e38    0000001a     core_print_pe66.oe66 (.const:xdc_runtime_Startup_sfxnRts__A)
                  00813e52    00000002     core_print_pe66.oe66 (.const:ti_sysbios_family_c64p_Exception_useInternalBuffer__C)
                  00813e54    00000018     core_print_pe66.oe66 (.const:ti_sysbios_gates_GateHwi_Object__PARAMS__C)
                  00813e6c    00000018     core_print_pe66.oe66 (.const:ti_sysbios_gates_GateMutex_Object__PARAMS__C)
                  00813e84    00000018     core_print_pe66.oe66 (.const:ti_sysbios_knl_Queue_Object__PARAMS__C)
                  00813e9c    00000004     core_print_pe66.oe66 (.const:ti_sysbios_BIOS_Module__diagsMask__C)
                  00813ea0    00000018     core_print_pe66.oe66 (.const:ti_sysbios_knl_Task_hooks__A)
                  00813eb8    00000008     ti.targets.rts6000.ae66 : System.oe66 (.const:.string)
                  00813ec0    00000011                             : System.oe66 (.const:digtohex)
                  00813ed1    00000001     --HOLE-- [fill = 0]
                  00813ed2    00000002     core_print_pe66.oe66 (.const:ti_sysbios_family_c64p_Hwi_Module__id__C)
                  00813ed4    0000000c     core_print_pe66.oe66 (.const:ti_sysbios_family_c66_Cache_initSize__C)
                  00813ee0    00000008     core_print_pe66.oe66 (.const:ti_sysbios_knl_Idle_coreList__C)
                  00813ee8    00000008     core_print_pe66.oe66 (.const:ti_sysbios_knl_Idle_funcList__C)
                  00813ef0    00000008     core_print_pe66.oe66 (.const:ti_sysbios_knl_Task_hooks__C)
                  00813ef8    00000008     core_print_pe66.oe66 (.const:xdc_runtime_Startup_firstFxns__A)
                  00813f00    00000008     core_print_pe66.oe66 (.const:xdc_runtime_Startup_firstFxns__C)
                  00813f08    00000008     core_print_pe66.oe66 (.const:xdc_runtime_Startup_lastFxns__C)
                  00813f10    00000004     core_print_pe66.oe66 (.const:ti_sysbios_BIOS_installedErrorHook__C)
                  00813f14    00000004     core_print_pe66.oe66 (.const:ti_sysbios_family_c62_TaskSupport_stackAlignment__C)
                  00813f18    00000004     core_print_pe66.oe66 (.const:ti_sysbios_family_c64p_Exception_E_exceptionMin__C)
                  00813f1c    00000004     core_print_pe66.oe66 (.const:ti_sysbios_family_c64p_Exception_exceptionHook__C)
                  00813f20    00000004     core_print_pe66.oe66 (.const:ti_sysbios_family_c64p_Exception_externalHook__C)
                  00813f24    00000004     core_print_pe66.oe66 (.const:ti_sysbios_family_c64p_Exception_internalHook__C)
                  00813f28    00000004     core_print_pe66.oe66 (.const:ti_sysbios_family_c64p_Exception_nmiHook__C)
                  00813f2c    00000004     core_print_pe66.oe66 (.const:ti_sysbios_family_c64p_Hwi_LD_end__C)
                  00813f30    00000004     core_print_pe66.oe66 (.const:ti_sysbios_family_c64p_Hwi_LM_begin__C)
                  00813f34    00000004     core_print_pe66.oe66 (.const:ti_sysbios_family_c64p_Hwi_Module__diagsEnabled__C)
                  00813f38    00000004     core_print_pe66.oe66 (.const:ti_sysbios_family_c64p_Hwi_Module__diagsIncluded__C)
                  00813f3c    00000004     core_print_pe66.oe66 (.const:ti_sysbios_family_c64p_Hwi_Module__diagsMask__C)
                  00813f40    00000004     core_print_pe66.oe66 (.const:ti_sysbios_family_c64p_Hwi_Module__loggerFxn1__C)
                  00813f44    00000004     core_print_pe66.oe66 (.const:ti_sysbios_family_c64p_Hwi_Module__loggerFxn8__C)
                  00813f48    00000004     core_print_pe66.oe66 (.const:ti_sysbios_family_c64p_Hwi_Module__loggerObj__C)
                  00813f4c    00000004     core_print_pe66.oe66 (.const:ti_sysbios_gates_GateMutex_A_badContext__C)
                  00813f50    00000004     core_print_pe66.oe66 (.const:ti_sysbios_gates_GateMutex_Instance_State_sem__O)
                  00813f54    00000004     core_print_pe66.oe66 (.const:ti_sysbios_gates_GateMutex_Module__diagsEnabled__C)
                  00813f58    00000004     core_print_pe66.oe66 (.const:ti_sysbios_gates_GateMutex_Module__diagsIncluded__C)
                  00813f5c    00000004     core_print_pe66.oe66 (.const:ti_sysbios_gates_GateMutex_Module__diagsMask__C)
                  00813f60    00000004     core_print_pe66.oe66 (.const:ti_sysbios_hal_Hwi_E_stackOverflow__C)
                  00813f64    00000004     core_print_pe66.oe66 (.const:ti_sysbios_heaps_HeapMem_A_align__C)
                  00813f68    00000004     core_print_pe66.oe66 (.const:ti_sysbios_heaps_HeapMem_A_heapSize__C)
                  00813f6c    00000004     core_print_pe66.oe66 (.const:ti_sysbios_heaps_HeapMem_A_invalidFree__C)
                  00813f70    00000004     core_print_pe66.oe66 (.const:ti_sysbios_heaps_HeapMem_A_zeroBlock__C)
                  00813f74    00000004     core_print_pe66.oe66 (.const:ti_sysbios_heaps_HeapMem_E_memory__C)
                  00813f78    00000004     core_print_pe66.oe66 (.const:ti_sysbios_heaps_HeapMem_Module__diagsEnabled__C)
                  00813f7c    00000004     core_print_pe66.oe66 (.const:ti_sysbios_heaps_HeapMem_Module__diagsIncluded__C)
                  00813f80    00000004     core_print_pe66.oe66 (.const:ti_sysbios_heaps_HeapMem_Module__diagsMask__C)
                  00813f84    00000004     core_print_pe66.oe66 (.const:ti_sysbios_heaps_HeapMem_Module__gateObj__C)
                  00813f88    00000004     core_print_pe66.oe66 (.const:ti_sysbios_heaps_HeapMem_Object__count__C)
                  00813f8c    00000004     core_print_pe66.oe66 (.const:ti_sysbios_heaps_HeapMem_reqAlign__C)
                  00813f90    00000004     core_print_pe66.oe66 (.const:ti_sysbios_knl_Clock_LM_begin__C)
                  00813f94    00000004     core_print_pe66.oe66 (.const:ti_sysbios_knl_Clock_LM_tick__C)
                  00813f98    00000004     core_print_pe66.oe66 (.const:ti_sysbios_knl_Clock_LW_delayed__C)
                  00813f9c    00000004     core_print_pe66.oe66 (.const:ti_sysbios_knl_Clock_Module_State_clockQ__O)
                  00813fa0    00000004     core_print_pe66.oe66 (.const:ti_sysbios_knl_Clock_Module__diagsEnabled__C)
                  00813fa4    00000004     core_print_pe66.oe66 (.const:ti_sysbios_knl_Clock_Module__diagsIncluded__C)
                  00813fa8    00000004     core_print_pe66.oe66 (.const:ti_sysbios_knl_Clock_Module__diagsMask__C)
                  00813fac    00000004     core_print_pe66.oe66 (.const:ti_sysbios_knl_Clock_Module__loggerFxn1__C)
                  00813fb0    00000004     core_print_pe66.oe66 (.const:ti_sysbios_knl_Clock_Module__loggerFxn2__C)
                  00813fb4    00000004     core_print_pe66.oe66 (.const:ti_sysbios_knl_Clock_Module__loggerObj__C)
                  00813fb8    00000004     core_print_pe66.oe66 (.const:ti_sysbios_knl_Idle_coreList__A)
                  00813fbc    00000004     core_print_pe66.oe66 (.const:ti_sysbios_knl_Semaphore_A_badContext__C)
                  00813fc0    00000004     core_print_pe66.oe66 (.const:ti_sysbios_knl_Idle_funcList__A)
                  00813fc4    00000004     core_print_pe66.oe66 (.const:ti_sysbios_knl_Semaphore_A_noEvents__C)
                  00813fc8    00000004     core_print_pe66.oe66 (.const:ti_sysbios_knl_Semaphore_A_overflow__C)
                  00813fcc    00000004     core_print_pe66.oe66 (.const:ti_sysbios_knl_Semaphore_A_pendTaskDisabled__C)
                  00813fd0    00000004     core_print_pe66.oe66 (.const:ti_sysbios_knl_Semaphore_Instance_State_pendQ__O)
                  00813fd4    00000004     core_print_pe66.oe66 (.const:ti_sysbios_knl_Semaphore_LM_pend__C)
                  00813fd8    00000004     core_print_pe66.oe66 (.const:ti_sysbios_knl_Semaphore_LM_post__C)
                  00813fdc    00000004     core_print_pe66.oe66 (.const:ti_sysbios_knl_Semaphore_Module__diagsEnabled__C)
                  00813fe0    00000004     core_print_pe66.oe66 (.const:ti_sysbios_knl_Semaphore_Module__diagsIncluded__C)
                  00813fe4    00000004     core_print_pe66.oe66 (.const:ti_sysbios_knl_Semaphore_Module__diagsMask__C)
                  00813fe8    00000004     core_print_pe66.oe66 (.const:ti_sysbios_knl_Semaphore_Module__loggerFxn2__C)
                  00813fec    00000004     core_print_pe66.oe66 (.const:ti_sysbios_knl_Semaphore_Module__loggerFxn4__C)
                  00813ff0    00000004     core_print_pe66.oe66 (.const:ti_sysbios_knl_Semaphore_Module__loggerObj__C)
                  00813ff4    00000004     core_print_pe66.oe66 (.const:ti_sysbios_knl_Swi_LD_end__C)
                  00813ff8    00000004     core_print_pe66.oe66 (.const:ti_sysbios_knl_Swi_LM_begin__C)
                  00813ffc    00000004     core_print_pe66.oe66 (.const:ti_sysbios_knl_Swi_LM_post__C)
                  00814000    00000004     core_print_pe66.oe66 (.const:ti_sysbios_knl_Swi_Module__diagsEnabled__C)
                  00814004    00000004     core_print_pe66.oe66 (.const:ti_sysbios_knl_Swi_Module__diagsIncluded__C)
                  00814008    00000004     core_print_pe66.oe66 (.const:ti_sysbios_knl_Swi_Module__diagsMask__C)
                  0081400c    00000004     core_print_pe66.oe66 (.const:ti_sysbios_knl_Swi_Module__loggerFxn1__C)
                  00814010    00000004     core_print_pe66.oe66 (.const:ti_sysbios_knl_Swi_Module__loggerFxn4__C)
                  00814014    00000004     core_print_pe66.oe66 (.const:ti_sysbios_knl_Swi_Module__loggerObj__C)
                  00814018    00000004     core_print_pe66.oe66 (.const:ti_sysbios_knl_Swi_Object__count__C)
                  0081401c    00000004     core_print_pe66.oe66 (.const:ti_sysbios_knl_Task_A_badPriority__C)
                  00814020    00000004     core_print_pe66.oe66 (.const:ti_sysbios_knl_Task_A_badTaskState__C)
                  00814024    00000004     core_print_pe66.oe66 (.const:ti_sysbios_knl_Task_A_badThreadType__C)
                  00814028    00000004     core_print_pe66.oe66 (.const:ti_sysbios_knl_Task_A_noPendElem__C)
                  0081402c    00000004     core_print_pe66.oe66 (.const:ti_sysbios_knl_Task_E_spOutOfBounds__C)
                  00814030    00000004     core_print_pe66.oe66 (.const:ti_sysbios_knl_Task_E_stackOverflow__C)
                  00814034    00000004     core_print_pe66.oe66 (.const:ti_sysbios_knl_Task_LD_block__C)
                  00814038    00000004     core_print_pe66.oe66 (.const:ti_sysbios_knl_Task_LD_exit__C)
                  0081403c    00000004     core_print_pe66.oe66 (.const:ti_sysbios_knl_Task_LD_ready__C)
                  00814040    00000004     core_print_pe66.oe66 (.const:ti_sysbios_knl_Task_LM_switch__C)
                  00814044    00000004     core_print_pe66.oe66 (.const:ti_sysbios_knl_Task_Module_State_inactiveQ__O)
                  00814048    00000004     core_print_pe66.oe66 (.const:ti_sysbios_knl_Task_Module__diagsEnabled__C)
                  0081404c    00000004     core_print_pe66.oe66 (.const:ti_sysbios_knl_Task_Module__diagsIncluded__C)
                  00814050    00000004     core_print_pe66.oe66 (.const:ti_sysbios_knl_Task_Module__diagsMask__C)
                  00814054    00000004     core_print_pe66.oe66 (.const:ti_sysbios_knl_Task_Module__loggerFxn2__C)
                  00814058    00000004     core_print_pe66.oe66 (.const:ti_sysbios_knl_Task_Module__loggerFxn4__C)
                  0081405c    00000004     core_print_pe66.oe66 (.const:ti_sysbios_knl_Task_Module__loggerObj__C)
                  00814060    00000004     core_print_pe66.oe66 (.const:ti_sysbios_knl_Task_Object__count__C)
                  00814064    00000004     core_print_pe66.oe66 (.const:ti_sysbios_knl_Task_Object__heap__C)
                  00814068    00000004     core_print_pe66.oe66 (.const:ti_sysbios_knl_Task_allBlockedFunc__C)
                  0081406c    00000004     core_print_pe66.oe66 (.const:ti_sysbios_knl_Task_defaultStackHeap__C)
                  00814070    00000004     core_print_pe66.oe66 (.const:ti_sysbios_knl_Task_defaultStackSize__C)
                  00814074    00000004     core_print_pe66.oe66 (.const:ti_sysbios_knl_Task_numConstructedTasks__C)
                  00814078    00000004     core_print_pe66.oe66 (.const:ti_sysbios_timers_timer64_Timer_A_notAvailable__C)
                  0081407c    00000004     core_print_pe66.oe66 (.const:ti_sysbios_timers_timer64_Timer_E_cannotSupport__C)
                  00814080    00000004     core_print_pe66.oe66 (.const:ti_sysbios_timers_timer64_Timer_Module__diagsEnabled__C)
                  00814084    00000004     core_print_pe66.oe66 (.const:ti_sysbios_timers_timer64_Timer_Module__diagsIncluded__C)
                  00814088    00000004     core_print_pe66.oe66 (.const:ti_sysbios_timers_timer64_Timer_Module__diagsMask__C)
                  0081408c    00000004     core_print_pe66.oe66 (.const:ti_sysbios_timers_timer64_Timer_anyMask__C)
                  00814090    00000004     core_print_pe66.oe66 (.const:ti_sysbios_timers_timer64_Timer_freqDivisor__C)
                  00814094    00000004     core_print_pe66.oe66 (.const:ti_sysbios_timers_timer64_Timer_numLocalTimers__C)
                  00814098    00000004     core_print_pe66.oe66 (.const:ti_sysbios_timers_timer64_Timer_numTimerDevices__C)
                  0081409c    00000004     core_print_pe66.oe66 (.const:xdc_runtime_Assert_E_assertFailed__C)
                  008140a0    00000004     core_print_pe66.oe66 (.const:xdc_runtime_Core_A_initializedParams__C)
                  008140a4    00000004     core_print_pe66.oe66 (.const:xdc_runtime_Core_Module__diagsEnabled__C)
                  008140a8    00000004     core_print_pe66.oe66 (.const:xdc_runtime_Core_Module__diagsIncluded__C)
                  008140ac    00000004     core_print_pe66.oe66 (.const:xdc_runtime_Core_Module__diagsMask__C)
                  008140b0    00000004     core_print_pe66.oe66 (.const:xdc_runtime_Error_E_memory__C)
                  008140b4    00000004     core_print_pe66.oe66 (.const:xdc_runtime_Error_Module__diagsEnabled__C)
                  008140b8    00000004     core_print_pe66.oe66 (.const:xdc_runtime_Error_Module__diagsIncluded__C)
                  008140bc    00000004     core_print_pe66.oe66 (.const:xdc_runtime_Error_Module__diagsMask__C)
                  008140c0    00000004     core_print_pe66.oe66 (.const:xdc_runtime_Error_Module__loggerFxn8__C)
                  008140c4    00000004     core_print_pe66.oe66 (.const:xdc_runtime_Error_Module__loggerObj__C)
                  008140c8    00000004     core_print_pe66.oe66 (.const:xdc_runtime_Error_policy__C)
                  008140cc    00000004     core_print_pe66.oe66 (.const:xdc_runtime_Error_raiseHook__C)
                  008140d0    00000004     core_print_pe66.oe66 (.const:xdc_runtime_IFilterLogger_Interface__BASE__C)
                  008140d4    00000004     core_print_pe66.oe66 (.const:xdc_runtime_IGateProvider_Interface__BASE__C)
                  008140d8    00000004     core_print_pe66.oe66 (.const:xdc_runtime_IHeap_Interface__BASE__C)
                  008140dc    00000004     core_print_pe66.oe66 (.const:xdc_runtime_ILogger_Interface__BASE__C)
                  008140e0    00000004     core_print_pe66.oe66 (.const:xdc_runtime_IModule_Interface__BASE__C)
                  008140e4    00000004     core_print_pe66.oe66 (.const:xdc_runtime_Log_L_error__C)
                  008140e8    00000004     core_print_pe66.oe66 (.const:xdc_runtime_LoggerBuf_E_badLevel__C)
                  008140ec    00000004     core_print_pe66.oe66 (.const:xdc_runtime_LoggerBuf_Module__gateObj__C)
                  008140f0    00000004     core_print_pe66.oe66 (.const:xdc_runtime_LoggerBuf_Object__count__C)
                  008140f4    00000004     core_print_pe66.oe66 (.const:xdc_runtime_LoggerBuf_statusLogger__C)
                  008140f8    00000004     core_print_pe66.oe66 (.const:xdc_runtime_Memory_defaultHeapInstance__C)
                  008140fc    00000004     core_print_pe66.oe66 (.const:xdc_runtime_Startup_execImpl__C)
                  00814100    00000004     core_print_pe66.oe66 (.const:xdc_runtime_Startup_lastFxns__A)
                  00814104    00000004     core_print_pe66.oe66 (.const:xdc_runtime_Startup_maxPasses__C)
                  00814108    00000004     core_print_pe66.oe66 (.const:xdc_runtime_Startup_sfxnRts__C)
                  0081410c    00000004     core_print_pe66.oe66 (.const:xdc_runtime_Startup_sfxnTab__C)
                  00814110    00000004     core_print_pe66.oe66 (.const:xdc_runtime_SysMin_bufSize__C)
                  00814114    00000004     core_print_pe66.oe66 (.const:xdc_runtime_System_Module__gateObj__C)
                  00814118    00000004     core_print_pe66.oe66 (.const:xdc_runtime_System_extendFxn__C)
                  0081411c    00000004     core_print_pe66.oe66 (.const:xdc_runtime_System_maxAtexitHandlers__C)
                  00814120    00000004     core_print_pe66.oe66 (.const:xdc_runtime_Text_charTab__C)
                  00814124    00000004     core_print_pe66.oe66 (.const:xdc_runtime_Text_nameEmpty__C)
                  00814128    00000004     core_print_pe66.oe66 (.const:xdc_runtime_Text_nameStatic__C)
                  0081412c    00000004     core_print_pe66.oe66 (.const:xdc_runtime_Text_nameUnknown__C)
                  00814130    00000004     core_print_pe66.oe66 (.const:xdc_runtime_Text_nodeTab__C)
                  00814134    00000004     core_print_pe66.oe66 (.const:xdc_runtime_Text_visitRopeFxn__C)
                  00814138    00000002     core_print_pe66.oe66 (.const:ti_sysbios_family_c64p_Hwi_Module__loggerDefined__C)
                  0081413a    00000002     core_print_pe66.oe66 (.const:ti_sysbios_gates_GateMutex_Module__id__C)
                  0081413c    00000002     core_print_pe66.oe66 (.const:ti_sysbios_hal_Hwi_Module__id__C)
                  0081413e    00000002     core_print_pe66.oe66 (.const:ti_sysbios_heaps_HeapMem_Module__id__C)
                  00814140    00000002     core_print_pe66.oe66 (.const:ti_sysbios_knl_Clock_Module__id__C)
                  00814142    00000002     core_print_pe66.oe66 (.const:ti_sysbios_knl_Clock_Module__loggerDefined__C)
                  00814144    00000002     core_print_pe66.oe66 (.const:ti_sysbios_knl_Semaphore_Module__id__C)
                  00814146    00000002     core_print_pe66.oe66 (.const:ti_sysbios_knl_Semaphore_Module__loggerDefined__C)
                  00814148    00000002     core_print_pe66.oe66 (.const:ti_sysbios_knl_Swi_Module__id__C)
                  0081414a    00000002     core_print_pe66.oe66 (.const:ti_sysbios_knl_Swi_Module__loggerDefined__C)
                  0081414c    00000002     core_print_pe66.oe66 (.const:ti_sysbios_knl_Task_Module__id__C)
                  0081414e    00000002     core_print_pe66.oe66 (.const:ti_sysbios_knl_Task_Module__loggerDefined__C)
                  00814150    00000002     core_print_pe66.oe66 (.const:ti_sysbios_knl_Task_initStackFlag__C)
                  00814152    00000002     core_print_pe66.oe66 (.const:ti_sysbios_timers_timer64_Timer_Module__id__C)
                  00814154    00000002     core_print_pe66.oe66 (.const:ti_sysbios_timers_timer64_Timer_startupNeeded__C)
                  00814156    00000002     core_print_pe66.oe66 (.const:xdc_runtime_Core_Module__id__C)
                  00814158    00000002     core_print_pe66.oe66 (.const:xdc_runtime_Error_Module__loggerDefined__C)
                  0081415a    00000002     core_print_pe66.oe66 (.const:xdc_runtime_Error_maxDepth__C)
                  0081415c    00000002     core_print_pe66.oe66 (.const:xdc_runtime_LoggerBuf_Module__id__C)
                  0081415e    00000002     core_print_pe66.oe66 (.const:xdc_runtime_LoggerBuf_filterByLevel__C)
                  00814160    00000002     core_print_pe66.oe66 (.const:xdc_runtime_Memory_Module__id__C)
                  00814162    00000002     core_print_pe66.oe66 (.const:xdc_runtime_Text_charCnt__C)
                  00814164    00000002     core_print_pe66.oe66 (.const:xdc_runtime_Text_isLoaded__C)
                  00814166    00000002     core_print_pe66.oe66 (.const:xdc_runtime_Text_registryModsLastId__C)
                  00814168    00000002     core_print_pe66.oe66 (.const:xdc_runtime_Text_unnamedModsLastId__C)

.far       0    00816170    00001d4c     UNINITIALIZED
                  00816170    00001000     (.common:ti_sysbios_heaps_HeapMem_Instance_State_0_buf__A)
                  00817170    00000800     core_print_pe66.oe66 (.far:taskStackSection)
                  00817970    00000200     (.common:xdc_runtime_LoggerBuf_Instance_State_0_entryArr__A)
                  00817b70    00000200     (.common:xdc_runtime_SysMin_Module_State_0_outbuf__A)
                  00817d70    00000140     (.common:__TI_tmpnams)
                  00817eb0    00000008     (.common:parmbuf)
                  00817eb8    00000004     (.common:ti_sysbios_knl_Task_Instance_State_0_hookEnv__A)

.fardata   0    00817ec0    00000924     UNINITIALIZED
                  00817ec0    00000200     core_print_pe66.oe66 (.fardata)
                  008180c0    000001e0     rts6600_elf.lib : defs.obj (.fardata:_ftable)
                  008182a0    000000c0     core_print_pe66.oe66 (.fardata:ti_sysbios_timers_timer64_Timer_Module_State_0_device__A)
                  00818360    000000a0     rts6600_elf.lib : lowlev.obj (.fardata:_stream)
                  00818400    00000080     core_print_pe66.oe66 (.fardata:ti_sysbios_knl_Swi_Module_State_0_readyQ__A)
                  00818480    00000080     core_print_pe66.oe66 (.fardata:ti_sysbios_knl_Task_Module_State_0_readyQ__A)
                  00818500    00000078     rts6600_elf.lib : lowlev.obj (.fardata:_device)
                  00818578    0000004c     core_print_pe66.oe66 (.fardata:ti_sysbios_knl_Task_Object__table__V)
                  008185c4    00000004     rts6600_elf.lib : _lock.obj (.fardata:_lock)
                  008185c8    0000004c     core_print_pe66.oe66 (.fardata:ti_sysbios_timers_timer64_Timer_Object__table__V)
                  00818614    00000004     rts6600_elf.lib : _lock.obj (.fardata:_unlock)
                  00818618    00000040     core_print_pe66.oe66 (.fardata:ti_sysbios_gates_GateMutex_Object__table__V)
                  00818658    00000040     core_print_pe66.oe66 (.fardata:ti_sysbios_timers_timer64_Timer_Module_State_0_gctrl__A)
                  00818698    00000040     core_print_pe66.oe66 (.fardata:ti_sysbios_timers_timer64_Timer_Module_State_0_handles__A)
                  008186d8    00000040     core_print_pe66.oe66 (.fardata:ti_sysbios_timers_timer64_Timer_Module_State_0_intFreqs__A)
                  00818718    00000030     core_print_pe66.oe66 (.fardata:ti_sysbios_knl_Swi_Object__table__V)
                  00818748    00000024     core_print_pe66.oe66 (.fardata:xdc_runtime_LoggerBuf_Object__table__V)
                  0081876c    00000004     rts6600_elf.lib : defs.obj (.fardata)
                  00818770    00000018     core_print_pe66.oe66 (.fardata:ti_sysbios_family_c64p_Hwi_Object__table__V)
                  00818788    00000018     core_print_pe66.oe66 (.fardata:ti_sysbios_heaps_HeapMem_Object__table__V)
                  008187a0    00000010     core_print_pe66.oe66 (.fardata:xdc_runtime_System_Module_State_0_atexitHandlers__A)
                  008187b0    0000000c     rts6600_elf.lib : exit.obj (.fardata)
                  008187bc    00000004                     : dtor_list.obj (.fardata)
                  008187c0    00000008     core_print_pe66.oe66 (.fardata:ti_sysbios_hal_Hwi_Object__table__V)
                  008187c8    00000008     core_print_pe66.oe66 (.fardata:ti_sysbios_hal_Timer_Object__table__V)
                  008187d0    00000004     rts6600_elf.lib : errno.obj (.fardata)
                  008187d4    00000004     --HOLE--
                  008187d8    00000004     core_print_pe66.oe66 (.fardata:ti_sysbios_gates_GateHwi_Object__table__V)
                  008187dc    00000004     --HOLE--
                  008187e0    00000004     core_print_pe66.oe66 (.fardata:ti_sysbios_knl_Task_Module_State_0_idleTask__A)

.cio       0    00818a00    00000120     UNINITIALIZED
                  00818a00    00000120     rts6600_elf.lib : trgmsg.obj (.cio)

.switch    0    00818b20    000000a8     
                  00818b20    00000070     ti.csl.ae66 : csl_chip.oe66 (.switch:CSL_chipReadReg)
                  00818b90    00000038     rts6600_elf.lib : _printfi.obj (.switch:_pproc_fgea)


LINKER GENERATED COPY TABLES

__TI_cinit_table @ 00819054 records: 2, size/record: 8, table size: 16
	.fardata: load addr=00818bc8, load size=00000478 bytes, run addr=00817ec0, run size=00000924 bytes, compression=rle
	.far: load addr=0081904c, load size=00000008 bytes, run addr=00816170, run size=00001d4c bytes, compression=zero_init


LINKER GENERATED HANDLER TABLE

__TI_handler_table @ 00819040 records: 3, size/record: 4, table size: 12
	index: 0, handler: __TI_decompress_rle24
	index: 1, handler: __TI_decompress_none
	index: 2, handler: __TI_zero_init


GLOBAL SYMBOLS: SORTED ALPHABETICALLY BY Name 

address   name                                                       
-------   ----                                                       
00811160  C$$EXIT                                                    
0080f200  C$$IO$$                                                    
0080b420  CSL_chipReadReg                                            
0080e720  HOSTclose                                                  
0080c660  HOSTlseek                                                  
0080d160  HOSTopen                                                   
0080dbe0  HOSTread                                                   
0080a320  HOSTrename                                                 
0080dca0  HOSTunlink                                                 
0080d240  HOSTwrite                                                  
00818578  TSK_idle                                                   
00800000  __ASM__                                                    
00818a00  __CIOBUF_                                                  
00800068  __ISA__                                                    
00800080  __PLAT__                                                   
008000a8  __TARG__                                                   
00819054  __TI_CINIT_Base                                            
00819064  __TI_CINIT_Limit                                           
00819040  __TI_Handler_Table_Base                                    
0081904c  __TI_Handler_Table_Limit                                   
UNDEFED   __TI_INITARRAY_Base                                        
UNDEFED   __TI_INITARRAY_Limit                                       
00816170  __TI_STACK_END                                             
00002000  __TI_STACK_SIZE                                            
00000000  __TI_STATIC_BASE                                           
00000001  __TI_args_main                                             
0080e7c0  __TI_cleanup                                               
008187b0  __TI_cleanup_ptr                                           
0080b560  __TI_closefile                                             
008111a0  __TI_decompress_none                                       
008111c0  __TI_decompress_rle24                                      
0080de20  __TI_doflush                                               
008187b4  __TI_dtors_ptr                                             
008187b8  __TI_enable_exit_profile_output                            
00810020  __TI_frcmpyd_div                                           
0081876c  __TI_ft_end                                                
ffffffff  __TI_pprof_out_hndl                                        
008044a0  __TI_printfi                                               
ffffffff  __TI_prof_data_size                                        
ffffffff  __TI_prof_data_start                                       
0080f120  __TI_readmsg                                               
00817d70  __TI_tmpnams                                               
0080f1a0  __TI_writemsg                                              
0080c760  __TI_wrt_ok                                                
0080d5c0  __TI_zero_init                                             
008000d0  __TRDR__                                                   
ffffffff  __binit__                                                  
00801d20  __c6xabi_divd                                              
0080dee0  __c6xabi_divu                                              
00809840  __c6xabi_divul                                             
00807380  __c6xabi_divull                                            
00811000  __c6xabi_errno_addr                                        
00810740  __c6xabi_isinf                                             
0080f220  __c6xabi_llshl                                             
00810080  __c6xabi_llshru                                            
0080e860  __c6xabi_remu                                              
ffffffff  __c_args__                                                 
00811020  __cxa_atexit                                               
0080d320  __cxa_finalize                                             
00811040  __cxa_ia64_exit                                            
0080dee0  __divu                                                     
008187d0  __errno                                                    
0080e860  __remu                                                     
00811060  __xdc__init                                                
008180bc  __xdc__init__addr                                          
008107c0  _args_main                                                 
00000000  _argsize                                                   
0080b6a0  _auto_init_elf                                             
0080e900  _c_int00                                                   
00813868  _ctypes_                                                   
008180c0  _ftable                                                    
008185c4  _lock                                                      
00811080  _nop                                                       
008110e0  _register_lock                                             
00811100  _register_unlock                                           
00814170  _stack                                                     
008100e0  _subcull                                                   
00818614  _unlock                                                    
00811160  abort                                                      
00811180  atexit                                                     
0080ca60  atoi                                                       
ffffffff  binit                                                      
0080d4e0  close                                                      
008187d0  errno                                                      
0080e060  exit                                                       
0080b7e0  fflush                                                     
008087c0  fputc                                                      
00804d00  fputs                                                      
00810880  free                                                       
0080a660  frexp                                                      
0080c1e0  fseek                                                      
0080ba60  ldexp                                                      
00810140  lseek                                                      
0080d6a0  ltoa                                                       
0080cbd8  main                                                       
008101a0  malloc                                                     
00810200  memccpy                                                    
0080eae0  memcpy                                                     
0080d780  memset                                                     
0080d860  printf                                                     
008111e0  putc                                                       
00811200  putchar                                                    
0080fc20  remove                                                     
00807c80  setvbuf                                                    
0080cb90  taskFxn                                                    
00813bec  ti_sysbios_BIOS_Module__diagsEnabled__C                    
00813e34  ti_sysbios_BIOS_Module__diagsIncluded__C                   
00813e9c  ti_sysbios_BIOS_Module__diagsMask__C                       
00812f82  ti_sysbios_BIOS_Module__id__C                              
00817ec0  ti_sysbios_BIOS_Module__state__V                           
00811220  ti_sysbios_BIOS_RtsGateProxy_enter__E                      
00811240  ti_sysbios_BIOS_RtsGateProxy_leave__E                      
008114a0  ti_sysbios_BIOS_RtsGateProxy_query__E                      
0080e120  ti_sysbios_BIOS_errorRaiseHook__I                          
0080f420  ti_sysbios_BIOS_exitFunc__I                                
0080f4a0  ti_sysbios_BIOS_exit__E                                    
00813f10  ti_sysbios_BIOS_installedErrorHook__C                      
00811260  ti_sysbios_BIOS_nullFunc__I                                
0080f520  ti_sysbios_BIOS_registerRTSLock__I                         
008108c0  ti_sysbios_BIOS_rtsLock__I                                 
0080b2c0  ti_sysbios_BIOS_rtsUnlock__I                               
00811280  ti_sysbios_BIOS_setThreadType__E                           
00810900  ti_sysbios_BIOS_startFunc__I                               
008112a0  ti_sysbios_BIOS_start__E                                   
008112c0  ti_sysbios_family_c62_TaskSupport_Module__startupDone__S   
00810800  ti_sysbios_family_c62_TaskSupport_buildTaskStack           
008112e0  ti_sysbios_family_c62_TaskSupport_checkStack__E            
00811300  ti_sysbios_family_c62_TaskSupport_getStackAlignment__E     
00811120  ti_sysbios_family_c62_TaskSupport_glue                     
00813f14  ti_sysbios_family_c62_TaskSupport_stackAlignment__C        
0080f5a0  ti_sysbios_family_c62_TaskSupport_start__E                 
0080f2a0  ti_sysbios_family_c62_TaskSupport_swap__E                  
00813f18  ti_sysbios_family_c64p_Exception_E_exceptionMin__C         
0081396a  ti_sysbios_family_c64p_Exception_Module__id__C             
00817ee0  ti_sysbios_family_c64p_Exception_Module__state__V          
0080eb80  ti_sysbios_family_c64p_Exception_Module_startup__E         
0080eb80  ti_sysbios_family_c64p_Exception_Module_startup__F         
0080ae80  ti_sysbios_family_c64p_Exception_dispatch__E               
00813f1c  ti_sysbios_family_c64p_Exception_exceptionHook__C          
00813f20  ti_sysbios_family_c64p_Exception_externalHook__C           
008008a0  ti_sysbios_family_c64p_Exception_handler__I                
00807ec0  ti_sysbios_family_c64p_Exception_internalHandler__I        
00813f24  ti_sysbios_family_c64p_Exception_internalHook__C           
00813f28  ti_sysbios_family_c64p_Exception_nmiHook__C                
00813e52  ti_sysbios_family_c64p_Exception_useInternalBuffer__C      
00818800  ti_sysbios_family_c64p_Hwi0                                
00813f2c  ti_sysbios_family_c64p_Hwi_LD_end__C                       
00813f30  ti_sysbios_family_c64p_Hwi_LM_begin__C                     
00813f34  ti_sysbios_family_c64p_Hwi_Module__diagsEnabled__C         
00813f38  ti_sysbios_family_c64p_Hwi_Module__diagsIncluded__C        
00813f3c  ti_sysbios_family_c64p_Hwi_Module__diagsMask__C            
00813ed2  ti_sysbios_family_c64p_Hwi_Module__id__C                   
00814138  ti_sysbios_family_c64p_Hwi_Module__loggerDefined__C        
00813f40  ti_sysbios_family_c64p_Hwi_Module__loggerFxn1__C           
00813f44  ti_sysbios_family_c64p_Hwi_Module__loggerFxn8__C           
00813f48  ti_sysbios_family_c64p_Hwi_Module__loggerObj__C            
00817f10  ti_sysbios_family_c64p_Hwi_Module__root__V                 
00811320  ti_sysbios_family_c64p_Hwi_Module__startupDone__F          
00811320  ti_sysbios_family_c64p_Hwi_Module__startupDone__S          
00817f18  ti_sysbios_family_c64p_Hwi_Module__state__V                
0080bba0  ti_sysbios_family_c64p_Hwi_Module_startup__E               
0080bba0  ti_sysbios_family_c64p_Hwi_Module_startup__F               
00818770  ti_sysbios_family_c64p_Hwi_Object__table__V                
00811340  ti_sysbios_family_c64p_Hwi_clearInterrupt__E               
00810940  ti_sysbios_family_c64p_Hwi_disableInterrupt__E             
00809240  ti_sysbios_family_c64p_Hwi_dispatchAlways                  
00805080  ti_sysbios_family_c64p_Hwi_dispatchC__I                    
00810980  ti_sysbios_family_c64p_Hwi_enableInterrupt__E              
0080ec20  ti_sysbios_family_c64p_Hwi_getStackInfo__E                 
00818800  ti_sysbios_family_c64p_Hwi_int0                            
00818820  ti_sysbios_family_c64p_Hwi_int1                            
00818940  ti_sysbios_family_c64p_Hwi_int10                           
00818960  ti_sysbios_family_c64p_Hwi_int11                           
00818980  ti_sysbios_family_c64p_Hwi_int12                           
008189a0  ti_sysbios_family_c64p_Hwi_int13                           
008189c0  ti_sysbios_family_c64p_Hwi_int14                           
008189e0  ti_sysbios_family_c64p_Hwi_int15                           
00818840  ti_sysbios_family_c64p_Hwi_int2                            
00818860  ti_sysbios_family_c64p_Hwi_int3                            
00818880  ti_sysbios_family_c64p_Hwi_int4                            
008188a0  ti_sysbios_family_c64p_Hwi_int5                            
008188c0  ti_sysbios_family_c64p_Hwi_int6                            
008188e0  ti_sysbios_family_c64p_Hwi_int7                            
00818900  ti_sysbios_family_c64p_Hwi_int8                            
00818920  ti_sysbios_family_c64p_Hwi_int9                            
00811360  ti_sysbios_family_c64p_Hwi_startup__E                      
00811380  ti_sysbios_family_c64p_Hwi_switchFromBootStack__E          
008113a0  ti_sysbios_family_c64p_TimestampProvider_Module_startup__E 
008113a0  ti_sysbios_family_c64p_TimestampProvider_Module_startup__F 
008113c0  ti_sysbios_family_c64p_TimestampProvider_get64__E          
008113e0  ti_sysbios_family_c64p_tci6488_TimerSupport_enable__E      
0080c300  ti_sysbios_family_c66_Cache_Module_startup__E              
0080c300  ti_sysbios_family_c66_Cache_Module_startup__F              
00813ed4  ti_sysbios_family_c66_Cache_initSize__C                    
00813468  ti_sysbios_family_c66_Cache_marvalues__C                   
00810840  ti_sysbios_family_xxx_Hwi_switchToIsrStack                 
00811140  ti_sysbios_family_xxx_Hwi_switchToTaskStack                
008109c0  ti_sysbios_gates_GateHwi_Handle__label__S                  
00811400  ti_sysbios_gates_GateHwi_Instance_init__F                  
00813cc4  ti_sysbios_gates_GateHwi_Module__FXNS__C                   
00817f80  ti_sysbios_gates_GateHwi_Module__root__V                   
00813d54  ti_sysbios_gates_GateHwi_Object__DESC__C                   
00813e54  ti_sysbios_gates_GateHwi_Object__PARAMS__C                 
0080f620  ti_sysbios_gates_GateHwi_Object__create__S                 
00810a00  ti_sysbios_gates_GateHwi_Object__delete__S                 
008187d8  ti_sysbios_gates_GateHwi_Object__table__V                  
00811420  ti_sysbios_gates_GateHwi_enter__E                          
00811440  ti_sysbios_gates_GateHwi_leave__E                          
00811460  ti_sysbios_gates_GateHwi_query__E                          
00811460  ti_sysbios_gates_GateHwi_query__F                          
00813f4c  ti_sysbios_gates_GateMutex_A_badContext__C                 
00810a40  ti_sysbios_gates_GateMutex_Handle__label__S                
00813f50  ti_sysbios_gates_GateMutex_Instance_State_sem__O           
00811480  ti_sysbios_gates_GateMutex_Instance_finalize__F            
00810260  ti_sysbios_gates_GateMutex_Instance_init__F                
00813ce8  ti_sysbios_gates_GateMutex_Module__FXNS__C                 
00813f54  ti_sysbios_gates_GateMutex_Module__diagsEnabled__C         
00813f58  ti_sysbios_gates_GateMutex_Module__diagsIncluded__C        
00813f5c  ti_sysbios_gates_GateMutex_Module__diagsMask__C            
0081413a  ti_sysbios_gates_GateMutex_Module__id__C                   
00817f88  ti_sysbios_gates_GateMutex_Module__root__V                 
00813d74  ti_sysbios_gates_GateMutex_Object__DESC__C                 
00813e6c  ti_sysbios_gates_GateMutex_Object__PARAMS__C               
0080f6a0  ti_sysbios_gates_GateMutex_Object__create__S               
008102c0  ti_sysbios_gates_GateMutex_Object__delete__S               
00818618  ti_sysbios_gates_GateMutex_Object__table__V                
00809a20  ti_sysbios_gates_GateMutex_enter__E                        
00810a80  ti_sysbios_gates_GateMutex_leave__E                        
008114a0  ti_sysbios_gates_GateMutex_query__E                        
008114a0  ti_sysbios_gates_GateMutex_query__F                        
00813f60  ti_sysbios_hal_Hwi_E_stackOverflow__C                      
008114c0  ti_sysbios_hal_Hwi_HwiProxy_Module__startupDone__S         
00811340  ti_sysbios_hal_Hwi_HwiProxy_clearInterrupt__E              
00810940  ti_sysbios_hal_Hwi_HwiProxy_disableInterrupt__E            
00810980  ti_sysbios_hal_Hwi_HwiProxy_enableInterrupt__E             
0080ec20  ti_sysbios_hal_Hwi_HwiProxy_getStackInfo__E                
00811360  ti_sysbios_hal_Hwi_HwiProxy_startup__E                     
[...]
00813cc4  ti_sysbios_gates_GateHwi_Module__FXNS__C                   
00813ce8  ti_sysbios_gates_GateMutex_Module__FXNS__C                 
00813d0c  ti_sysbios_heaps_HeapMem_Object__PARAMS__C                 
00813d30  ti_sysbios_knl_Semaphore_Object__PARAMS__C                 
00813d54  ti_sysbios_gates_GateHwi_Object__DESC__C                   
00813d74  ti_sysbios_gates_GateMutex_Object__DESC__C                 
00813d94  ti_sysbios_heaps_HeapMem_Object__DESC__C                   
00813db4  ti_sysbios_knl_Queue_Object__DESC__C                       
00813dd4  ti_sysbios_knl_Semaphore_Object__DESC__C                   
00813df4  ti_sysbios_knl_Task_Object__DESC__C                        
00813e14  xdc_runtime_LoggerBuf_Object__DESC__C                      
00813e34  ti_sysbios_BIOS_Module__diagsIncluded__C                   
00813e38  xdc_runtime_Startup_sfxnRts__A                             
00813e52  ti_sysbios_family_c64p_Exception_useInternalBuffer__C      
00813e54  ti_sysbios_gates_GateHwi_Object__PARAMS__C                 
00813e6c  ti_sysbios_gates_GateMutex_Object__PARAMS__C               
00813e84  ti_sysbios_knl_Queue_Object__PARAMS__C                     
00813e9c  ti_sysbios_BIOS_Module__diagsMask__C                       
00813ea0  ti_sysbios_knl_Task_hooks__A                               
00813ed2  ti_sysbios_family_c64p_Hwi_Module__id__C                   
00813ed4  ti_sysbios_family_c66_Cache_initSize__C                    
00813ee0  ti_sysbios_knl_Idle_coreList__C                            
00813ee8  ti_sysbios_knl_Idle_funcList__C                            
00813ef0  ti_sysbios_knl_Task_hooks__C                               
00813ef8  xdc_runtime_Startup_firstFxns__A                           
00813f00  xdc_runtime_Startup_firstFxns__C                           
00813f08  xdc_runtime_Startup_lastFxns__C                            
00813f10  ti_sysbios_BIOS_installedErrorHook__C                      
00813f14  ti_sysbios_family_c62_TaskSupport_stackAlignment__C        
00813f18  ti_sysbios_family_c64p_Exception_E_exceptionMin__C         
00813f1c  ti_sysbios_family_c64p_Exception_exceptionHook__C          
00813f20  ti_sysbios_family_c64p_Exception_externalHook__C           
00813f24  ti_sysbios_family_c64p_Exception_internalHook__C           
00813f28  ti_sysbios_family_c64p_Exception_nmiHook__C                
00813f2c  ti_sysbios_family_c64p_Hwi_LD_end__C                       
00813f30  ti_sysbios_family_c64p_Hwi_LM_begin__C                     
00813f34  ti_sysbios_family_c64p_Hwi_Module__diagsEnabled__C         
00813f38  ti_sysbios_family_c64p_Hwi_Module__diagsIncluded__C        
00813f3c  ti_sysbios_family_c64p_Hwi_Module__diagsMask__C            
00813f40  ti_sysbios_family_c64p_Hwi_Module__loggerFxn1__C           
00813f44  ti_sysbios_family_c64p_Hwi_Module__loggerFxn8__C           
00813f48  ti_sysbios_family_c64p_Hwi_Module__loggerObj__C            
00813f4c  ti_sysbios_gates_GateMutex_A_badContext__C                 
00813f50  ti_sysbios_gates_GateMutex_Instance_State_sem__O           
00813f54  ti_sysbios_gates_GateMutex_Module__diagsEnabled__C         
00813f58  ti_sysbios_gates_GateMutex_Module__diagsIncluded__C        
00813f5c  ti_sysbios_gates_GateMutex_Module__diagsMask__C            
00813f60  ti_sysbios_hal_Hwi_E_stackOverflow__C                      
00813f64  ti_sysbios_heaps_HeapMem_A_align__C                        
00813f68  ti_sysbios_heaps_HeapMem_A_heapSize__C                     
00813f6c  ti_sysbios_heaps_HeapMem_A_invalidFree__C                  
00813f70  ti_sysbios_heaps_HeapMem_A_zeroBlock__C                    
00813f74  ti_sysbios_heaps_HeapMem_E_memory__C                       
00813f78  ti_sysbios_heaps_HeapMem_Module__diagsEnabled__C           
00813f7c  ti_sysbios_heaps_HeapMem_Module__diagsIncluded__C          
00813f80  ti_sysbios_heaps_HeapMem_Module__diagsMask__C              
00813f84  ti_sysbios_heaps_HeapMem_Module__gateObj__C                
00813f88  ti_sysbios_heaps_HeapMem_Object__count__C                  
00813f8c  ti_sysbios_heaps_HeapMem_reqAlign__C                       
00813f90  ti_sysbios_knl_Clock_LM_begin__C                           
00813f94  ti_sysbios_knl_Clock_LM_tick__C                            
00813f98  ti_sysbios_knl_Clock_LW_delayed__C                         
00813f9c  ti_sysbios_knl_Clock_Module_State_clockQ__O                
00813fa0  ti_sysbios_knl_Clock_Module__diagsEnabled__C               
00813fa4  ti_sysbios_knl_Clock_Module__diagsIncluded__C              
00813fa8  ti_sysbios_knl_Clock_Module__diagsMask__C                  
00813fac  ti_sysbios_knl_Clock_Module__loggerFxn1__C                 
00813fb0  ti_sysbios_knl_Clock_Module__loggerFxn2__C                 
00813fb4  ti_sysbios_knl_Clock_Module__loggerObj__C                  
00813fb8  ti_sysbios_knl_Idle_coreList__A                            
00813fbc  ti_sysbios_knl_Semaphore_A_badContext__C                   
00813fc0  ti_sysbios_knl_Idle_funcList__A                            
00813fc4  ti_sysbios_knl_Semaphore_A_noEvents__C                     
00813fc8  ti_sysbios_knl_Semaphore_A_overflow__C                     
00813fcc  ti_sysbios_knl_Semaphore_A_pendTaskDisabled__C             
00813fd0  ti_sysbios_knl_Semaphore_Instance_State_pendQ__O           
00813fd4  ti_sysbios_knl_Semaphore_LM_pend__C                        
00813fd8  ti_sysbios_knl_Semaphore_LM_post__C                        
00813fdc  ti_sysbios_knl_Semaphore_Module__diagsEnabled__C           
00813fe0  ti_sysbios_knl_Semaphore_Module__diagsIncluded__C          
00813fe4  ti_sysbios_knl_Semaphore_Module__diagsMask__C              
00813fe8  ti_sysbios_knl_Semaphore_Module__loggerFxn2__C             
00813fec  ti_sysbios_knl_Semaphore_Module__loggerFxn4__C             
00813ff0  ti_sysbios_knl_Semaphore_Module__loggerObj__C              
00813ff4  ti_sysbios_knl_Swi_LD_end__C                               
00813ff8  ti_sysbios_knl_Swi_LM_begin__C                             
00813ffc  ti_sysbios_knl_Swi_LM_post__C                              
00814000  ti_sysbios_knl_Swi_Module__diagsEnabled__C                 
00814004  ti_sysbios_knl_Swi_Module__diagsIncluded__C                
00814008  ti_sysbios_knl_Swi_Module__diagsMask__C                    
0081400c  ti_sysbios_knl_Swi_Module__loggerFxn1__C                   
00814010  ti_sysbios_knl_Swi_Module__loggerFxn4__C                   
00814014  ti_sysbios_knl_Swi_Module__loggerObj__C                    
00814018  ti_sysbios_knl_Swi_Object__count__C                        
0081401c  ti_sysbios_knl_Task_A_badPriority__C                       
00814020  ti_sysbios_knl_Task_A_badTaskState__C                      
00814024  ti_sysbios_knl_Task_A_badThreadType__C                     
00814028  ti_sysbios_knl_Task_A_noPendElem__C                        
0081402c  ti_sysbios_knl_Task_E_spOutOfBounds__C                     
00814030  ti_sysbios_knl_Task_E_stackOverflow__C                     
00814034  ti_sysbios_knl_Task_LD_block__C                            
00814038  ti_sysbios_knl_Task_LD_exit__C                             
0081403c  ti_sysbios_knl_Task_LD_ready__C                            
00814040  ti_sysbios_knl_Task_LM_switch__C                           
00814044  ti_sysbios_knl_Task_Module_State_inactiveQ__O              
00814048  ti_sysbios_knl_Task_Module__diagsEnabled__C                
0081404c  ti_sysbios_knl_Task_Module__diagsIncluded__C               
00814050  ti_sysbios_knl_Task_Module__diagsMask__C                   
00814054  ti_sysbios_knl_Task_Module__loggerFxn2__C                  
00814058  ti_sysbios_knl_Task_Module__loggerFxn4__C                  
0081405c  ti_sysbios_knl_Task_Module__loggerObj__C                   
00814060  ti_sysbios_knl_Task_Object__count__C                       
00814064  ti_sysbios_knl_Task_Object__heap__C                        
00814068  ti_sysbios_knl_Task_allBlockedFunc__C                      
0081406c  ti_sysbios_knl_Task_defaultStackHeap__C                    
00814070  ti_sysbios_knl_Task_defaultStackSize__C                    
00814074  ti_sysbios_knl_Task_numConstructedTasks__C                 
00814078  ti_sysbios_timers_timer64_Timer_A_notAvailable__C          
0081407c  ti_sysbios_timers_timer64_Timer_E_cannotSupport__C         
00814080  ti_sysbios_timers_timer64_Timer_Module__diagsEnabled__C    
00814084  ti_sysbios_timers_timer64_Timer_Module__diagsIncluded__C   
00814088  ti_sysbios_timers_timer64_Timer_Module__diagsMask__C       
0081408c  ti_sysbios_timers_timer64_Timer_anyMask__C                 
00814090  ti_sysbios_timers_timer64_Timer_freqDivisor__C             
00814094  ti_sysbios_timers_timer64_Timer_numLocalTimers__C          
00814098  ti_sysbios_timers_timer64_Timer_numTimerDevices__C         
0081409c  xdc_runtime_Assert_E_assertFailed__C                       
008140a0  xdc_runtime_Core_A_initializedParams__C                    
008140a4  xdc_runtime_Core_Module__diagsEnabled__C                   
008140a8  xdc_runtime_Core_Module__diagsIncluded__C                  
008140ac  xdc_runtime_Core_Module__diagsMask__C                      
008140b0  xdc_runtime_Error_E_memory__C                              
008140b4  xdc_runtime_Error_Module__diagsEnabled__C                  
008140b8  xdc_runtime_Error_Module__diagsIncluded__C                 
008140bc  xdc_runtime_Error_Module__diagsMask__C                     
008140c0  xdc_runtime_Error_Module__loggerFxn8__C                    
008140c4  xdc_runtime_Error_Module__loggerObj__C                     
008140c8  xdc_runtime_Error_policy__C                                
008140cc  xdc_runtime_Error_raiseHook__C                             
008140d0  xdc_runtime_IFilterLogger_Interface__BASE__C               
008140d4  xdc_runtime_IGateProvider_Interface__BASE__C               
008140d8  xdc_runtime_IHeap_Interface__BASE__C                       
008140dc  xdc_runtime_ILogger_Interface__BASE__C                     
008140e0  xdc_runtime_IModule_Interface__BASE__C                     
008140e4  xdc_runtime_Log_L_error__C                                 
008140e8  xdc_runtime_LoggerBuf_E_badLevel__C                        
008140ec  xdc_runtime_LoggerBuf_Module__gateObj__C                   
008140f0  xdc_runtime_LoggerBuf_Object__count__C                     
008140f4  xdc_runtime_LoggerBuf_statusLogger__C                      
008140f8  xdc_runtime_Memory_defaultHeapInstance__C                  
008140fc  xdc_runtime_Startup_execImpl__C                            
00814100  xdc_runtime_Startup_lastFxns__A                            
00814104  xdc_runtime_Startup_maxPasses__C                           
00814108  xdc_runtime_Startup_sfxnRts__C                             
0081410c  xdc_runtime_Startup_sfxnTab__C                             
00814110  xdc_runtime_SysMin_bufSize__C                              
00814114  xdc_runtime_System_Module__gateObj__C                      
00814118  xdc_runtime_System_extendFxn__C                            
0081411c  xdc_runtime_System_maxAtexitHandlers__C                    
00814120  xdc_runtime_Text_charTab__C                                
00814124  xdc_runtime_Text_nameEmpty__C                              
00814128  xdc_runtime_Text_nameStatic__C                             
0081412c  xdc_runtime_Text_nameUnknown__C                            
00814130  xdc_runtime_Text_nodeTab__C                                
00814134  xdc_runtime_Text_visitRopeFxn__C                           
00814138  ti_sysbios_family_c64p_Hwi_Module__loggerDefined__C        
0081413a  ti_sysbios_gates_GateMutex_Module__id__C                   
0081413c  ti_sysbios_hal_Hwi_Module__id__C                           
0081413e  ti_sysbios_heaps_HeapMem_Module__id__C                     
00814140  ti_sysbios_knl_Clock_Module__id__C                         
00814142  ti_sysbios_knl_Clock_Module__loggerDefined__C              
00814144  ti_sysbios_knl_Semaphore_Module__id__C                     
00814146  ti_sysbios_knl_Semaphore_Module__loggerDefined__C          
00814148  ti_sysbios_knl_Swi_Module__id__C                           
0081414a  ti_sysbios_knl_Swi_Module__loggerDefined__C                
0081414c  ti_sysbios_knl_Task_Module__id__C                          
0081414e  ti_sysbios_knl_Task_Module__loggerDefined__C               
00814150  ti_sysbios_knl_Task_initStackFlag__C                       
00814152  ti_sysbios_timers_timer64_Timer_Module__id__C              
00814154  ti_sysbios_timers_timer64_Timer_startupNeeded__C           
00814156  xdc_runtime_Core_Module__id__C                             
00814158  xdc_runtime_Error_Module__loggerDefined__C                 
0081415a  xdc_runtime_Error_maxDepth__C                              
0081415c  xdc_runtime_LoggerBuf_Module__id__C                        
0081415e  xdc_runtime_LoggerBuf_filterByLevel__C                     
00814160  xdc_runtime_Memory_Module__id__C                           
00814162  xdc_runtime_Text_charCnt__C                                
00814164  xdc_runtime_Text_isLoaded__C                               
00814166  xdc_runtime_Text_registryModsLastId__C                     
00814168  xdc_runtime_Text_unnamedModsLastId__C                      
00814170  _stack                                                     
00816170  __TI_STACK_END                                             
00816170  ti_sysbios_heaps_HeapMem_Instance_State_0_buf__A           
00817170  ti_sysbios_knl_Task_Instance_State_0_stack__A              
00817970  xdc_runtime_LoggerBuf_Instance_State_0_entryArr__A         
00817b70  xdc_runtime_SysMin_Module_State_0_outbuf__A                
00817d70  __TI_tmpnams                                               
00817eb8  ti_sysbios_knl_Task_Instance_State_0_hookEnv__A            
00817ec0  ti_sysbios_BIOS_Module__state__V                           
00817ee0  ti_sysbios_family_c64p_Exception_Module__state__V          
00817f10  ti_sysbios_family_c64p_Hwi_Module__root__V                 
00817f18  ti_sysbios_family_c64p_Hwi_Module__state__V                
00817f80  ti_sysbios_gates_GateHwi_Module__root__V                   
00817f88  ti_sysbios_gates_GateMutex_Module__root__V                 
00817f90  ti_sysbios_hal_Hwi_Module__root__V                         
00817f98  ti_sysbios_hal_Timer_Module__root__V                       
00817fa0  ti_sysbios_heaps_HeapMem_Module__root__V                   
00817fa8  ti_sysbios_knl_Clock_Module__root__V                       
00817fb0  ti_sysbios_knl_Clock_Module__state__V                      
00817fd8  ti_sysbios_knl_Queue_Module__root__V                       
00817fe0  ti_sysbios_knl_Semaphore_Module__root__V                   
00817fe8  ti_sysbios_knl_Swi_Module__root__V                         
00817ff0  ti_sysbios_knl_Swi_Module__state__V                        
0081800c  ti_sysbios_knl_Task_Module__root__V                        
00818014  ti_sysbios_knl_Task_Module__state__V                       
00818058  ti_sysbios_timers_timer64_Timer_Module__root__V            
00818060  ti_sysbios_timers_timer64_Timer_Module__state__V           
00818074  xdc_runtime_Error_Module__state__V                         
00818078  xdc_runtime_LoggerBuf_Module__root__V                      
00818080  xdc_runtime_LoggerBuf_Module__state__V                     
00818088  xdc_runtime_Memory_Module__state__V                        
0081808c  xdc_runtime_Registry_Module__state__V                      
00818094  xdc_runtime_Startup_Module__state__V                       
0081809c  xdc_runtime_SysMin_Module__state__V                        
008180a8  xdc_runtime_System_Module__state__V                        
008180b4  xdc_runtime_Text_Module__state__V                          
008180bc  __xdc__init__addr                                          
008180c0  _ftable                                                    
008182a0  ti_sysbios_timers_timer64_Timer_Module_State_0_device__A   
00818400  ti_sysbios_knl_Swi_Module_State_0_readyQ__A                
00818480  ti_sysbios_knl_Task_Module_State_0_readyQ__A               
00818578  TSK_idle                                                   
00818578  ti_sysbios_knl_Task_Object__table__V                       
008185c4  _lock                                                      
008185c8  ti_sysbios_timers_timer64_Timer_Object__table__V           
00818614  _unlock                                                    
00818618  ti_sysbios_gates_GateMutex_Object__table__V                
00818658  ti_sysbios_timers_timer64_Timer_Module_State_0_gctrl__A    
00818698  ti_sysbios_timers_timer64_Timer_Module_State_0_handles__A  
008186d8  ti_sysbios_timers_timer64_Timer_Module_State_0_intFreqs__A 
00818718  ti_sysbios_knl_Swi_Object__table__V                        
00818748  xdc_runtime_LoggerBuf_Object__table__V                     
0081876c  __TI_ft_end                                                
00818770  ti_sysbios_family_c64p_Hwi_Object__table__V                
00818788  ti_sysbios_heaps_HeapMem_Object__table__V                  
008187a0  xdc_runtime_System_Module_State_0_atexitHandlers__A        
008187b0  __TI_cleanup_ptr                                           
008187b4  __TI_dtors_ptr                                             
008187b8  __TI_enable_exit_profile_output                            
008187c0  ti_sysbios_hal_Hwi_Object__table__V                        
008187c8  ti_sysbios_hal_Timer_Object__table__V                      
008187d0  __errno                                                    
008187d0  errno                                                      
008187d8  ti_sysbios_gates_GateHwi_Object__table__V                  
008187e0  ti_sysbios_knl_Task_Module_State_0_idleTask__A             
00818800  ti_sysbios_family_c64p_Hwi0                                
00818800  ti_sysbios_family_c64p_Hwi_int0                            
00818820  ti_sysbios_family_c64p_Hwi_int1                            
00818840  ti_sysbios_family_c64p_Hwi_int2                            
00818860  ti_sysbios_family_c64p_Hwi_int3                            
00818880  ti_sysbios_family_c64p_Hwi_int4                            
008188a0  ti_sysbios_family_c64p_Hwi_int5                            
008188c0  ti_sysbios_family_c64p_Hwi_int6                            
008188e0  ti_sysbios_family_c64p_Hwi_int7                            
00818900  ti_sysbios_family_c64p_Hwi_int8                            
00818920  ti_sysbios_family_c64p_Hwi_int9                            
00818940  ti_sysbios_family_c64p_Hwi_int10                           
00818960  ti_sysbios_family_c64p_Hwi_int11                           
00818980  ti_sysbios_family_c64p_Hwi_int12                           
008189a0  ti_sysbios_family_c64p_Hwi_int13                           
008189c0  ti_sysbios_family_c64p_Hwi_int14                           
008189e0  ti_sysbios_family_c64p_Hwi_int15                           
00818a00  __CIOBUF_                                                  
00819040  __TI_Handler_Table_Base                                    
0081904c  __TI_Handler_Table_Limit                                   
00819054  __TI_CINIT_Base                                            
00819064  __TI_CINIT_Limit                                           
ffffffff  __TI_pprof_out_hndl                                        
ffffffff  __TI_prof_data_size                                        
ffffffff  __TI_prof_data_start                                       
ffffffff  __binit__                                                  
ffffffff  __c_args__                                                 
ffffffff  binit                                                      
UNDEFED   __TI_INITARRAY_Base                                        
UNDEFED   __TI_INITARRAY_Limit                                       

[658 symbols]
