******************************************************************************
               TMS320C6x Linker Unix v8.0.1                    
******************************************************************************
>> Linked Mon Jun  1 15:44:30 2015

OUTPUT FILE NAME:   <trasport_test.out>
ENTRY POINT SYMBOL: "_c_int00"  address: 00850100


MEMORY CONFIGURATION

         name            origin    length      used     unused   attr    fill
----------------------  --------  ---------  --------  --------  ----  --------
  L2SRAM                00800000   00100000  0005eaff  000a1501  RW X
  MSMCSRAM              0c000000   00200000  00102884  000fd77c  RW X
  DDR3                  80000000   20000000  00000000  20000000  RWIX


SEGMENT ALLOCATION MAP

run origin  load origin   length   init length attrs members
----------  ----------- ---------- ----------- ----- -------
00800000    00800000    0003c000   00000000    rw-
  00800000    00800000    0003c000   00000000    rw- systemHeap
0083c000    0083c000    0001c2fa   0001c2fa    r-x
  0083c000    0083c000    00018180   00018180    r-x .text
  00854180    00854180    0000417a   0000417a    r-- .const
00858300    00858300    00005810   00000000    rw-
  00858300    00858300    00002acc   00000000    rw- .far
  0085add0    0085add0    00001c1c   00000000    rw- .fardata
  0085c9f0    0085c9f0    00001000   00000000    rw- .stack
  0085d9f0    0085d9f0    00000120   00000000    rw- .cio
0085db10    0085db10    000000a8   000000a8    r--
  0085db10    0085db10    000000a8   000000a8    r-- .switch
0085dbb8    0085dbb8    00000019   00000000    rw-
  0085dbb8    0085dbb8    00000019   00000000    rw- .neardata
0085dc00    0085dc00    00000f3c   00000f3c    r-x
  0085dc00    0085dc00    00000200   00000200    r-x .vecs
  0085de00    0085de00    00000d3c   00000d3c    r-- .cinit
0c000000    0c000000    00002884   00000000    rw-
  0c000000    0c000000    00002400   00000000    rw- .qmss
  0c002400    0c002400    00000484   00000000    rw- .cppi


SECTION ALLOCATION MAP

 output                                  attributes/
section   page    origin      length       input sections
--------  ----  ----------  ----------   ----------------
.init_array 
*          0    00800000    00000000     UNINITIALIZED

.text      0    0083c000    00018180     
                  0083c000    00000a40     main_qmss.obj (.text)
                  0083ca40    000008a0     sysbios.ae66 : BIOS.obj (.text:ti_sysbios_family_c64p_Exception_handler__I)
                  0083d2e0    000008a0     ti.targets.rts6000.ae66 : System.oe66 (.text:xdc_runtime_System_doPrint__I)
                  0083db80    000007e0     ti.drv.qmss.ae66 : qmss_drv.oe66 (.text:Qmss_insertMemoryRegion)
                  0083e360    000006a0     multicore_osal.obj (.text)
                  0083ea00    00000660     ti.drv.cppi.ae66 : cppi_drv.oe66 (.text:Cppi_configureRxFlow)
                  0083f060    00000620     sysbios.ae66 : BIOS.obj (.text:ti_sysbios_knl_Task_Instance_finalize__F)
                  0083f680    00000600     rts6600_elf.lib : divd.obj (.text:__c6xabi_divd)
                  0083fc80    00000600     sysbios.ae66 : BIOS.obj (.text:ti_sysbios_heaps_HeapMem_alloc__E)
                  00840280    00000600                  : BIOS.obj (.text:ti_sysbios_knl_Semaphore_pend__E)
                  00840880    000005e0                  : BIOS.obj (.text:ti_sysbios_heaps_HeapMem_free__E)
                  00840e60    000005a0     rts6600_elf.lib : _printfi.obj (.text:_setfield)
                  00841400    000005a0     sysbios.ae66 : BIOS.obj (.text:ti_sysbios_timers_timer64_Timer_Module_startup__F)
                  008419a0    00000580     rts6600_elf.lib : _printfi.obj (.text:_getarg_diouxp)
                  00841f20    000004c0     ti.drv.cppi.ae66 : cppi_drv.oe66 (.text:Cppi_txChannelOpen)
                  008423e0    00000460     rts6600_elf.lib : _printfi.obj (.text:__TI_printfi)
                  00842840    00000440     ti.drv.cppi.ae66 : cppi_drv.oe66 (.text:Cppi_rxChannelOpen)
                  00842c80    00000420     sysbios.ae66 : BIOS.obj (.text:ti_sysbios_gates_GateMutexPri_enter__E)
                  008430a0    00000420                  : BIOS.obj (.text:ti_sysbios_knl_Task_sleep__E)
                  008434c0    00000400     ipc.ae66 : Ipc.obj (.text:ti_sdo_ipc_Notify_Instance_init__F)
                  008438c0    00000400     sysbios.ae66 : BIOS.obj (.text:ti_sysbios_knl_Task_Instance_init__F)
                  00843cc0    000003e0                  : BIOS.obj (.text:ti_sysbios_knl_Task_setPri__E)
                  008440a0    000003c0     ti.drv.cppi.ae66 : cppi_desc.oe66 (.text:Cppi_initDescriptor)
                  00844460    00000380     rts6600_elf.lib : fputs.obj (.text:fputs)
                  008447e0    00000340     ti.drv.qmss.ae66 : qmss_drv.oe66 (.text:Qmss_init)
                  00844b20    00000300     rts6600_elf.lib : _printfi.obj (.text:_pproc_fgea)
                  00844e20    00000300     sysbios.ae66 : BIOS.obj (.text:ti_sysbios_family_c64p_Hwi_dispatchC__I)
                  00845120    000002e0     ipc.ae66 : Ipc.obj (.text:SharedRegion_getEntry)
                  00845400    000002e0     sysbios.ae66 : BIOS.obj (.text:ti_sysbios_heaps_HeapMem_Instance_init__F)
                  008456e0    000002c0     rts6600_elf.lib : _printfi.obj (.text:_pproc_fwp)
                  008459a0    000002a0                     : _printfi.obj (.text:ecvt)
                  00845c40    000002a0     sysbios.ae66 : BIOS.obj (.text:ti_sysbios_knl_Clock_workFunc__E)
                  00845ee0    000002a0                  : BIOS.obj (.text:ti_sysbios_timers_timer64_Timer_deviceConfig__I)
                  00846180    00000280     rts6600_elf.lib : _printfi.obj (.text:fcvt)
                  00846400    00000280     ti.targets.rts6000.ae66 : Error.oe66 (.text:xdc_runtime_Error_raiseX__F)
                  00846680    00000260     rts6600_elf.lib : _printfi.obj (.text:_pconv_e)
                  008468e0    00000260     sysbios.ae66 : BIOS.obj (.text:ti_sysbios_family_c64p_Exception_internalHandler__I)
                  00846b40    00000260                  : BIOS.obj (.text:ti_sysbios_knl_Semaphore_post__E)
                  00846da0    00000260     ti.targets.rts6000.ae66 : Startup.oe66 (.text:xdc_runtime_Startup_startMods__I)
                  00847000    00000240     ti.drv.cppi.ae66 : cppi_drv.oe66 (.text:Cppi_open)
                  00847240    00000240     rts6600_elf.lib : imath64.obj (.text:__c6xabi_divull)
                  00847480    00000240                     : _printfi.obj (.text:_pproc_diouxp)
                  008476c0    00000240                     : _printfi.obj (.text:_pproc_str)
                  00847900    00000240                     : _printfi.obj (.text:acvt)
                  00847b40    00000240                     : setvbuf.obj (.text:setvbuf)
                  00847d80    00000240     sysbios.ae66 : BIOS.obj (.text:ti_sysbios_knl_Task_exit__E)
                  00847fc0    00000240     transport_t_pe66.oe66 (.text:xdc_runtime_System_printfExtend__I)
                  00848200    00000220     rts6600_elf.lib : fputc.obj (.text:fputc)
                  00848420    00000220     sysbios.ae66 : BIOS.obj (.text:ti_sysbios_knl_Swi_run__I)
                  00848640    00000220                  : BIOS.obj (.text:ti_sysbios_knl_Task_schedule__I)
                  00848860    00000220                  : BIOS.obj (.text:ti_sysbios_knl_Task_startCore__E)
                  00848a80    00000220     ti.targets.rts6000.ae66 : Core-mem.oe66 (.text:xdc_runtime_Core_createObject__I)
                  00848ca0    00000200     ti.drv.qmss.ae66 : qmss_drv.oe66 (.text:Qmss_internalQueueOpen)
                  00848ea0    00000200     rts6600_elf.lib : _printfi.obj (.text:_pconv_g)
                  008490a0    00000200     sysbios.ae66 : c64p_Hwi_disp_always.obj (.text:_ti_sysbios_family_c64p_Hwi_dispatchAlways)
                  008492a0    00000200     ti.drv.cppi.ae66 : cppi_heap.oe66 (.text:cppi_internal_heap_add)
                  008494a0    00000200     ipc.ae66 : Ipc.obj (.text:ti_sdo_ipc_family_c647x_MultiProcSetup_init__I)
                  008496a0    000001e0     rts6600_elf.lib : imath40.obj (.text:__c6xabi_divul)
                  00849880    000001e0     sysbios.ae66 : BIOS.obj (.text:ti_sysbios_family_c64p_Exception_externalHandler__I)
                  00849a60    000001e0                  : BIOS.obj (.text:ti_sysbios_knl_Task_checkStacks__E)
                  00849c40    000001e0                  : BIOS.obj (.text:ti_sysbios_knl_Task_postInit__I)
                  00849e20    000001e0                  : BIOS.obj (.text:ti_sysbios_timers_timer64_Timer_getFreq__E)
                  0084a000    000001c0     ti.drv.cppi.ae66 : cppi_drv.oe66 (.text:Cppi_initCfg)
                  0084a1c0    000001c0     ti.drv.qmss.ae66 : qmss_drv.oe66 (.text:Qmss_internaldownloadFirmware)
                  0084a380    000001c0     sysbios.ae66 : BIOS.obj (.text:ti_sysbios_family_c64p_Exception_decodeMpfsr__I)
                  0084a540    000001c0                  : BIOS.obj (.text:ti_sysbios_gates_GateMutex_enter__E)
                  0084a700    000001c0                  : BIOS.obj (.text:ti_sysbios_timers_timer64_Timer_setPeriodMicroSecs__E)
                  0084a8c0    000001c0     ti.targets.rts6000.ae66 : Text.oe66 (.text:xdc_runtime_Text_putSite__F)
                  0084aa80    000001a0     rts6600_elf.lib : trgdrv.obj (.text:HOSTrename)
                  0084ac20    000001a0     ipc.ae66 : Ipc.obj (.text:SharedRegion_getHeap)
                  0084adc0    000001a0     rts6600_elf.lib : _printfi.obj (.text:_pconv_a)
                  0084af60    000001a0                     : frexp.obj (.text:frexp)
                  0084b100    000001a0     sysbios.ae66 : BIOS.obj (.text:ti_sysbios_heaps_HeapBuf_Module_startup__F)
                  0084b2a0    000001a0                  : BIOS.obj (.text:ti_sysbios_timers_timer64_Timer_start__E)
                  0084b440    00000180     ipc.ae66 : Ipc.obj (.text:MultiProc_setLocalId)
                  0084b5c0    00000180     sysbios.ae66 : c64p_Exception_asm.obj (.text)
                  0084b740    00000180     ipc.ae66 : Ipc.obj (.text:ti_sdo_ipc_Notify_Module_startup__F)
                  0084b8c0    00000180              : Ipc.obj (.text:ti_sdo_utils_NameServer_Module_startup__F)
                  0084ba40    00000180     sysbios.ae66 : BIOS.obj (.text:ti_sysbios_knl_Swi_schedule__I)
                  0084bbc0    00000180                  : BIOS.obj (.text:ti_sysbios_knl_Task_unblockI__E)
                  0084bd40    00000160     rts6600_elf.lib : copy_decompress_rle.obj (.text:__TI_decompress_rle_core)
                  0084bea0    00000160                     : _printfi.obj (.text:_mcpy)
                  0084c000    00000140     ti.csl.ae66 : csl_chip.oe66 (.text:CSL_chipReadReg)
                  0084c140    00000140     rts6600_elf.lib : fclose.obj (.text:__TI_closefile)
                  0084c280    00000140     boot.ae66 : autoinit.oe66 (.text:_auto_init_elf)
                  0084c3c0    00000140     rts6600_elf.lib : fflush.obj (.text:fflush)
                  0084c500    00000140                     : lowlev.obj (.text:getdevice)
                  0084c640    00000140                     : ldexp.obj (.text:ldexp)
                  0084c780    00000140     sysbios.ae66 : BIOS.obj (.text:ti_sysbios_family_c64p_Exception_Module_startup__F)
                  0084c8c0    00000140                  : BIOS.obj (.text:ti_sysbios_family_c64p_Hwi_Module_startup__F)
                  0084ca00    00000140                  : BIOS.obj (.text:ti_sysbios_family_c66_Cache_Module_startup__F)
                  0084cb40    00000140                  : BIOS.obj (.text:ti_sysbios_gates_GateSwi_enter__E)
                  0084cc80    00000140                  : BIOS.obj (.text:ti_sysbios_knl_Semaphore_Instance_init__F)
                  0084cdc0    00000140                  : BIOS.obj (.text:ti_sysbios_knl_Swi_post__E)
                  0084cf00    00000140                  : BIOS.obj (.text:ti_sysbios_knl_Task_Module_startup__F)
                  0084d040    00000140                  : BIOS.obj (.text:ti_sysbios_knl_Task_blockI__E)
                  0084d180    00000140     ti.targets.rts6000.ae66 : Text.oe66 (.text:xdc_runtime_Text_putLab__F)
                  0084d2c0    00000120     rts6600_elf.lib : fseek.obj (.text:fseek)
                  0084d3e0    00000120     ipc.ae66 : Ipc.obj (.text:ti_sdo_ipc_MessageQ_Module_startup__F)
                  0084d500    00000120     sysbios.ae66 : BIOS.obj (.text:ti_sysbios_BIOS_rtsUnlock__I)
                  0084d620    00000120                  : BIOS.obj (.text:ti_sysbios_knl_Clock_startI__E)
                  0084d740    00000120     ti.targets.rts6000.ae66 : Text.oe66 (.text:xdc_runtime_Text_putMod__F)
                  0084d860    00000100     rts6600_elf.lib : trgdrv.obj (.text:HOSTlseek)
                  0084d960    00000100                     : _io_perm.obj (.text:__TI_wrt_ok)
                  0084da60    00000100                     : _printfi.obj (.text:_ltostr)
                  0084db60    00000100                     : _printfi.obj (.text:_pproc_fflags)
                  0084dc60    00000100                     : atoi.obj (.text:atoi)
                  0084dd60    00000100     ipc.ae66 : Ipc.obj (.text:ti_sdo_ipc_Notify_Instance_finalize__F)
                  0084de60    00000100              : Ipc.obj (.text:ti_sdo_ipc_family_c647x_Interrupt_Module_startup__F)
                  0084df60    00000100              : Ipc.obj (.text:ti_sdo_ipc_gates_GateHWSem_Module_startup__F)
                  0084e060    00000100     sysbios.ae66 : BIOS.obj (.text:ti_sysbios_family_c64p_EventCombiner_dispatch__F)
                  0084e160    00000100                  : BIOS.obj (.text:ti_sysbios_gates_GateMutexPri_leave__E)
                  0084e260    00000100                  : BIOS.obj (.text:ti_sysbios_knl_Swi_restoreHwi__E)
                  0084e360    00000100                  : BIOS.obj (.text:ti_sysbios_timers_timer64_Timer_initDevice__I)
                  0084e460    00000100     ti.targets.rts6000.ae66 : Core-mem.oe66 (.text:xdc_runtime_Core_deleteObject__I)
                  0084e560    00000100                             : Startup.oe66 (.text:xdc_runtime_Startup_exec__F)
                  0084e660    00000100                             : Text.oe66 (.text:xdc_runtime_Text_visitRope2__I)
                  0084e760    000000e0     rts6600_elf.lib : trgdrv.obj (.text:HOSTopen)
                  0084e840    000000e0                     : trgdrv.obj (.text:HOSTwrite)
                  0084e920    000000e0                     : dtor_list.obj (.text:__cxa_finalize)
                  0084ea00    000000e0                     : _printfi.obj (.text:_div)
                  0084eae0    000000e0                     : lowlev.obj (.text:close)
                  0084ebc0    000000e0                     : copy_zero_init.obj (.text:decompress:ZI:__TI_zero_init)
                  0084eca0    000000e0                     : ltoa.obj (.text:ltoa)
                  0084ed80    000000e0                     : memset.obj (.text:memset)
                  0084ee60    000000e0                     : printf.obj (.text:printf)
                  0084ef40    000000e0     transport_t_pe66.oe66 (.text:ti_sdo_ipc_Notify_Object__create__S)
                  0084f020    000000e0     ti.targets.rts6000.ae66 : Error.oe66 (.text:xdc_runtime_Error_print__F)
                  0084f100    000000e0                             : Memory.oe66 (.text:xdc_runtime_Memory_alloc__F)
                  0084f1e0    000000c0     rts6600_elf.lib : trgdrv.obj (.text:HOSTread)
                  0084f2a0    000000c0                     : trgdrv.obj (.text:HOSTunlink)
                  0084f360    000000c0                     : dtor_list.obj (.text:_Z11__TI_atexitPFYvPvES_S_)
                  0084f420    000000c0                     : fflush.obj (.text:__TI_doflush)
                  0084f4e0    000000c0                     : divu.obj (.text:__divu)
                  0084f5a0    000000c0                     : _printfi.obj (.text:_ecpy)
                  0084f660    000000c0                     : exit.obj (.text:exit)
                  0084f720    000000c0     sysbios.ae66 : BIOS.obj (.text:ti_sysbios_BIOS_errorRaiseHook__I)
                  0084f7e0    000000c0                  : BIOS.obj (.text:ti_sysbios_gates_GateAll_leave__E)
                  0084f8a0    000000c0                  : BIOS.obj (.text:ti_sysbios_heaps_HeapMem_getStats__E)
                  0084f960    000000c0                  : BIOS.obj (.text:ti_sysbios_knl_Clock_logTick__E)
                  0084fa20    000000c0     transport_t_pe66.oe66 (.text:ti_sysbios_knl_Task_Object__create__S)
                  0084fae0    000000c0     sysbios.ae66 : BIOS.obj (.text:ti_sysbios_knl_Task_allBlockedFunction__I)
                  0084fba0    000000c0                  : BIOS.obj (.text:ti_sysbios_timers_timer64_Timer_startup__E)
                  0084fc60    000000c0     ti.targets.rts6000.ae66 : System.oe66 (.text:xdc_runtime_System_formatNum__I)
                  0084fd20    000000c0     transport_t_pe66.oe66 (.text:xdc_runtime_knl_GateThread_Object__create__S)
                  0084fde0    000000a0     ti.drv.cppi.ae66 : cppi_drv.oe66 (.text:Cppi_channelEnable)
                  0084fe80    000000a0     rts6600_elf.lib : trgdrv.obj (.text:HOSTclose)
                  0084ff20    000000a0     ti.drv.qmss.ae66 : qmss_drv.oe66 (.text:Qmss_startCfg)
                  0084ffc0    000000a0     rts6600_elf.lib : fopen.obj (.text:__TI_cleanup)
                  00850060    000000a0                     : remu.obj (.text:__remu)
                  00850100    000000a0     boot.ae66 : boot.oe66 (.text:_c_int00)
                  008501a0    000000a0     rts6600_elf.lib : _printfi.obj (.text:_fcpy)
                  00850240    000000a0                     : _printfi.obj (.text:_pconv_f)
                  008502e0    000000a0     ti.drv.cppi.ae66 : cppi_heap.oe66 (.text:cppi_internal_heap_malloc)
                  00850380    000000a0                      : cppi_listlib.oe66 (.text:cppi_list_cat)
                  00850420    000000a0     rts6600_elf.lib : memcpy64.obj (.text:memcpy)
                  008504c0    000000a0     sysbios.ae66 : BIOS.obj (.text:ti_sysbios_family_c64p_Hwi_getStackInfo__E)
                  00850560    000000a0                  : BIOS.obj (.text:ti_sysbios_gates_GateSwi_leave__E)
                  00850600    000000a0                  : BIOS.obj (.text:ti_sysbios_heaps_HeapMem_init__I)
                  008506a0    000000a0                  : BIOS.obj (.text:ti_sysbios_knl_Idle_run__E)
                  00850740    000000a0                  : BIOS.obj (.text:ti_sysbios_knl_Semaphore_pendTimeout__I)
                  008507e0    000000a0                  : BIOS.obj (.text:ti_sysbios_knl_Task_processVitalTaskFlag__I)
                  00850880    000000a0                  : BIOS.obj (.text:ti_sysbios_timers_timer64_Timer_stop__E)
                  00850920    000000a0     ti.targets.rts6000.ae66 : Assert.oe66 (.text:xdc_runtime_Assert_raise__I)
                  008509c0    000000a0                             : Text.oe66 (.text:xdc_runtime_Text_xprintf__I)
                  00850a60    00000080     ti.drv.qmss.ae66 : qmss_drv.oe66 (.text:Qmss_getMemRegQueueHandle)
                  00850ae0    00000080                      : qmss_drv.oe66 (.text:Qmss_queueOpen)
                  00850b60    00000080     rts6600_elf.lib : trgmsg.obj (.text:__TI_readmsg)
                  00850be0    00000080                     : trgmsg.obj (.text:__TI_writemsg)
                  00850c60    00000080                     : llshift.obj (.text:__c6xabi_llshl)
                  00850ce0    00000080     sysbios.ae66 : c62_TaskSupport_asm.obj (.text:_ti_sysbios_family_c62_TaskSupport_swap__E)
                  00850d60    00000080     ti.drv.cppi.ae66 : cppi_heap.oe66 (.text:cppi_internal_heap_cache_begin)
                  00850de0    00000080                      : cppi_listlib.oe66 (.text:cppi_list_remove)
                  00850e60    00000080     rts6600_elf.lib : lowlev.obj (.text:finddevice)
                  00850ee0    00000080                     : _printfi.obj (.text:incr_hex)
                  00850f60    00000080     transport_t_pe66.oe66 (.text:ti_sdo_utils_List_Object__create__S)
                  00850fe0    00000080     transport_t_pe66.oe66 (.text:ti_sysbios_BIOS_exitFunc__I)
                  00851060    00000080     sysbios.ae66 : BIOS.obj (.text:ti_sysbios_BIOS_registerRTSLock__I)
                  008510e0    00000080     transport_t_pe66.oe66 (.text:ti_sysbios_gates_GateAll_Object__create__S)
                  00851160    00000080     transport_t_pe66.oe66 (.text:ti_sysbios_gates_GateHwi_Object__create__S)
                  008511e0    00000080     transport_t_pe66.oe66 (.text:ti_sysbios_gates_GateMutexPri_Object__create__S)
                  00851260    00000080     transport_t_pe66.oe66 (.text:ti_sysbios_gates_GateMutex_Object__create__S)
                  008512e0    00000080     transport_t_pe66.oe66 (.text:ti_sysbios_gates_GateSwi_Object__create__S)
                  00851360    00000080     sysbios.ae66 : BIOS.obj (.text:ti_sysbios_hal_Hwi_checkStack:ti_sysbios_hal_Hwi_checkStack)
                  008513e0    00000080                  : BIOS.obj (.text:ti_sysbios_hal_Hwi_initStack:ti_sysbios_hal_Hwi_initStack)
                  00851460    00000080     transport_t_pe66.oe66 (.text:ti_sysbios_heaps_HeapMem_Object__create__S)
                  008514e0    00000080     sysbios.ae66 : BIOS.obj (.text:ti_sysbios_knl_Clock_Module_startup__F)
                  00851560    00000080     transport_t_pe66.oe66 (.text:ti_sysbios_knl_Clock_doTick__I)
                  008515e0    00000080     sysbios.ae66 : BIOS.obj (.text:ti_sysbios_knl_Clock_getTicks__E)
                  00851660    00000080     transport_t_pe66.oe66 (.text:ti_sysbios_knl_Queue_Object__create__S)
                  008516e0    00000080     transport_t_pe66.oe66 (.text:ti_sysbios_knl_Semaphore_Object__create__S)
                  00851760    00000080     sysbios.ae66 : BIOS.obj (.text:ti_sysbios_knl_Swi_startup__E)
                  008517e0    00000080                  : BIOS.obj (.text:ti_sysbios_knl_Task_restore__E)
                  00851860    00000080                  : BIOS.obj (.text:ti_sysbios_timers_timer64_Timer_getCount__E)
                  008518e0    00000080                  : BIOS.obj (.text:ti_sysbios_timers_timer64_Timer_getPeriod__E)
                  00851960    00000080     transport_t_pe66.oe66 (.text:ti_sysbios_xdcruntime_GateThreadSupport_Object__create__S)
                  008519e0    00000080     rts6600_elf.lib : lowlev.obj (.text:unlink)
                  00851a60    00000080     ti.targets.rts6000.ae66 : Core-label.oe66 (.text:xdc_runtime_Core_assignLabel__I)
                  00851ae0    00000080                             : Core-params.oe66 (.text:xdc_runtime_Core_assignParams__I)
                  00851b60    00000080                             : System.oe66 (.text:xdc_runtime_System_atexit__F)
                  00851be0    00000080                             : System.oe66 (.text:xdc_runtime_System_putchar__I)
                  00851c60    00000080                             : System.oe66 (.text:xdc_runtime_System_rtsExit__I)
                  00851ce0    00000080                             : Text.oe66 (.text:xdc_runtime_Text_printVisFxn__I)
                  00851d60    00000060     rts6600_elf.lib : frcmpyd_div.obj (.text:__TI_frcmpyd_div)
                  00851dc0    00000060                     : llshift.obj (.text:__c6xabi_llshru)
                  00851e20    00000060                     : imath64.obj (.text:_subcull)
                  00851e80    00000060     ti.drv.cppi.ae66 : cppi_listlib.oe66 (.text:cppi_list_add)
                  00851ee0    00000060                      : cppi_listlib.oe66 (.text:cppi_list_cache_invalidate)
                  00851f40    00000060     rts6600_elf.lib : lowlev.obj (.text:lseek)
                  00851fa0    00000060     transport_t_pe66.oe66 (.text:malloc)
                  00852000    00000060     rts6600_elf.lib : memccpy.obj (.text:memccpy)
                  00852060    00000060     sysbios.ae66 : BIOS.obj (.text:ti_sysbios_BIOS_rtsLock__I)
                  008520c0    00000060                  : BIOS.obj (.text:ti_sysbios_family_c62_TaskSupport_start__E)
                  00852120    00000060                  : BIOS.obj (.text:ti_sysbios_family_c64p_EventCombiner_Module_startup__F)
                  00852180    00000060                  : BIOS.obj (.text:ti_sysbios_family_c64p_EventCombiner_unused__F)
                  008521e0    00000060                  : BIOS.obj (.text:ti_sysbios_gates_GateAll_enter__E)
                  00852240    00000060     transport_t_pe66.oe66 (.text:ti_sysbios_gates_GateMutexPri_Object__delete__S)
                  008522a0    00000060     sysbios.ae66 : BIOS.obj (.text:ti_sysbios_gates_GateMutex_Instance_init__F)
                  00852300    00000060     transport_t_pe66.oe66 (.text:ti_sysbios_gates_GateMutex_Object__delete__S)
                  00852360    00000060     transport_t_pe66.oe66 (.text:ti_sysbios_knl_Semaphore_Object__delete__S)
                  008523c0    00000060     sysbios.ae66 : BIOS.obj (.text:ti_sysbios_knl_Swi_Module_startup__F)
                  00852420    00000060                  : BIOS.obj (.text:ti_sysbios_knl_Task_enter__I)
                  00852480    00000060                  : BIOS.obj (.text:ti_sysbios_knl_Task_sleepTimeout__I)
                  008524e0    00000060     transport_t_pe66.oe66 (.text:ti_sysbios_xdcruntime_GateThreadSupport_Object__delete__S)
                  00852540    00000060     rts6600_elf.lib : _printfi.obj (.text:val_hex)
                  008525a0    00000060                     : lowlev.obj (.text:write)
                  00852600    00000060     transport_t_pe66.oe66 (.text:xdc_runtime_GateNull_Object__create__S)
                  00852660    00000060     ti.targets.rts6000.ae66 : Memory.oe66 (.text:xdc_runtime_Memory_calloc__F)
                  008526c0    00000060                             : SysStd.oe66 (.text:xdc_runtime_SysStd_abort__F)
                  00852720    00000060                             : System.oe66 (.text:xdc_runtime_System_avprintf__F)
                  00852780    00000060                             : System.oe66 (.text:xdc_runtime_System_vprintf__F)
                  008527e0    00000060                             : Text.oe66 (.text:xdc_runtime_Text_cordText__F)
                  00852840    00000060     transport_t_pe66.oe66 (.text:xdc_runtime_knl_GateThread_Object__delete__S)
                  008528a0    00000040     ti.drv.qmss.ae66 : qmss_drv.oe66 (.text:Qmss_getMemRegDescSize)
                  008528e0    00000040     rts6600_elf.lib : isinf.obj (.text:__c6xabi_isinf)
                  00852920    00000040                     : _printfi.obj (.text:__c6xabi_isnan)
                  00852960    00000040                     : args_main.obj (.text:_args_main)
                  008529a0    00000040     sysbios.ae66 : c62_TaskSupport_asm.obj (.text:_ti_sysbios_family_c62_TaskSupport_buildTaskStack)
                  008529e0    00000040                  : c64p_Hwi_asm_switch.obj (.text:_ti_sysbios_family_xxx_Hwi_switchToIsrStack)
                  00852a20    00000040     transport_t_pe66.oe66 (.text:free)
                  00852a60    00000040     transport_t_pe66.oe66 (.text:ti_sdo_utils_NameServer_Object__get__S)
                  00852aa0    00000040     transport_t_pe66.oe66 (.text:ti_sysbios_BIOS_startFunc__I)
                  00852ae0    00000040     sysbios.ae66 : BIOS.obj (.text:ti_sysbios_family_c64p_Hwi_disableInterrupt__E)
                  00852b20    00000040                  : BIOS.obj (.text:ti_sysbios_family_c64p_Hwi_enableInterrupt__E)
                  00852b60    00000040     transport_t_pe66.oe66 (.text:ti_sysbios_gates_GateAll_Handle__label__S)
                  00852ba0    00000040     transport_t_pe66.oe66 (.text:ti_sysbios_gates_GateAll_Object__delete__S)
                  00852be0    00000040     transport_t_pe66.oe66 (.text:ti_sysbios_gates_GateHwi_Handle__label__S)
                  00852c20    00000040     transport_t_pe66.oe66 (.text:ti_sysbios_gates_GateHwi_Object__delete__S)
                  00852c60    00000040     transport_t_pe66.oe66 (.text:ti_sysbios_gates_GateMutexPri_Handle__label__S)
                  00852ca0    00000040     sysbios.ae66 : BIOS.obj (.text:ti_sysbios_gates_GateMutexPri_Instance_init__F)
                  00852ce0    00000040     transport_t_pe66.oe66 (.text:ti_sysbios_gates_GateMutexPri_Object__destruct__S)
                  00852d20    00000040     transport_t_pe66.oe66 (.text:ti_sysbios_gates_GateMutex_Handle__label__S)
                  00852d60    00000040     sysbios.ae66 : BIOS.obj (.text:ti_sysbios_gates_GateMutex_leave__E)
                  00852da0    00000040     transport_t_pe66.oe66 (.text:ti_sysbios_gates_GateSwi_Handle__label__S)
                  00852de0    00000040     transport_t_pe66.oe66 (.text:ti_sysbios_gates_GateSwi_Object__delete__S)
                  00852e20    00000040     transport_t_pe66.oe66 (.text:ti_sysbios_heaps_HeapMem_Handle__label__S)
                  00852e60    00000040     transport_t_pe66.oe66 (.text:ti_sysbios_heaps_HeapMem_Object__delete__S)
                  00852ea0    00000040     transport_t_pe66.oe66 (.text:ti_sysbios_heaps_HeapMem_Object__get__S)
                  00852ee0    00000040     transport_t_pe66.oe66 (.text:ti_sysbios_knl_Semaphore_Object__destruct__S)
                  00852f20    00000040     transport_t_pe66.oe66 (.text:ti_sysbios_knl_Swi_Object__get__S)
                  00852f60    00000040     transport_t_pe66.oe66 (.text:ti_sysbios_knl_Task_Object__get__S)
                  00852fa0    00000040     sysbios.ae66 : BIOS.obj (.text:ti_sysbios_xdcruntime_GateThreadSupport_Instance_init__F)
                  00852fe0    00000040     ti.targets.rts6000.ae66 : Error.oe66 (.text:xdc_runtime_Error_check__F)
                  00853020    00000040                             : Error.oe66 (.text:xdc_runtime_Error_init__F)
                  00853060    00000040     transport_t_pe66.oe66 (.text:xdc_runtime_GateNull_Handle__label__S)
                  008530a0    00000040     transport_t_pe66.oe66 (.text:xdc_runtime_GateNull_Object__delete__S)
                  008530e0    00000040     ti.targets.rts6000.ae66 : Gate.oe66 (.text:xdc_runtime_Gate_leaveSystem__F)
                  00853120    00000040                             : Memory.oe66 (.text:xdc_runtime_Memory_free__F)
                  00853160    00000040                             : Registry.oe66 (.text:xdc_runtime_Registry_findById__F)
                  008531a0    00000040                             : System.oe66 (.text:xdc_runtime_System_abort__F)
                  008531e0    00000040     transport_t_pe66.oe66 (.text:xdc_runtime_System_aprintf__E)
                  00853220    00000040     transport_t_pe66.oe66 (.text:xdc_runtime_System_printf__E)
                  00853260    00000040     ti.targets.rts6000.ae66 : Text.oe66 (.text:xdc_runtime_Text_ropeText__F)
                  008532a0    00000040     transport_t_pe66.oe66 (.text:xdc_runtime_knl_GateThread_Handle__label__S)
                  008532e0    00000040     ti.targets.rts6000.ae66 : GateThread.oe66 (.text:xdc_runtime_knl_GateThread_Instance_finalize__F)
                  00853320    00000040                             : GateThread.oe66 (.text:xdc_runtime_knl_GateThread_Instance_init__F)
                  00853360    00000020     ti.drv.cppi.ae66 : cppi_drv.oe66 (.text:Cppi_getFlowId)
                  00853380    00000020                      : cppi_drv.oe66 (.text:Cppi_init)
                  008533a0    00000020     ti.drv.qmss.ae66 : qmss_drv.oe66 (.text:Qmss_getQueueNumber)
                  008533c0    00000020                      : qmss_drv.oe66 (.text:Qmss_start)
                  008533e0    00000020     rts6600_elf.lib : errno.obj (.text:__c6xabi_errno_addr)
                  00853400    00000020                     : dtor_list.obj (.text:__cxa_atexit)
                  00853420    00000020                     : dtor_list.obj (.text:__cxa_ia64_exit)
                  00853440    00000020     ti.targets.rts6000.ae66 : xdc_noinit.oe66 (.text:__xdc__init)
                  00853460    00000020     rts6600_elf.lib : _lock.obj (.text:_nop)
                  00853480    00000020                     : printf.obj (.text:_outc)
                  008534a0    00000020                     : printf.obj (.text:_outs)
                  008534c0    00000020                     : _lock.obj (.text:_register_lock)
                  008534e0    00000020                     : _lock.obj (.text:_register_unlock)
                  00853500    00000020     sysbios.ae66 : c62_TaskSupport_asm.obj (.text:_ti_sysbios_family_c62_TaskSupport_glue)
                  00853520    00000020                  : c64p_Hwi_asm_switch.obj (.text:_ti_sysbios_family_xxx_Hwi_switchToTaskStack)
                  00853540    00000020     rts6600_elf.lib : exit.obj (.text:abort)
                  00853560    00000020                     : dtor_list.obj (.text:atexit)
                  00853580    00000020     ti.drv.cppi.ae66 : cppi_listlib.oe66 (.text:cppi_list_get_head)
                  008535a0    00000020                      : cppi_listlib.oe66 (.text:cppi_list_get_next)
                  008535c0    00000020     rts6600_elf.lib : copy_decompress_none.obj (.text:decompress:none:__TI_decompress_none)
                  008535e0    00000020                     : copy_decompress_rle.obj (.text:decompress:rle24:__TI_decompress_rle24)
                  00853600    00000020                     : fputc.obj (.text:putc)
                  00853620    00000020                     : fputc.obj (.text:putchar)
                  00853640    00000020     transport_t_pe66.oe66 (.text:ti_sdo_ipc_MessageQ_Object__get__S)
                  00853660    00000020     ipc.ae66 : Ipc.obj (.text:ti_sdo_utils_List_Instance_init__F)
                  00853680    00000020     transport_t_pe66.oe66 (.text:ti_sdo_utils_List_Object__destruct__S)
                  008536a0    00000020     transport_t_pe66.oe66 (.text:ti_sdo_utils_List_Object__get__S)
                  008536c0    00000020     ipc.ae66 : Ipc.obj (.text:ti_sdo_utils_MultiProc_getClusterId__F)
                  008536e0    00000020     transport_t_pe66.oe66 (.text:ti_sdo_utils_NameServer_Module__startupDone__F)
                  00853700    00000020     transport_t_pe66.oe66 (.text:ti_sysbios_BIOS_RtsGateProxy_enter__E)
                  00853720    00000020     transport_t_pe66.oe66 (.text:ti_sysbios_BIOS_RtsGateProxy_leave__E)
                  00853740    00000020     sysbios.ae66 : BIOS.obj (.text:ti_sysbios_BIOS_nullFunc__I)
                  00853760    00000020                  : BIOS.obj (.text:ti_sysbios_BIOS_setThreadType__E)
                  00853780    00000020                  : BIOS.obj (.text:ti_sysbios_BIOS_start__E)
                  008537a0    00000020     transport_t_pe66.oe66 (.text:ti_sysbios_family_c62_TaskSupport_Module__startupDone__S)
                  008537c0    00000020     sysbios.ae66 : BIOS.obj (.text:ti_sysbios_family_c62_TaskSupport_checkStack__E)
                  008537e0    00000020                  : BIOS.obj (.text:ti_sysbios_family_c62_TaskSupport_getStackAlignment__E)
                  00853800    00000020     transport_t_pe66.oe66 (.text:ti_sysbios_family_c64p_Hwi_Module__startupDone__F)
                  00853820    00000020     sysbios.ae66 : BIOS.obj (.text:ti_sysbios_family_c64p_Hwi_clearInterrupt__E)
                  00853840    00000020                  : BIOS.obj (.text:ti_sysbios_family_c64p_Hwi_startup__E)
                  00853860    00000020                  : BIOS.obj (.text:ti_sysbios_family_c64p_Hwi_switchFromBootStack__E)
                  00853880    00000020                  : BIOS.obj (.text:ti_sysbios_family_c64p_tci6488_TimerSupport_enable__E)
                  008538a0    00000020                  : BIOS.obj (.text:ti_sysbios_gates_GateAll_Instance_init__F)
                  008538c0    00000020                  : BIOS.obj (.text:ti_sysbios_gates_GateAll_query__F)
                  008538e0    00000020                  : BIOS.obj (.text:ti_sysbios_gates_GateHwi_Instance_init__F)
                  00853900    00000020                  : BIOS.obj (.text:ti_sysbios_gates_GateHwi_enter__E)
                  00853920    00000020                  : BIOS.obj (.text:ti_sysbios_gates_GateHwi_leave__E)
                  00853940    00000020                  : BIOS.obj (.text:ti_sysbios_gates_GateHwi_query__F)
                  00853960    00000020                  : BIOS.obj (.text:ti_sysbios_gates_GateMutexPri_Instance_finalize__F)
                  00853980    00000020                  : BIOS.obj (.text:ti_sysbios_gates_GateMutexPri_query__F)
                  008539a0    00000020                  : BIOS.obj (.text:ti_sysbios_gates_GateMutex_Instance_finalize__F)
                  008539c0    00000020                  : BIOS.obj (.text:ti_sysbios_gates_GateMutex_query__F)
                  008539e0    00000020                  : BIOS.obj (.text:ti_sysbios_gates_GateSwi_Instance_init__F)
                  00853a00    00000020                  : BIOS.obj (.text:ti_sysbios_gates_GateSwi_query__F)
                  00853a20    00000020     transport_t_pe66.oe66 (.text:ti_sysbios_hal_Hwi_HwiProxy_Module__startupDone__S)
                  00853a40    00000020     sysbios.ae66 : BIOS.obj (.text:ti_sysbios_hal_Hwi_Module_startup__F)
                  00853a60    00000020     transport_t_pe66.oe66 (.text:ti_sysbios_hal_Timer_Module__startupDone__F)
                  00853a80    00000020     sysbios.ae66 : BIOS.obj (.text:ti_sysbios_hal_Timer_Module_startup__F)
                  00853aa0    00000020     transport_t_pe66.oe66 (.text:ti_sysbios_hal_Timer_TimerProxy_Module__startupDone__S)
                  00853ac0    00000020     transport_t_pe66.oe66 (.text:ti_sysbios_hal_Timer_TimerProxy_getExpiredCounts__E)
                  00853ae0    00000020     transport_t_pe66.oe66 (.text:ti_sysbios_hal_Timer_TimerProxy_getPeriod__E)
                  00853b00    00000020     transport_t_pe66.oe66 (.text:ti_sysbios_hal_Timer_TimerProxy_setNextTick__E)
                  00853b20    00000020     transport_t_pe66.oe66 (.text:ti_sysbios_heaps_HeapBuf_Object__get__S)
                  00853b40    00000020     transport_t_pe66.oe66 (.text:ti_sysbios_heaps_HeapMem_Module_GateProxy_enter__E)
                  00853b60    00000020     transport_t_pe66.oe66 (.text:ti_sysbios_heaps_HeapMem_Module_GateProxy_leave__E)
                  00853b80    00000020     sysbios.ae66 : BIOS.obj (.text:ti_sysbios_heaps_HeapMem_isBlocking__E)
                  00853ba0    00000020                  : BIOS.obj (.text:ti_sysbios_knl_Idle_loop__E)
                  00853bc0    00000020                  : BIOS.obj (.text:ti_sysbios_knl_Queue_Instance_init__F)
                  00853be0    00000020     transport_t_pe66.oe66 (.text:ti_sysbios_knl_Queue_Object__destruct__S)
                  00853c00    00000020     transport_t_pe66.oe66 (.text:ti_sysbios_knl_Queue_Object__get__S)
                  00853c20    00000020     sysbios.ae66 : BIOS.obj (.text:ti_sysbios_knl_Queue_empty__E)
                  00853c40    00000020                  : BIOS.obj (.text:ti_sysbios_knl_Semaphore_Instance_finalize__F)
                  00853c60    00000020                  : BIOS.obj (.text:ti_sysbios_knl_Swi_disable__E)
                  00853c80    00000020     transport_t_pe66.oe66 (.text:ti_sysbios_knl_Task_Object__first__S)
                  00853ca0    00000020     transport_t_pe66.oe66 (.text:ti_sysbios_knl_Task_Object__next__S)
                  00853cc0    00000020     transport_t_pe66.oe66 (.text:ti_sysbios_knl_Task_Params__init__S)
                  00853ce0    00000020     transport_t_pe66.oe66 (.text:ti_sysbios_knl_Task_SupportProxy_Module__startupDone__S)
                  00853d00    00000020     sysbios.ae66 : BIOS.obj (.text:ti_sysbios_knl_Task_disable__E)
                  00853d20    00000020                  : BIOS.obj (.text:ti_sysbios_knl_Task_startup__E)
                  00853d40    00000020     transport_t_pe66.oe66 (.text:ti_sysbios_timers_timer64_Timer_Module__startupDone__F)
                  00853d60    00000020     sysbios.ae66 : BIOS.obj (.text:ti_sysbios_timers_timer64_Timer_setNextTick__E)
                  00853d80    00000020                  : BIOS.obj (.text:ti_sysbios_xdcruntime_GateThreadSupport_Instance_finalize__F)
                  00853da0    00000020                  : BIOS.obj (.text:ti_sysbios_xdcruntime_GateThreadSupport_enter__F)
                  00853dc0    00000020                  : BIOS.obj (.text:ti_sysbios_xdcruntime_GateThreadSupport_leave__F)
                  00853de0    00000020     ti.targets.rts6000.ae66 : GateNull.oe66 (.text:xdc_runtime_GateNull_enter__F)
                  00853e00    00000020                             : GateNull.oe66 (.text:xdc_runtime_GateNull_leave__F)
                  00853e20    00000020                             : GateNull.oe66 (.text:xdc_runtime_GateNull_query__F)
                  00853e40    00000020                             : Gate.oe66 (.text:xdc_runtime_Gate_enterSystem__F)
                  00853e60    00000020     transport_t_pe66.oe66 (.text:xdc_runtime_IHeap_alloc)
                  00853e80    00000020     transport_t_pe66.oe66 (.text:xdc_runtime_IHeap_free)
                  00853ea0    00000020     transport_t_pe66.oe66 (.text:xdc_runtime_Memory_HeapProxy_alloc__E)
                  00853ec0    00000020     transport_t_pe66.oe66 (.text:xdc_runtime_Memory_HeapProxy_free__E)
                  00853ee0    00000020     transport_t_pe66.oe66 (.text:xdc_runtime_Startup_Module__startupDone__S)
                  00853f00    00000020     transport_t_pe66.oe66 (.text:xdc_runtime_Startup_exec__I)
                  00853f20    00000020     transport_t_pe66.oe66 (.text:xdc_runtime_Startup_reset__I)
                  00853f40    00000020     ti.targets.rts6000.ae66 : Startup.oe66 (.text:xdc_runtime_Startup_rtsDone__F)
                  00853f60    00000020                             : SysStd.oe66 (.text:xdc_runtime_SysStd_exit__F)
                  00853f80    00000020                             : SysStd.oe66 (.text:xdc_runtime_SysStd_putch__F)
                  00853fa0    00000020                             : SysStd.oe66 (.text:xdc_runtime_SysStd_ready__F)
                  00853fc0    00000020     transport_t_pe66.oe66 (.text:xdc_runtime_System_Module_GateProxy_enter__E)
                  00853fe0    00000020     transport_t_pe66.oe66 (.text:xdc_runtime_System_Module_GateProxy_leave__E)
                  00854000    00000020     ti.targets.rts6000.ae66 : System.oe66 (.text:xdc_runtime_System_Module_startup__F)
                  00854020    00000020                             : System.oe66 (.text:xdc_runtime_System_exit__F)
                  00854040    00000020                             : System.oe66 (.text:xdc_runtime_System_lastFxn__I)
                  00854060    00000020                             : System.oe66 (.text:xdc_runtime_System_vsnprintf__F)
                  00854080    00000020     transport_t_pe66.oe66 (.text:xdc_runtime_Text_visitRope__I)
                  008540a0    00000020     transport_t_pe66.oe66 (.text:xdc_runtime_knl_GateThread_Module__startupDone__S)
                  008540c0    00000020     transport_t_pe66.oe66 (.text:xdc_runtime_knl_GateThread_Proxy_Object__create__S)
                  008540e0    00000020     transport_t_pe66.oe66 (.text:xdc_runtime_knl_GateThread_Proxy_Object__delete__S)
                  00854100    00000020     transport_t_pe66.oe66 (.text:xdc_runtime_knl_GateThread_Proxy_enter__E)
                  00854120    00000020     transport_t_pe66.oe66 (.text:xdc_runtime_knl_GateThread_Proxy_leave__E)
                  00854140    00000020     ti.targets.rts6000.ae66 : GateThread.oe66 (.text:xdc_runtime_knl_GateThread_enter__F)
                  00854160    00000020                             : GateThread.oe66 (.text:xdc_runtime_knl_GateThread_leave__F)

.stack     0    0085c9f0    00001000     UNINITIALIZED
                  0085c9f0    00000008     boot.ae66 : boot.oe66 (.stack)
                  0085c9f8    00000ff8     --HOLE--

.const     0    00854180    0000417a     
                  00854180    00002968     transport_t_pe66.oe66 (.const:xdc_runtime_Text_charTab__A)
                  00856ae8    00000683     sysbios.ae66 : BIOS.obj (.const:.string)
                  0085716b    00000001     --HOLE-- [fill = 0]
                  0085716c    00000004     ti.targets.rts6000.ae66 : Assert.oe66 (.const:.string)
                  00857170    00000400     transport_t_pe66.oe66 (.const:ti_sysbios_family_c66_Cache_marvalues__C)
                  00857570    00000178     transport_t_pe66.oe66 (.const:xdc_runtime_Text_nodeTab__A)
                  008576e8    00000101     rts6600_elf.lib : ctype.obj (.const:.string:_ctypes_)
                  008577e9    00000001     --HOLE-- [fill = 0]
                  008577ea    00000002     transport_t_pe66.oe66 (.const:ti_sdo_ipc_Notify_Module__id__C)
                  008577ec    000000cc     main_qmss.obj (.const:.string)
                  008578b8    000000b0     transport_t_pe66.oe66 (.const:.string)
                  00857968    00000058     ti.targets.rts6000.ae66 : Error.oe66 (.const:.string)
                  008579c0    00000044     transport_t_pe66.oe66 (.const:xdc_runtime_Startup_sfxnTab__A)
                  00857a04    00000040     ti.targets.rts6000.ae66 : Text.oe66 (.const:.string)
                  00857a44    0000003c     transport_t_pe66.oe66 (.const:ti_sysbios_knl_Task_Object__PARAMS__C)
                  00857a80    0000002c     ti.targets.rts6000.ae66 : Startup.oe66 (.const:.string)
                  00857aac    00000028     transport_t_pe66.oe66 (.const:ti_sysbios_heaps_HeapMem_Module__FXNS__C)
                  00857ad4    00000024     rts6600_elf.lib : _printfi.obj (.const:.string)
                  00857af8    00000024     transport_t_pe66.oe66 (.const:ti_sysbios_gates_GateAll_Module__FXNS__C)
                  00857b1c    00000024     transport_t_pe66.oe66 (.const:ti_sysbios_gates_GateHwi_Module__FXNS__C)
                  00857b40    00000024     transport_t_pe66.oe66 (.const:ti_sysbios_gates_GateMutexPri_Module__FXNS__C)
                  00857b64    00000024     transport_t_pe66.oe66 (.const:ti_sysbios_gates_GateMutex_Module__FXNS__C)
                  00857b88    00000024     transport_t_pe66.oe66 (.const:ti_sysbios_gates_GateSwi_Module__FXNS__C)
                  00857bac    00000024     transport_t_pe66.oe66 (.const:ti_sysbios_heaps_HeapMem_Object__PARAMS__C)
                  00857bd0    00000024     transport_t_pe66.oe66 (.const:ti_sysbios_knl_Semaphore_Object__PARAMS__C)
                  00857bf4    00000024     transport_t_pe66.oe66 (.const:xdc_runtime_GateNull_Module__FXNS__C)
                  00857c18    00000024     transport_t_pe66.oe66 (.const:xdc_runtime_knl_GateThread_Module__FXNS__C)
                  00857c3c    00000004     transport_t_pe66.oe66 (.const:ti_sdo_ipc_Ipc_A_nullArgument__C)
                  00857c40    00000022     transport_t_pe66.oe66 (.const:xdc_runtime_Startup_sfxnRts__A)
                  00857c62    00000002     transport_t_pe66.oe66 (.const:ti_sdo_ipc_Notify_numLines__C)
                  00857c64    00000020     transport_t_pe66.oe66 (.const:ti_sdo_ipc_Notify_Object__DESC__C)
                  00857c84    00000020     transport_t_pe66.oe66 (.const:ti_sdo_utils_List_Object__DESC__C)
                  00857ca4    00000020     transport_t_pe66.oe66 (.const:ti_sysbios_gates_GateAll_Object__DESC__C)
                  00857cc4    00000020     transport_t_pe66.oe66 (.const:ti_sysbios_gates_GateHwi_Object__DESC__C)
                  00857ce4    00000020     transport_t_pe66.oe66 (.const:ti_sysbios_gates_GateMutexPri_Object__DESC__C)
                  00857d04    00000020     transport_t_pe66.oe66 (.const:ti_sysbios_gates_GateMutex_Object__DESC__C)
                  00857d24    00000020     transport_t_pe66.oe66 (.const:ti_sysbios_gates_GateSwi_Object__DESC__C)
                  00857d44    00000020     transport_t_pe66.oe66 (.const:ti_sysbios_heaps_HeapMem_Object__DESC__C)
                  00857d64    00000020     transport_t_pe66.oe66 (.const:ti_sysbios_knl_Queue_Object__DESC__C)
                  00857d84    00000020     transport_t_pe66.oe66 (.const:ti_sysbios_knl_Semaphore_Object__DESC__C)
                  00857da4    00000020     transport_t_pe66.oe66 (.const:ti_sysbios_knl_Task_Object__DESC__C)
                  00857dc4    00000020     transport_t_pe66.oe66 (.const:ti_sysbios_xdcruntime_GateThreadSupport_Object__DESC__C)
                  00857de4    00000020     transport_t_pe66.oe66 (.const:xdc_runtime_GateNull_Object__DESC__C)
                  00857e04    00000020     transport_t_pe66.oe66 (.const:xdc_runtime_knl_GateThread_Object__DESC__C)
                  00857e24    00000018     transport_t_pe66.oe66 (.const:ti_sdo_ipc_Notify_Object__PARAMS__C)
                  00857e3c    00000018     transport_t_pe66.oe66 (.const:ti_sdo_utils_List_Object__PARAMS__C)
                  00857e54    00000018     transport_t_pe66.oe66 (.const:ti_sysbios_gates_GateAll_Object__PARAMS__C)
                  00857e6c    00000018     transport_t_pe66.oe66 (.const:ti_sysbios_gates_GateHwi_Object__PARAMS__C)
                  00857e84    00000018     transport_t_pe66.oe66 (.const:ti_sysbios_gates_GateMutexPri_Object__PARAMS__C)
                  00857e9c    00000018     transport_t_pe66.oe66 (.const:ti_sysbios_gates_GateMutex_Object__PARAMS__C)
                  00857eb4    00000018     transport_t_pe66.oe66 (.const:ti_sysbios_gates_GateSwi_Object__PARAMS__C)
                  00857ecc    00000018     transport_t_pe66.oe66 (.const:ti_sysbios_knl_Queue_Object__PARAMS__C)
                  00857ee4    00000004     transport_t_pe66.oe66 (.const:ti_sdo_ipc_MessageQ_Object__count__C)
                  00857ee8    00000018     transport_t_pe66.oe66 (.const:ti_sysbios_knl_Task_hooks__A)
                  00857f00    00000018     transport_t_pe66.oe66 (.const:ti_sysbios_xdcruntime_GateThreadSupport_Object__PARAMS__C)
                  00857f18    00000018     transport_t_pe66.oe66 (.const:xdc_runtime_GateNull_Object__PARAMS__C)
                  00857f30    00000018     transport_t_pe66.oe66 (.const:xdc_runtime_knl_GateThread_Object__PARAMS__C)
                  00857f48    00000008     ti.targets.rts6000.ae66 : System.oe66 (.const:.string)
                  00857f50    00000011                             : System.oe66 (.const:digtohex)
                  00857f61    00000001     --HOLE-- [fill = 0]
                  00857f62    00000002     transport_t_pe66.oe66 (.const:ti_sdo_ipc_SharedRegion_Module__id__C)
                  00857f64    00000004     transport_t_pe66.oe66 (.const:ti_sdo_ipc_Notify_A_alreadyRegistered__C)
                  00857f68    00000010     transport_t_pe66.oe66 (.const:ti_sysbios_family_c64p_EventCombiner_EVTMASK__C)
                  00857f78    00000010     transport_t_pe66.oe66 (.const:xdc_runtime_Startup_firstFxns__A)
                  00857f88    0000000c     transport_t_pe66.oe66 (.const:ti_sysbios_family_c66_Cache_initSize__C)
                  00857f94    00000004     transport_t_pe66.oe66 (.const:ti_sdo_ipc_Notify_A_invArgument__C)
                  00857f98    00000008     transport_t_pe66.oe66 (.const:ti_sdo_ipc_family_c647x_MultiProcSetup_procMap__A)
                  00857fa0    00000008     transport_t_pe66.oe66 (.const:ti_sysbios_knl_Idle_coreList__C)
                  00857fa8    00000008     transport_t_pe66.oe66 (.const:ti_sysbios_knl_Idle_funcList__C)
                  00857fb0    00000008     transport_t_pe66.oe66 (.const:ti_sysbios_knl_Task_hooks__C)
                  00857fb8    00000008     transport_t_pe66.oe66 (.const:xdc_runtime_Startup_firstFxns__C)
                  00857fc0    00000008     transport_t_pe66.oe66 (.const:xdc_runtime_Startup_lastFxns__C)
                  00857fc8    00000004     transport_t_pe66.oe66 (.const:ti_sdo_ipc_Notify_Module__diagsEnabled__C)
                  00857fcc    00000004     transport_t_pe66.oe66 (.const:ti_sdo_ipc_Notify_Module__diagsIncluded__C)
                  00857fd0    00000004     transport_t_pe66.oe66 (.const:ti_sdo_ipc_Notify_Module__diagsMask__C)
                  00857fd4    00000004     transport_t_pe66.oe66 (.const:ti_sdo_ipc_Notify_Object__heap__C)
                  00857fd8    00000004     transport_t_pe66.oe66 (.const:ti_sdo_ipc_Notify_numEvents__C)
                  00857fdc    00000004     transport_t_pe66.oe66 (.const:ti_sdo_ipc_SharedRegion_A_idTooLarge__C)
                  00857fe0    00000004     transport_t_pe66.oe66 (.const:ti_sdo_ipc_SharedRegion_Module__diagsEnabled__C)
                  00857fe4    00000004     transport_t_pe66.oe66 (.const:ti_sdo_ipc_SharedRegion_Module__diagsIncluded__C)
                  00857fe8    00000004     transport_t_pe66.oe66 (.const:ti_sdo_ipc_SharedRegion_Module__diagsMask__C)
                  00857fec    00000004     transport_t_pe66.oe66 (.const:ti_sdo_ipc_family_c647x_Interrupt_KICK0__C)
                  00857ff0    00000004     transport_t_pe66.oe66 (.const:ti_sdo_ipc_family_c647x_Interrupt_KICK1__C)
                  00857ff4    00000004     transport_t_pe66.oe66 (.const:ti_sdo_ipc_family_c647x_MultiProcSetup_A_invalidProcessor__C)
                  00857ff8    00000004     transport_t_pe66.oe66 (.const:ti_sdo_ipc_family_c647x_MultiProcSetup_Module__diagsEnabled__C)
                  00857ffc    00000004     transport_t_pe66.oe66 (.const:ti_sdo_ipc_family_c647x_MultiProcSetup_Module__diagsIncluded__C)
                  00858000    00000004     transport_t_pe66.oe66 (.const:ti_sdo_ipc_family_c647x_MultiProcSetup_Module__diagsMask__C)
                  00858004    00000004     transport_t_pe66.oe66 (.const:ti_sdo_ipc_family_c647x_MultiProcSetup_procMap__C)
                  00858008    00000004     transport_t_pe66.oe66 (.const:ti_sdo_ipc_gates_GateHWSem_baseAddr__C)
                  0085800c    00000004     transport_t_pe66.oe66 (.const:ti_sdo_ipc_gates_GateHWSem_numSems__C)
                  00858010    00000004     transport_t_pe66.oe66 (.const:ti_sdo_ipc_gates_GateHWSem_reservedMaskArr__A)
                  00858014    00000004     transport_t_pe66.oe66 (.const:ti_sdo_ipc_gates_GateHWSem_reservedMaskArr__C)
                  00858018    00000004     transport_t_pe66.oe66 (.const:ti_sdo_utils_MultiProc_A_invalidMultiProcId__C)
                  0085801c    00000004     transport_t_pe66.oe66 (.const:ti_sdo_utils_MultiProc_Module__diagsEnabled__C)
                  00858020    00000004     transport_t_pe66.oe66 (.const:ti_sdo_utils_MultiProc_Module__diagsIncluded__C)
                  00858024    00000004     transport_t_pe66.oe66 (.const:ti_sdo_utils_MultiProc_Module__diagsMask__C)
                  00858028    00000004     transport_t_pe66.oe66 (.const:ti_sdo_utils_NameServer_Instance_State_freeList__O)
                  0085802c    00000004     transport_t_pe66.oe66 (.const:ti_sdo_utils_NameServer_Object__count__C)
                  00858030    00000004     transport_t_pe66.oe66 (.const:ti_sysbios_BIOS_Module__diagsEnabled__C)
                  00858034    00000004     transport_t_pe66.oe66 (.const:ti_sysbios_BIOS_Module__diagsIncluded__C)
                  00858038    00000004     transport_t_pe66.oe66 (.const:ti_sysbios_BIOS_Module__diagsMask__C)
                  0085803c    00000004     transport_t_pe66.oe66 (.const:ti_sysbios_BIOS_installedErrorHook__C)
                  00858040    00000004     transport_t_pe66.oe66 (.const:ti_sysbios_family_c62_TaskSupport_stackAlignment__C)
                  00858044    00000004     transport_t_pe66.oe66 (.const:ti_sysbios_family_c64p_EventCombiner_E_unpluggedEvent__C)
                  00858048    00000004     transport_t_pe66.oe66 (.const:ti_sysbios_family_c64p_Exception_E_exceptionMax__C)
                  0085804c    00000004     transport_t_pe66.oe66 (.const:ti_sysbios_family_c64p_Exception_E_exceptionMin__C)
                  00858050    00000004     transport_t_pe66.oe66 (.const:ti_sysbios_family_c64p_Exception_exceptionHook__C)
                  00858054    00000004     transport_t_pe66.oe66 (.const:ti_sysbios_family_c64p_Exception_externalHook__C)
                  00858058    00000004     transport_t_pe66.oe66 (.const:ti_sysbios_family_c64p_Exception_internalHook__C)
                  0085805c    00000004     transport_t_pe66.oe66 (.const:ti_sysbios_family_c64p_Exception_nmiHook__C)
                  00858060    00000004     transport_t_pe66.oe66 (.const:ti_sysbios_family_c64p_Hwi_LD_end__C)
                  00858064    00000004     transport_t_pe66.oe66 (.const:ti_sysbios_family_c64p_Hwi_LM_begin__C)
                  00858068    00000004     transport_t_pe66.oe66 (.const:ti_sysbios_family_c64p_Hwi_Module__diagsEnabled__C)
                  0085806c    00000004     transport_t_pe66.oe66 (.const:ti_sysbios_family_c64p_Hwi_Module__diagsIncluded__C)
                  00858070    00000004     transport_t_pe66.oe66 (.const:ti_sysbios_family_c64p_Hwi_Module__diagsMask__C)
                  00858074    00000004     transport_t_pe66.oe66 (.const:ti_sysbios_family_c64p_Hwi_Module__loggerFxn1__C)
                  00858078    00000004     transport_t_pe66.oe66 (.const:ti_sysbios_family_c64p_Hwi_Module__loggerFxn8__C)
                  0085807c    00000004     transport_t_pe66.oe66 (.const:ti_sysbios_family_c64p_Hwi_Module__loggerObj__C)
                  00858080    00000004     transport_t_pe66.oe66 (.const:ti_sysbios_gates_GateMutexPri_A_badContext__C)
                  00858084    00000004     transport_t_pe66.oe66 (.const:ti_sysbios_gates_GateMutexPri_A_enterTaskDisabled__C)
                  00858088    00000004     transport_t_pe66.oe66 (.const:ti_sysbios_gates_GateMutexPri_Instance_State_pendQ__O)
                  0085808c    00000004     transport_t_pe66.oe66 (.const:ti_sysbios_gates_GateMutexPri_Module__diagsEnabled__C)
                  00858090    00000004     transport_t_pe66.oe66 (.const:ti_sysbios_gates_GateMutexPri_Module__diagsIncluded__C)
                  00858094    00000004     transport_t_pe66.oe66 (.const:ti_sysbios_gates_GateMutexPri_Module__diagsMask__C)
                  00858098    00000004     transport_t_pe66.oe66 (.const:ti_sysbios_gates_GateMutex_A_badContext__C)
                  0085809c    00000004     transport_t_pe66.oe66 (.const:ti_sysbios_gates_GateMutex_Instance_State_sem__O)
                  008580a0    00000004     transport_t_pe66.oe66 (.const:ti_sysbios_gates_GateMutex_Module__diagsEnabled__C)
                  008580a4    00000004     transport_t_pe66.oe66 (.const:ti_sysbios_gates_GateMutex_Module__diagsIncluded__C)
                  008580a8    00000004     transport_t_pe66.oe66 (.const:ti_sysbios_gates_GateMutex_Module__diagsMask__C)
                  008580ac    00000004     transport_t_pe66.oe66 (.const:ti_sysbios_gates_GateSwi_A_badContext__C)
                  008580b0    00000004     transport_t_pe66.oe66 (.const:ti_sysbios_gates_GateSwi_Module__diagsEnabled__C)
                  008580b4    00000004     transport_t_pe66.oe66 (.const:ti_sysbios_gates_GateSwi_Module__diagsIncluded__C)
                  008580b8    00000004     transport_t_pe66.oe66 (.const:ti_sysbios_gates_GateSwi_Module__diagsMask__C)
                  008580bc    00000004     transport_t_pe66.oe66 (.const:ti_sysbios_hal_Hwi_E_stackOverflow__C)
                  008580c0    00000004     transport_t_pe66.oe66 (.const:ti_sysbios_heaps_HeapBuf_Instance_State_freeList__O)
                  008580c4    00000004     transport_t_pe66.oe66 (.const:ti_sysbios_heaps_HeapBuf_Object__count__C)
                  008580c8    00000004     transport_t_pe66.oe66 (.const:ti_sysbios_heaps_HeapBuf_numConstructedHeaps__C)
                  008580cc    00000004     transport_t_pe66.oe66 (.const:ti_sysbios_heaps_HeapMem_A_align__C)
                  008580d0    00000004     transport_t_pe66.oe66 (.const:ti_sysbios_heaps_HeapMem_A_heapSize__C)
                  008580d4    00000004     transport_t_pe66.oe66 (.const:ti_sysbios_heaps_HeapMem_A_invalidFree__C)
                  008580d8    00000004     transport_t_pe66.oe66 (.const:ti_sysbios_heaps_HeapMem_A_zeroBlock__C)
                  008580dc    00000004     transport_t_pe66.oe66 (.const:ti_sysbios_heaps_HeapMem_E_memory__C)
                  008580e0    00000004     transport_t_pe66.oe66 (.const:ti_sysbios_heaps_HeapMem_Module__diagsEnabled__C)
                  008580e4    00000004     transport_t_pe66.oe66 (.const:ti_sysbios_heaps_HeapMem_Module__diagsIncluded__C)
                  008580e8    00000004     transport_t_pe66.oe66 (.const:ti_sysbios_heaps_HeapMem_Module__diagsMask__C)
                  008580ec    00000004     transport_t_pe66.oe66 (.const:ti_sysbios_heaps_HeapMem_Module__gateObj__C)
                  008580f0    00000004     transport_t_pe66.oe66 (.const:ti_sysbios_heaps_HeapMem_Object__count__C)
                  008580f4    00000004     transport_t_pe66.oe66 (.const:ti_sysbios_heaps_HeapMem_reqAlign__C)
                  008580f8    00000004     transport_t_pe66.oe66 (.const:ti_sysbios_knl_Clock_LM_begin__C)
                  008580fc    00000004     transport_t_pe66.oe66 (.const:ti_sysbios_knl_Clock_LM_tick__C)
                  00858100    00000004     transport_t_pe66.oe66 (.const:ti_sysbios_knl_Clock_LW_delayed__C)
                  00858104    00000004     transport_t_pe66.oe66 (.const:ti_sysbios_knl_Clock_Module_State_clockQ__O)
                  00858108    00000004     transport_t_pe66.oe66 (.const:ti_sysbios_knl_Clock_Module__diagsEnabled__C)
                  0085810c    00000004     transport_t_pe66.oe66 (.const:ti_sysbios_knl_Clock_Module__diagsIncluded__C)
                  00858110    00000004     transport_t_pe66.oe66 (.const:ti_sysbios_knl_Clock_Module__diagsMask__C)
                  00858114    00000004     transport_t_pe66.oe66 (.const:ti_sysbios_knl_Clock_Module__loggerFxn1__C)
                  00858118    00000004     transport_t_pe66.oe66 (.const:ti_sysbios_knl_Clock_Module__loggerFxn2__C)
                  0085811c    00000004     transport_t_pe66.oe66 (.const:ti_sysbios_knl_Clock_Module__loggerObj__C)
                  00858120    00000004     transport_t_pe66.oe66 (.const:ti_sysbios_knl_Clock_tickMode__C)
                  00858124    00000004     transport_t_pe66.oe66 (.const:ti_sysbios_knl_Clock_tickSource__C)
                  00858128    00000004     transport_t_pe66.oe66 (.const:ti_sysbios_knl_Idle_coreList__A)
                  0085812c    00000004     transport_t_pe66.oe66 (.const:ti_sysbios_knl_Semaphore_A_badContext__C)
                  00858130    00000004     transport_t_pe66.oe66 (.const:ti_sysbios_knl_Idle_funcList__A)
                  00858134    00000004     transport_t_pe66.oe66 (.const:ti_sysbios_knl_Semaphore_A_noEvents__C)
                  00858138    00000004     transport_t_pe66.oe66 (.const:ti_sysbios_knl_Semaphore_A_overflow__C)
                  0085813c    00000004     transport_t_pe66.oe66 (.const:ti_sysbios_knl_Semaphore_A_pendTaskDisabled__C)
                  00858140    00000004     transport_t_pe66.oe66 (.const:ti_sysbios_knl_Semaphore_Instance_State_pendQ__O)
                  00858144    00000004     transport_t_pe66.oe66 (.const:ti_sysbios_knl_Semaphore_LM_pend__C)
                  00858148    00000004     transport_t_pe66.oe66 (.const:ti_sysbios_knl_Semaphore_LM_post__C)
                  0085814c    00000004     transport_t_pe66.oe66 (.const:ti_sysbios_knl_Semaphore_Module__diagsEnabled__C)
                  00858150    00000004     transport_t_pe66.oe66 (.const:ti_sysbios_knl_Semaphore_Module__diagsIncluded__C)
                  00858154    00000004     transport_t_pe66.oe66 (.const:ti_sysbios_knl_Semaphore_Module__diagsMask__C)
                  00858158    00000004     transport_t_pe66.oe66 (.const:ti_sysbios_knl_Semaphore_Module__loggerFxn2__C)
                  0085815c    00000004     transport_t_pe66.oe66 (.const:ti_sysbios_knl_Semaphore_Module__loggerFxn4__C)
                  00858160    00000004     transport_t_pe66.oe66 (.const:ti_sysbios_knl_Semaphore_Module__loggerObj__C)
                  00858164    00000004     transport_t_pe66.oe66 (.const:ti_sysbios_knl_Swi_LD_end__C)
                  00858168    00000004     transport_t_pe66.oe66 (.const:ti_sysbios_knl_Swi_LM_begin__C)
                  0085816c    00000004     transport_t_pe66.oe66 (.const:ti_sysbios_knl_Swi_LM_post__C)
                  00858170    00000004     transport_t_pe66.oe66 (.const:ti_sysbios_knl_Swi_Module__diagsEnabled__C)
                  00858174    00000004     transport_t_pe66.oe66 (.const:ti_sysbios_knl_Swi_Module__diagsIncluded__C)
                  00858178    00000004     transport_t_pe66.oe66 (.const:ti_sysbios_knl_Swi_Module__diagsMask__C)
                  0085817c    00000004     transport_t_pe66.oe66 (.const:ti_sysbios_knl_Swi_Module__loggerFxn1__C)
                  00858180    00000004     transport_t_pe66.oe66 (.const:ti_sysbios_knl_Swi_Module__loggerFxn4__C)
                  00858184    00000004     transport_t_pe66.oe66 (.const:ti_sysbios_knl_Swi_Module__loggerObj__C)
                  00858188    00000004     transport_t_pe66.oe66 (.const:ti_sysbios_knl_Swi_Object__count__C)
                  0085818c    00000004     transport_t_pe66.oe66 (.const:ti_sysbios_knl_Task_A_badPriority__C)
                  00858190    00000004     transport_t_pe66.oe66 (.const:ti_sysbios_knl_Task_A_badTaskState__C)
                  00858194    00000004     transport_t_pe66.oe66 (.const:ti_sysbios_knl_Task_A_badThreadType__C)
                  00858198    00000004     transport_t_pe66.oe66 (.const:ti_sysbios_knl_Task_A_badTimeout__C)
                  0085819c    00000004     transport_t_pe66.oe66 (.const:ti_sysbios_knl_Task_A_noPendElem__C)
                  008581a0    00000004     transport_t_pe66.oe66 (.const:ti_sysbios_knl_Task_A_sleepTaskDisabled__C)
                  008581a4    00000004     transport_t_pe66.oe66 (.const:ti_sysbios_knl_Task_E_deleteNotAllowed__C)
                  008581a8    00000004     transport_t_pe66.oe66 (.const:ti_sysbios_knl_Task_E_spOutOfBounds__C)
                  008581ac    00000004     transport_t_pe66.oe66 (.const:ti_sysbios_knl_Task_E_stackOverflow__C)
                  008581b0    00000004     transport_t_pe66.oe66 (.const:ti_sysbios_knl_Task_LD_block__C)
                  008581b4    00000004     transport_t_pe66.oe66 (.const:ti_sysbios_knl_Task_LD_exit__C)
                  008581b8    00000004     transport_t_pe66.oe66 (.const:ti_sysbios_knl_Task_LD_ready__C)
                  008581bc    00000004     transport_t_pe66.oe66 (.const:ti_sysbios_knl_Task_LM_setPri__C)
                  008581c0    00000004     transport_t_pe66.oe66 (.const:ti_sysbios_knl_Task_LM_sleep__C)
                  008581c4    00000004     transport_t_pe66.oe66 (.const:ti_sysbios_knl_Task_LM_switch__C)
                  008581c8    00000004     transport_t_pe66.oe66 (.const:ti_sysbios_knl_Task_Module_State_inactiveQ__O)
                  008581cc    00000004     transport_t_pe66.oe66 (.const:ti_sysbios_knl_Task_Module_State_terminatedQ__O)
                  008581d0    00000004     transport_t_pe66.oe66 (.const:ti_sysbios_knl_Task_Module__diagsEnabled__C)
                  008581d4    00000004     transport_t_pe66.oe66 (.const:ti_sysbios_knl_Task_Module__diagsIncluded__C)
                  008581d8    00000004     transport_t_pe66.oe66 (.const:ti_sysbios_knl_Task_Module__diagsMask__C)
                  008581dc    00000004     transport_t_pe66.oe66 (.const:ti_sysbios_knl_Task_Module__loggerFxn2__C)
                  008581e0    00000004     transport_t_pe66.oe66 (.const:ti_sysbios_knl_Task_Module__loggerFxn4__C)
                  008581e4    00000004     transport_t_pe66.oe66 (.const:ti_sysbios_knl_Task_Module__loggerObj__C)
                  008581e8    00000004     transport_t_pe66.oe66 (.const:ti_sysbios_knl_Task_Object__count__C)
                  008581ec    00000004     transport_t_pe66.oe66 (.const:ti_sysbios_knl_Task_Object__heap__C)
                  008581f0    00000004     transport_t_pe66.oe66 (.const:ti_sysbios_knl_Task_allBlockedFunc__C)
                  008581f4    00000004     transport_t_pe66.oe66 (.const:ti_sysbios_knl_Task_defaultStackHeap__C)
                  008581f8    00000004     transport_t_pe66.oe66 (.const:ti_sysbios_knl_Task_defaultStackSize__C)
                  008581fc    00000004     transport_t_pe66.oe66 (.const:ti_sysbios_knl_Task_numConstructedTasks__C)
                  00858200    00000004     transport_t_pe66.oe66 (.const:ti_sysbios_knl_Task_numPriorities__C)
                  00858204    00000004     transport_t_pe66.oe66 (.const:ti_sysbios_timers_timer64_Timer_A_notAvailable__C)
                  00858208    00000004     transport_t_pe66.oe66 (.const:ti_sysbios_timers_timer64_Timer_E_cannotSupport__C)
                  0085820c    00000004     transport_t_pe66.oe66 (.const:ti_sysbios_timers_timer64_Timer_Module__diagsEnabled__C)
                  00858210    00000004     transport_t_pe66.oe66 (.const:ti_sysbios_timers_timer64_Timer_Module__diagsIncluded__C)
                  00858214    00000004     transport_t_pe66.oe66 (.const:ti_sysbios_timers_timer64_Timer_Module__diagsMask__C)
                  00858218    00000004     transport_t_pe66.oe66 (.const:ti_sysbios_timers_timer64_Timer_anyMask__C)
                  0085821c    00000004     transport_t_pe66.oe66 (.const:ti_sysbios_timers_timer64_Timer_freqDivisor__C)
                  00858220    00000004     transport_t_pe66.oe66 (.const:ti_sysbios_timers_timer64_Timer_numLocalTimers__C)
                  00858224    00000004     transport_t_pe66.oe66 (.const:ti_sysbios_timers_timer64_Timer_numTimerDevices__C)
                  00858228    00000004     transport_t_pe66.oe66 (.const:ti_sysbios_xdcruntime_GateThreadSupport_Instance_State_gate__O)
                  0085822c    00000004     transport_t_pe66.oe66 (.const:xdc_runtime_Assert_E_assertFailed__C)
                  00858230    00000004     transport_t_pe66.oe66 (.const:xdc_runtime_Core_A_initializedParams__C)
                  00858234    00000004     transport_t_pe66.oe66 (.const:xdc_runtime_Core_Module__diagsEnabled__C)
                  00858238    00000004     transport_t_pe66.oe66 (.const:xdc_runtime_Core_Module__diagsIncluded__C)
                  0085823c    00000004     transport_t_pe66.oe66 (.const:xdc_runtime_Core_Module__diagsMask__C)
                  00858240    00000004     transport_t_pe66.oe66 (.const:xdc_runtime_Error_E_memory__C)
                  00858244    00000004     transport_t_pe66.oe66 (.const:xdc_runtime_Error_Module__diagsEnabled__C)
                  00858248    00000004     transport_t_pe66.oe66 (.const:xdc_runtime_Error_Module__diagsIncluded__C)
                  0085824c    00000004     transport_t_pe66.oe66 (.const:xdc_runtime_Error_Module__diagsMask__C)
                  00858250    00000004     transport_t_pe66.oe66 (.const:xdc_runtime_Error_Module__loggerFxn8__C)
                  00858254    00000004     transport_t_pe66.oe66 (.const:xdc_runtime_Error_Module__loggerObj__C)
                  00858258    00000004     transport_t_pe66.oe66 (.const:xdc_runtime_Error_policy__C)
                  0085825c    00000004     transport_t_pe66.oe66 (.const:xdc_runtime_Error_raiseHook__C)
                  00858260    00000004     transport_t_pe66.oe66 (.const:xdc_runtime_IGateProvider_Interface__BASE__C)
                  00858264    00000004     transport_t_pe66.oe66 (.const:xdc_runtime_IHeap_Interface__BASE__C)
                  00858268    00000004     transport_t_pe66.oe66 (.const:xdc_runtime_IModule_Interface__BASE__C)
                  0085826c    00000004     transport_t_pe66.oe66 (.const:xdc_runtime_Log_L_error__C)
                  00858270    00000004     transport_t_pe66.oe66 (.const:xdc_runtime_Memory_defaultHeapInstance__C)
                  00858274    00000004     transport_t_pe66.oe66 (.const:xdc_runtime_Startup_execImpl__C)
                  00858278    00000004     transport_t_pe66.oe66 (.const:xdc_runtime_Startup_lastFxns__A)
                  0085827c    00000004     transport_t_pe66.oe66 (.const:xdc_runtime_Startup_maxPasses__C)
                  00858280    00000004     transport_t_pe66.oe66 (.const:xdc_runtime_Startup_sfxnRts__C)
                  00858284    00000004     transport_t_pe66.oe66 (.const:xdc_runtime_Startup_sfxnTab__C)
                  00858288    00000004     transport_t_pe66.oe66 (.const:xdc_runtime_System_Module__gateObj__C)
                  0085828c    00000004     transport_t_pe66.oe66 (.const:xdc_runtime_System_extendFxn__C)
                  00858290    00000004     transport_t_pe66.oe66 (.const:xdc_runtime_System_maxAtexitHandlers__C)
                  00858294    00000004     transport_t_pe66.oe66 (.const:xdc_runtime_Text_charTab__C)
                  00858298    00000004     transport_t_pe66.oe66 (.const:xdc_runtime_Text_nameEmpty__C)
                  0085829c    00000004     transport_t_pe66.oe66 (.const:xdc_runtime_Text_nameStatic__C)
                  008582a0    00000004     transport_t_pe66.oe66 (.const:xdc_runtime_Text_nameUnknown__C)
                  008582a4    00000004     transport_t_pe66.oe66 (.const:xdc_runtime_Text_nodeTab__C)
                  008582a8    00000004     transport_t_pe66.oe66 (.const:xdc_runtime_Text_visitRopeFxn__C)
                  008582ac    00000002     transport_t_pe66.oe66 (.const:ti_sdo_ipc_SharedRegion_numEntries__C)
                  008582ae    00000002     transport_t_pe66.oe66 (.const:ti_sdo_ipc_SharedRegion_translate__C)
                  008582b0    00000002     transport_t_pe66.oe66 (.const:ti_sdo_ipc_family_c647x_Interrupt_enableKick__C)
                  008582b2    00000002     transport_t_pe66.oe66 (.const:ti_sdo_ipc_family_c647x_MultiProcSetup_Module__id__C)
                  008582b4    00000002     transport_t_pe66.oe66 (.const:ti_sdo_utils_MultiProc_Module__id__C)
                  008582b6    00000002     transport_t_pe66.oe66 (.const:ti_sdo_utils_MultiProc_numProcessors__C)
                  008582b8    00000002     transport_t_pe66.oe66 (.const:ti_sysbios_BIOS_Module__id__C)
                  008582ba    00000002     transport_t_pe66.oe66 (.const:ti_sysbios_family_c64p_EventCombiner_Module__id__C)
                  008582bc    00000002     transport_t_pe66.oe66 (.const:ti_sysbios_family_c64p_Exception_Module__id__C)
                  008582be    00000002     transport_t_pe66.oe66 (.const:ti_sysbios_family_c64p_Exception_enableExternalMPC__C)
                  008582c0    00000002     transport_t_pe66.oe66 (.const:ti_sysbios_family_c64p_Exception_enablePrint__C)
                  008582c2    00000002     transport_t_pe66.oe66 (.const:ti_sysbios_family_c64p_Exception_useInternalBuffer__C)
                  008582c4    00000002     transport_t_pe66.oe66 (.const:ti_sysbios_family_c64p_Hwi_Module__id__C)
                  008582c6    00000002     transport_t_pe66.oe66 (.const:ti_sysbios_family_c64p_Hwi_Module__loggerDefined__C)
                  008582c8    00000002     transport_t_pe66.oe66 (.const:ti_sysbios_gates_GateMutexPri_Module__id__C)
                  008582ca    00000002     transport_t_pe66.oe66 (.const:ti_sysbios_gates_GateMutex_Module__id__C)
                  008582cc    00000002     transport_t_pe66.oe66 (.const:ti_sysbios_gates_GateSwi_Module__id__C)
                  008582ce    00000002     transport_t_pe66.oe66 (.const:ti_sysbios_hal_Hwi_Module__id__C)
                  008582d0    00000002     transport_t_pe66.oe66 (.const:ti_sysbios_heaps_HeapMem_Module__id__C)
                  008582d2    00000002     transport_t_pe66.oe66 (.const:ti_sysbios_knl_Clock_Module__id__C)
                  008582d4    00000002     transport_t_pe66.oe66 (.const:ti_sysbios_knl_Clock_Module__loggerDefined__C)
                  008582d6    00000002     transport_t_pe66.oe66 (.const:ti_sysbios_knl_Semaphore_Module__id__C)
                  008582d8    00000002     transport_t_pe66.oe66 (.const:ti_sysbios_knl_Semaphore_Module__loggerDefined__C)
                  008582da    00000002     transport_t_pe66.oe66 (.const:ti_sysbios_knl_Swi_Module__id__C)
                  008582dc    00000002     transport_t_pe66.oe66 (.const:ti_sysbios_knl_Swi_Module__loggerDefined__C)
                  008582de    00000002     transport_t_pe66.oe66 (.const:ti_sysbios_knl_Task_Module__id__C)
                  008582e0    00000002     transport_t_pe66.oe66 (.const:ti_sysbios_knl_Task_Module__loggerDefined__C)
                  008582e2    00000002     transport_t_pe66.oe66 (.const:ti_sysbios_knl_Task_deleteTerminatedTasks__C)
                  008582e4    00000002     transport_t_pe66.oe66 (.const:ti_sysbios_knl_Task_initStackFlag__C)
                  008582e6    00000002     transport_t_pe66.oe66 (.const:ti_sysbios_timers_timer64_Timer_Module__id__C)
                  008582e8    00000002     transport_t_pe66.oe66 (.const:ti_sysbios_timers_timer64_Timer_startupNeeded__C)
                  008582ea    00000002     transport_t_pe66.oe66 (.const:xdc_runtime_Core_Module__id__C)
                  008582ec    00000002     transport_t_pe66.oe66 (.const:xdc_runtime_Error_Module__loggerDefined__C)
                  008582ee    00000002     transport_t_pe66.oe66 (.const:xdc_runtime_Error_maxDepth__C)
                  008582f0    00000002     transport_t_pe66.oe66 (.const:xdc_runtime_Memory_Module__id__C)
                  008582f2    00000002     transport_t_pe66.oe66 (.const:xdc_runtime_Text_charCnt__C)
                  008582f4    00000002     transport_t_pe66.oe66 (.const:xdc_runtime_Text_isLoaded__C)
                  008582f6    00000002     transport_t_pe66.oe66 (.const:xdc_runtime_Text_registryModsLastId__C)
                  008582f8    00000002     transport_t_pe66.oe66 (.const:xdc_runtime_Text_unnamedModsLastId__C)

.cio       0    0085d9f0    00000120     UNINITIALIZED
                  0085d9f0    00000120     rts6600_elf.lib : trgmsg.obj (.cio)

.cinit     0    0085de00    00000d3c     
                  0085de00    00000ccf     (.cinit..fardata.load) [load image, compression = rle]
                  0085eacf    00000001     --HOLE-- [fill = 0]
                  0085ead0    0000000c     (__TI_handler_table)
                  0085eadc    0000000b     (.cinit..cppi.load) [load image, compression = rle]
                  0085eae7    00000001     --HOLE-- [fill = 0]
                  0085eae8    00000009     (.cinit..neardata.load) [load image, compression = rle]
                  0085eaf1    00000003     --HOLE-- [fill = 0]
                  0085eaf4    00000008     (.cinit..far.load) [load image, compression = zero_init]
                  0085eafc    00000008     (.cinit..qmss.load) [load image, compression = zero_init]
                  0085eb04    00000008     (.cinit.systemHeap.load) [load image, compression = zero_init]
                  0085eb0c    00000030     (__TI_cinit_table)

.switch    0    0085db10    000000a8     
                  0085db10    00000070     ti.csl.ae66 : csl_chip.oe66 (.switch:CSL_chipReadReg)
[...]
008581bc  ti_sysbios_knl_Task_LM_setPri__C                                 
008581c0  ti_sysbios_knl_Task_LM_sleep__C                                  
008581c4  ti_sysbios_knl_Task_LM_switch__C                                 
008581c8  ti_sysbios_knl_Task_Module_State_inactiveQ__O                    
008581cc  ti_sysbios_knl_Task_Module_State_terminatedQ__O                  
008581d0  ti_sysbios_knl_Task_Module__diagsEnabled__C                      
008581d4  ti_sysbios_knl_Task_Module__diagsIncluded__C                     
008581d8  ti_sysbios_knl_Task_Module__diagsMask__C                         
008581dc  ti_sysbios_knl_Task_Module__loggerFxn2__C                        
008581e0  ti_sysbios_knl_Task_Module__loggerFxn4__C                        
008581e4  ti_sysbios_knl_Task_Module__loggerObj__C                         
008581e8  ti_sysbios_knl_Task_Object__count__C                             
008581ec  ti_sysbios_knl_Task_Object__heap__C                              
008581f0  ti_sysbios_knl_Task_allBlockedFunc__C                            
008581f4  ti_sysbios_knl_Task_defaultStackHeap__C                          
008581f8  ti_sysbios_knl_Task_defaultStackSize__C                          
008581fc  ti_sysbios_knl_Task_numConstructedTasks__C                       
00858200  ti_sysbios_knl_Task_numPriorities__C                             
00858204  ti_sysbios_timers_timer64_Timer_A_notAvailable__C                
00858208  ti_sysbios_timers_timer64_Timer_E_cannotSupport__C               
0085820c  ti_sysbios_timers_timer64_Timer_Module__diagsEnabled__C          
00858210  ti_sysbios_timers_timer64_Timer_Module__diagsIncluded__C         
00858214  ti_sysbios_timers_timer64_Timer_Module__diagsMask__C             
00858218  ti_sysbios_timers_timer64_Timer_anyMask__C                       
0085821c  ti_sysbios_timers_timer64_Timer_freqDivisor__C                   
00858220  ti_sysbios_timers_timer64_Timer_numLocalTimers__C                
00858224  ti_sysbios_timers_timer64_Timer_numTimerDevices__C               
00858228  ti_sysbios_xdcruntime_GateThreadSupport_Instance_State_gate__O   
0085822c  xdc_runtime_Assert_E_assertFailed__C                             
00858230  xdc_runtime_Core_A_initializedParams__C                          
00858234  xdc_runtime_Core_Module__diagsEnabled__C                         
00858238  xdc_runtime_Core_Module__diagsIncluded__C                        
0085823c  xdc_runtime_Core_Module__diagsMask__C                            
00858240  xdc_runtime_Error_E_memory__C                                    
00858244  xdc_runtime_Error_Module__diagsEnabled__C                        
00858248  xdc_runtime_Error_Module__diagsIncluded__C                       
0085824c  xdc_runtime_Error_Module__diagsMask__C                           
00858250  xdc_runtime_Error_Module__loggerFxn8__C                          
00858254  xdc_runtime_Error_Module__loggerObj__C                           
00858258  xdc_runtime_Error_policy__C                                      
0085825c  xdc_runtime_Error_raiseHook__C                                   
00858260  xdc_runtime_IGateProvider_Interface__BASE__C                     
00858264  xdc_runtime_IHeap_Interface__BASE__C                             
00858268  xdc_runtime_IModule_Interface__BASE__C                           
0085826c  xdc_runtime_Log_L_error__C                                       
00858270  xdc_runtime_Memory_defaultHeapInstance__C                        
00858274  xdc_runtime_Startup_execImpl__C                                  
00858278  xdc_runtime_Startup_lastFxns__A                                  
0085827c  xdc_runtime_Startup_maxPasses__C                                 
00858280  xdc_runtime_Startup_sfxnRts__C                                   
00858284  xdc_runtime_Startup_sfxnTab__C                                   
00858288  xdc_runtime_System_Module__gateObj__C                            
0085828c  xdc_runtime_System_extendFxn__C                                  
00858290  xdc_runtime_System_maxAtexitHandlers__C                          
00858294  xdc_runtime_Text_charTab__C                                      
00858298  xdc_runtime_Text_nameEmpty__C                                    
0085829c  xdc_runtime_Text_nameStatic__C                                   
008582a0  xdc_runtime_Text_nameUnknown__C                                  
008582a4  xdc_runtime_Text_nodeTab__C                                      
008582a8  xdc_runtime_Text_visitRopeFxn__C                                 
008582ac  ti_sdo_ipc_SharedRegion_numEntries__C                            
008582ae  ti_sdo_ipc_SharedRegion_translate__C                             
008582b0  ti_sdo_ipc_family_c647x_Interrupt_enableKick__C                  
008582b2  ti_sdo_ipc_family_c647x_MultiProcSetup_Module__id__C             
008582b4  ti_sdo_utils_MultiProc_Module__id__C                             
008582b6  ti_sdo_utils_MultiProc_numProcessors__C                          
008582b8  ti_sysbios_BIOS_Module__id__C                                    
008582ba  ti_sysbios_family_c64p_EventCombiner_Module__id__C               
008582bc  ti_sysbios_family_c64p_Exception_Module__id__C                   
008582be  ti_sysbios_family_c64p_Exception_enableExternalMPC__C            
008582c0  ti_sysbios_family_c64p_Exception_enablePrint__C                  
008582c2  ti_sysbios_family_c64p_Exception_useInternalBuffer__C            
008582c4  ti_sysbios_family_c64p_Hwi_Module__id__C                         
008582c6  ti_sysbios_family_c64p_Hwi_Module__loggerDefined__C              
008582c8  ti_sysbios_gates_GateMutexPri_Module__id__C                      
008582ca  ti_sysbios_gates_GateMutex_Module__id__C                         
008582cc  ti_sysbios_gates_GateSwi_Module__id__C                           
008582ce  ti_sysbios_hal_Hwi_Module__id__C                                 
008582d0  ti_sysbios_heaps_HeapMem_Module__id__C                           
008582d2  ti_sysbios_knl_Clock_Module__id__C                               
008582d4  ti_sysbios_knl_Clock_Module__loggerDefined__C                    
008582d6  ti_sysbios_knl_Semaphore_Module__id__C                           
008582d8  ti_sysbios_knl_Semaphore_Module__loggerDefined__C                
008582da  ti_sysbios_knl_Swi_Module__id__C                                 
008582dc  ti_sysbios_knl_Swi_Module__loggerDefined__C                      
008582de  ti_sysbios_knl_Task_Module__id__C                                
008582e0  ti_sysbios_knl_Task_Module__loggerDefined__C                     
008582e2  ti_sysbios_knl_Task_deleteTerminatedTasks__C                     
008582e4  ti_sysbios_knl_Task_initStackFlag__C                             
008582e6  ti_sysbios_timers_timer64_Timer_Module__id__C                    
008582e8  ti_sysbios_timers_timer64_Timer_startupNeeded__C                 
008582ea  xdc_runtime_Core_Module__id__C                                   
008582ec  xdc_runtime_Error_Module__loggerDefined__C                       
008582ee  xdc_runtime_Error_maxDepth__C                                    
008582f0  xdc_runtime_Memory_Module__id__C                                 
008582f2  xdc_runtime_Text_charCnt__C                                      
008582f4  xdc_runtime_Text_isLoaded__C                                     
008582f6  xdc_runtime_Text_registryModsLastId__C                           
008582f8  xdc_runtime_Text_unnamedModsLastId__C                            
00858300  host_mono_region                                                 
00859300  mono_region                                                      
0085a300  ti_sysbios_knl_Task_Instance_State_0_stack__A                    
0085ab00  __TI_tmpnams                                                     
0085ac40  qmssLObj                                                         
0085ad60  tp                                                               
0085ada0  coreKey                                                          
0085adb0  ti_sdo_utils_NameServer_Module_State_0_nsRemoteHandle__A         
0085adc8  ti_sysbios_knl_Task_Instance_State_0_hookEnv__A                  
0085add0  ti_sdo_ipc_GateMP_Module_State_0_remoteCustom1Gates__A           
0085b5d0  ti_sdo_ipc_GateMP_Module__root__V                                
0085b5d8  ti_sdo_ipc_GateMP_Module__state__V                               
0085b620  ti_sdo_ipc_Ipc_Module__state__V                                  
0085b62c  ti_sdo_ipc_ListMP_Module__root__V                                
0085b634  ti_sdo_ipc_ListMP_Module__state__V                               
0085b638  ti_sdo_ipc_MessageQ_Module__root__V                              
0085b640  ti_sdo_ipc_MessageQ_Module__state__V                             
0085b65c  ti_sdo_ipc_Notify_Module__root__V                                
0085b664  ti_sdo_ipc_Notify_Module__state__V                               
0085b66c  ti_sdo_ipc_SharedRegion_Module__state__V                         
0085b670  ti_sdo_ipc_family_c647x_Interrupt_Module__state__V               
0085b67c  ti_sdo_ipc_gates_GateHWSem_Module__root__V                       
0085b684  ti_sdo_ipc_gates_GateMPSupportNull_Module__root__V               
0085b68c  ti_sdo_ipc_gates_GatePeterson_Module__root__V                    
0085b694  ti_sdo_ipc_heaps_HeapMemMP_Module__root__V                       
0085b69c  ti_sdo_ipc_heaps_HeapMemMP_Module__state__V                      
0085b6a0  ti_sdo_ipc_notifyDrivers_NotifyDriverShm_Module__root__V         
0085b6a8  ti_sdo_ipc_nsremote_NameServerRemoteNotify_Module__root__V       
0085b6b0  ti_sdo_ipc_transports_TransportShm_Module__root__V               
0085b6b8  ti_sdo_ipc_transports_TransportShmSetup_Module__state__V         
0085b6bc  ti_sdo_utils_List_Module__root__V                                
0085b6c4  ti_sdo_utils_MultiProc_Module__state__V                          
0085b6c8  ti_sdo_utils_NameServer_Module__root__V                          
0085b6d0  ti_sdo_utils_NameServer_Module__state__V                         
0085b6d8  ti_sdo_utils_NameServerRemoteNull_Module__root__V                
0085b6e0  ti_sysbios_BIOS_Module__state__V                                 
0085b700  ti_sysbios_family_c64p_EventCombiner_Module__state__V            
0085bb00  ti_sysbios_family_c64p_Exception_Module__state__V                
0085bb30  ti_sysbios_family_c64p_Hwi_Module__root__V                       
0085bb38  ti_sysbios_family_c64p_Hwi_Module__state__V                      
0085bba0  ti_sysbios_gates_GateAll_Module__root__V                         
0085bba8  ti_sysbios_gates_GateHwi_Module__root__V                         
0085bbb0  ti_sysbios_gates_GateMutex_Module__root__V                       
0085bbb8  ti_sysbios_gates_GateMutexPri_Module__root__V                    
0085bbc0  ti_sysbios_gates_GateSwi_Module__root__V                         
0085bbc8  ti_sysbios_hal_Hwi_Module__root__V                               
0085bbd0  ti_sysbios_hal_Timer_Module__root__V                             
0085bbd8  ti_sysbios_heaps_HeapBuf_Module__root__V                         
0085bbe0  ti_sysbios_heaps_HeapBuf_Module__state__V                        
0085bbe4  ti_sysbios_heaps_HeapMem_Module__root__V                         
0085bbec  ti_sysbios_knl_Clock_Module__root__V                             
0085bbf4  ti_sysbios_knl_Clock_Module__state__V                            
0085bc1c  ti_sysbios_knl_Queue_Module__root__V                             
0085bc24  ti_sysbios_knl_Semaphore_Module__root__V                         
0085bc2c  ti_sysbios_knl_Swi_Module__root__V                               
0085bc34  ti_sysbios_knl_Swi_Module__state__V                              
0085bc50  ti_sysbios_knl_Task_Module__root__V                              
0085bc58  ti_sysbios_knl_Task_Module__state__V                             
0085bc9c  ti_sysbios_syncs_SyncSem_Module__root__V                         
0085bca4  ti_sysbios_timers_timer64_Timer_Module__root__V                  
0085bcac  ti_sysbios_timers_timer64_Timer_Module__state__V                 
0085bcc0  ti_sysbios_xdcruntime_GateThreadSupport_Module__root__V          
0085bcc8  xdc_runtime_Error_Module__state__V                               
0085bccc  xdc_runtime_GateNull_Module__root__V                             
0085bcd4  xdc_runtime_Memory_Module__state__V                              
0085bcd8  xdc_runtime_Registry_Module__state__V                            
0085bce0  xdc_runtime_Startup_Module__state__V                             
0085bce8  xdc_runtime_System_Module__state__V                              
0085bcf4  xdc_runtime_Text_Module__state__V                                
0085bcfc  xdc_runtime_knl_GateThread_Module__root__V                       
0085bd04  __xdc__init__addr                                                
0085bd08  _ftable                                                          
0085bee8  cppiGblCfgParams                                                 
0085c028  qmssGblCfgParams                                                 
0085c148  ti_sdo_utils_NameServer_Object__table__V                         
0085c228  ti_sysbios_timers_timer64_Timer_Module_State_0_device__A         
0085c388  ti_sdo_ipc_SharedRegion_Module_State_0_regions__A                
0085c418  ti_sdo_ipc_GateMP_Module_State_0_remoteSystemGates__A            
0085c498  ti_sysbios_knl_Swi_Module_State_0_readyQ__A                      
0085c518  ti_sysbios_knl_Task_Module_State_0_readyQ__A                     
0085c610  ti_sysbios_family_c64p_Hwi_Object__table__V                      
0085c688  ti_sdo_ipc_Ipc_Module_State_0_procEntry__A                       
0085c6d8  TSK_idle                                                         
0085c6d8  ti_sysbios_knl_Task_Object__table__V                             
0085c724  _lock                                                            
0085c728  ti_sysbios_timers_timer64_Timer_Object__table__V                 
0085c774  _unlock                                                          
0085c778  ti_sysbios_gates_GateMutex_Object__table__V                      
0085c7b8  ti_sysbios_timers_timer64_Timer_Module_State_0_gctrl__A          
0085c7f8  ti_sysbios_timers_timer64_Timer_Module_State_0_handles__A        
0085c838  ti_sysbios_timers_timer64_Timer_Module_State_0_intFreqs__A       
0085c878  ti_sysbios_knl_Swi_Object__table__V                              
0085c8a8  ti_sdo_ipc_MessageQ_Module_State_0_heaps__A                      
0085c8c8  ti_sdo_ipc_MessageQ_Module_State_0_transports__A                 
0085c8e8  xdc_runtime_System_Module_State_0_atexitHandlers__A              
0085c908  ti_sysbios_gates_GateMutexPri_Object__table__V                   
0085c920  ti_sysbios_heaps_HeapMem_Object__table__V                        
0085c938  ti_sdo_ipc_Notify_Module_State_0_notifyHandles__A                
0085c948  ti_sdo_ipc_family_c647x_Interrupt_Module_State_0_args__A         
0085c958  ti_sdo_ipc_transports_TransportShmSetup_Module_State_0_handles__A
0085c968  ti_sysbios_gates_GateAll_Object__table__V                        
0085c978  __TI_cleanup_ptr                                                 
0085c97c  __TI_dtors_ptr                                                   
0085c980  __TI_enable_exit_profile_output                                  
0085c984  __TI_ft_end                                                      
0085c988  ti_sysbios_gates_GateSwi_Object__table__V                        
0085c998  ti_sysbios_hal_Hwi_Object__table__V                              
0085c9a0  ti_sysbios_hal_Timer_Object__table__V                            
0085c9a8  __errno                                                          
0085c9a8  errno                                                            
0085c9ac  cppiLObj                                                         
0085c9b0  ti_sdo_ipc_GateMP_Module_State_0_remoteCustom2Gates__A           
0085c9b8  ti_sdo_ipc_Notify_Module_State_0_notifyHandles_0__A              
0085c9c0  ti_sdo_ipc_Notify_Module_State_0_notifyHandles_1__A              
0085c9c8  ti_sdo_ipc_Notify_Module_State_0_notifyHandles_2__A              
0085c9d0  ti_sdo_ipc_Notify_Module_State_0_notifyHandles_3__A              
0085c9d8  ti_sysbios_gates_GateHwi_Object__table__V                        
0085c9e0  ti_sysbios_knl_Task_Module_State_0_idleTask__A                   
0085c9e8  xdc_runtime_GateNull_Object__table__V                            
0085c9f0  _stack                                                           
0085d9f0  __CIOBUF_                                                        
0085d9f0  __TI_STACK_END                                                   
0085dbb8  __TI_STATIC_BASE                                                 
0085dbb8  fftcMallocCounter                                                
0085dbbc  fftcFreeCounter                                                  
0085dbc0  fftcCppiMallocCounter                                            
0085dbc4  fftcCppiFreeCounter                                              
0085dbc8  fftcQmssMallocCounter                                            
0085dbcc  fftcQmssFreeCounter                                              
0085dbd0  qmssLObjIsValid                                                  
0085dc00  ti_sysbios_family_c64p_Hwi0                                      
0085dc00  ti_sysbios_family_c64p_Hwi_int0                                  
0085dc20  ti_sysbios_family_c64p_Hwi_int1                                  
0085dc40  ti_sysbios_family_c64p_Hwi_int2                                  
0085dc60  ti_sysbios_family_c64p_Hwi_int3                                  
0085dc80  ti_sysbios_family_c64p_Hwi_int4                                  
0085dca0  ti_sysbios_family_c64p_Hwi_int5                                  
0085dcc0  ti_sysbios_family_c64p_Hwi_int6                                  
0085dce0  ti_sysbios_family_c64p_Hwi_int7                                  
0085dd00  ti_sysbios_family_c64p_Hwi_int8                                  
0085dd20  ti_sysbios_family_c64p_Hwi_int9                                  
0085dd40  ti_sysbios_family_c64p_Hwi_int10                                 
0085dd60  ti_sysbios_family_c64p_Hwi_int11                                 
0085dd80  ti_sysbios_family_c64p_Hwi_int12                                 
0085dda0  ti_sysbios_family_c64p_Hwi_int13                                 
0085ddc0  ti_sysbios_family_c64p_Hwi_int14                                 
0085dde0  ti_sysbios_family_c64p_Hwi_int15                                 
0085ead0  __TI_Handler_Table_Base                                          
0085eadc  __TI_Handler_Table_Limit                                         
0085eb0c  __TI_CINIT_Base                                                  
0085eb3c  __TI_CINIT_Limit                                                 
0c000000  queueFree                                                        
0c002000  qmssGObj                                                         
0c002400  cppiObject                                                       
0c002880  cppiHnd                                                          
ffffffff  __TI_pprof_out_hndl                                              
ffffffff  __TI_prof_data_size                                              
ffffffff  __TI_prof_data_start                                             
ffffffff  __binit__                                                        
ffffffff  __c_args__                                                       
ffffffff  binit                                                            
UNDEFED   __TI_INITARRAY_Base                                              
UNDEFED   __TI_INITARRAY_Limit                                             

[945 symbols]
